  Determining projects to restore...
C:\Users\siebe\Documents\GitHub\Interdisciplinair-Project\InterdisciplinairProject.Features\Show\Show.csproj : warning NU1701: Package 'Microsoft.Xaml.Behaviors.Wpf 1.1.135' was restored using '.NETFramework,Version=v4.6.1, .NETFramework,Version=v4.6.2, .NETFramework,Version=v4.7, .NETFramework,Version=v4.7.1, .NETFramework,Version=v4.7.2, .NETFramework,Version=v4.8, .NETFramework,Version=v4.8.1' instead of the project target framework 'net8.0'. This package may not be fully compatible with your project. [C:\Users\siebe\Documents\GitHub\Interdisciplinair-Project\InterdisciplinairProject\InterdisciplinairProject.csproj]
C:\Users\siebe\Documents\GitHub\Interdisciplinair-Project\InterdisciplinairProject.Features\Fixture\Fixture.csproj : warning NU1701: Package 'Microsoft.Xaml.Behaviors.Wpf 1.1.135' was restored using '.NETFramework,Version=v4.6.1, .NETFramework,Version=v4.6.2, .NETFramework,Version=v4.7, .NETFramework,Version=v4.7.1, .NETFramework,Version=v4.7.2, .NETFramework,Version=v4.8, .NETFramework,Version=v4.8.1' instead of the project target framework 'net8.0'. This package may not be fully compatible with your project. [C:\Users\siebe\Documents\GitHub\Interdisciplinair-Project\InterdisciplinairProject\InterdisciplinairProject.csproj]
C:\Users\siebe\Documents\GitHub\Interdisciplinair-Project\InterdisciplinairProject.Features\Scene\Scene.csproj : warning NU1701: Package 'Microsoft.Xaml.Behaviors.Wpf 1.1.135' was restored using '.NETFramework,Version=v4.6.1, .NETFramework,Version=v4.6.2, .NETFramework,Version=v4.7, .NETFramework,Version=v4.7.1, .NETFramework,Version=v4.7.2, .NETFramework,Version=v4.8, .NETFramework,Version=v4.8.1' instead of the project target framework 'net8.0'. This package may not be fully compatible with your project. [C:\Users\siebe\Documents\GitHub\Interdisciplinair-Project\InterdisciplinairProject\InterdisciplinairProject.csproj]
C:\Users\siebe\Documents\GitHub\Interdisciplinair-Project\InterdisciplinairProject.Core\InterdisciplinairProject.Core.csproj : warning NU1701: Package 'Microsoft.Xaml.Behaviors.Wpf 1.1.135' was restored using '.NETFramework,Version=v4.6.1, .NETFramework,Version=v4.6.2, .NETFramework,Version=v4.7, .NETFramework,Version=v4.7.1, .NETFramework,Version=v4.7.2, .NETFramework,Version=v4.8, .NETFramework,Version=v4.8.1' instead of the project target framework 'net8.0'. This package may not be fully compatible with your project. [C:\Users\siebe\Documents\GitHub\Interdisciplinair-Project\InterdisciplinairProject\InterdisciplinairProject.csproj]
  All projects are up-to-date for restore.
C:\Users\siebe\Documents\GitHub\Interdisciplinair-Project\InterdisciplinairProject.Features\Scene\Scene.csproj : warning NU1701: Package 'Microsoft.Xaml.Behaviors.Wpf 1.1.135' was restored using '.NETFramework,Version=v4.6.1, .NETFramework,Version=v4.6.2, .NETFramework,Version=v4.7, .NETFramework,Version=v4.7.1, .NETFramework,Version=v4.7.2, .NETFramework,Version=v4.8, .NETFramework,Version=v4.8.1' instead of the project target framework 'net8.0'. This package may not be fully compatible with your project.
C:\Users\siebe\Documents\GitHub\Interdisciplinair-Project\InterdisciplinairProject.Core\InterdisciplinairProject.Core.csproj : warning NU1701: Package 'Microsoft.Xaml.Behaviors.Wpf 1.1.135' was restored using '.NETFramework,Version=v4.6.1, .NETFramework,Version=v4.6.2, .NETFramework,Version=v4.7, .NETFramework,Version=v4.7.1, .NETFramework,Version=v4.7.2, .NETFramework,Version=v4.8, .NETFramework,Version=v4.8.1' instead of the project target framework 'net8.0'. This package may not be fully compatible with your project.
C:\Users\siebe\Documents\GitHub\Interdisciplinair-Project\InterdisciplinairProject.Features\Fixture\Fixture.csproj : warning NU1701: Package 'Microsoft.Xaml.Behaviors.Wpf 1.1.135' was restored using '.NETFramework,Version=v4.6.1, .NETFramework,Version=v4.6.2, .NETFramework,Version=v4.7, .NETFramework,Version=v4.7.1, .NETFramework,Version=v4.7.2, .NETFramework,Version=v4.8, .NETFramework,Version=v4.8.1' instead of the project target framework 'net8.0'. This package may not be fully compatible with your project.
C:\Users\siebe\Documents\GitHub\Interdisciplinair-Project\InterdisciplinairProject.Features\Show\Show.csproj : warning NU1701: Package 'Microsoft.Xaml.Behaviors.Wpf 1.1.135' was restored using '.NETFramework,Version=v4.6.1, .NETFramework,Version=v4.6.2, .NETFramework,Version=v4.7, .NETFramework,Version=v4.7.1, .NETFramework,Version=v4.7.2, .NETFramework,Version=v4.8, .NETFramework,Version=v4.8.1' instead of the project target framework 'net8.0'. This package may not be fully compatible with your project.
  InterdisciplinairProject.Core -> C:\Users\siebe\Documents\GitHub\Interdisciplinair-Project\InterdisciplinairProject.Core\bin\Debug\net8.0\InterdisciplinairProject.Core.dll
  Fixture -> C:\Users\siebe\Documents\GitHub\Interdisciplinair-Project\InterdisciplinairProject.Features\Fixture\bin\Debug\net8.0\Fixture.dll
  Scene -> C:\Users\siebe\Documents\GitHub\Interdisciplinair-Project\InterdisciplinairProject.Features\Scene\bin\Debug\net8.0\Scene.dll
  Show -> C:\Users\siebe\Documents\GitHub\Interdisciplinair-Project\InterdisciplinairProject.Features\Show\bin\Debug\net8.0\Show.dll
C:\Users\siebe\Documents\GitHub\Interdisciplinair-Project\InterdisciplinairProject\App.xaml.cs(4,7): warning CS0105: The using directive for 'InterdisciplinairProject.ViewModels' appeared previously in this namespace [C:\Users\siebe\Documents\GitHub\Interdisciplinair-Project\InterdisciplinairProject\InterdisciplinairProject_n5o14qfd_wpftmp.csproj]
C:\Users\siebe\Documents\GitHub\Interdisciplinair-Project\InterdisciplinairProject\App.xaml.cs(5,7): warning CS0105: The using directive for 'Microsoft.Extensions.DependencyInjection' appeared previously in this namespace [C:\Users\siebe\Documents\GitHub\Interdisciplinair-Project\InterdisciplinairProject\InterdisciplinairProject_n5o14qfd_wpftmp.csproj]
C:\Users\siebe\Documents\GitHub\Interdisciplinair-Project\InterdisciplinairProject\Fixtures\Views\FixtureCreateView.xaml.cs(4,7): warning CS0105: The using directive for 'System.Windows' appeared previously in this namespace [C:\Users\siebe\Documents\GitHub\Interdisciplinair-Project\InterdisciplinairProject\InterdisciplinairProject_n5o14qfd_wpftmp.csproj]
C:\Users\siebe\Documents\GitHub\Interdisciplinair-Project\InterdisciplinairProject\ViewModels\FixtureChannelInfoViewModel.cs(3,7): warning CS0105: The using directive for 'InterdisciplinairProject.Core.Models' appeared previously in this namespace [C:\Users\siebe\Documents\GitHub\Interdisciplinair-Project\InterdisciplinairProject\InterdisciplinairProject_n5o14qfd_wpftmp.csproj]
C:\Users\siebe\Documents\GitHub\Interdisciplinair-Project\InterdisciplinairProject\ViewModels\CreateShowViewModel.cs(33,50): warning CS8612: Nullability of reference types in type of 'event PropertyChangedEventHandler CreateShowViewModel.PropertyChanged' doesn't match implicitly implemented member 'event PropertyChangedEventHandler? INotifyPropertyChanged.PropertyChanged'. [C:\Users\siebe\Documents\GitHub\Interdisciplinair-Project\InterdisciplinairProject\InterdisciplinairProject_n5o14qfd_wpftmp.csproj]
C:\Users\siebe\Documents\GitHub\Interdisciplinair-Project\InterdisciplinairProject\ViewModels\CreateShowViewModel.cs(62,54): warning CS8625: Cannot convert null literal to non-nullable reference type. [C:\Users\siebe\Documents\GitHub\Interdisciplinair-Project\InterdisciplinairProject\InterdisciplinairProject_n5o14qfd_wpftmp.csproj]
C:\Users\siebe\Documents\GitHub\Interdisciplinair-Project\InterdisciplinairProject\Views\Scene\FixtureRegistryDialog.xaml.cs(407,54): warning CS8612: Nullability of reference types in type of 'event PropertyChangedEventHandler EffectRow.PropertyChanged' doesn't match implicitly implemented member 'event PropertyChangedEventHandler? INotifyPropertyChanged.PropertyChanged'. [C:\Users\siebe\Documents\GitHub\Interdisciplinair-Project\InterdisciplinairProject\InterdisciplinairProject_n5o14qfd_wpftmp.csproj]
C:\Users\siebe\Documents\GitHub\Interdisciplinair-Project\InterdisciplinairProject\ViewModels\SceneControlViewModel.cs(140,26): error CS7036: There is no argument given that corresponds to the required parameter 'scene' of 'SceneSettingsWindow.SceneSettingsWindow(Scene)' [C:\Users\siebe\Documents\GitHub\Interdisciplinair-Project\InterdisciplinairProject\InterdisciplinairProject_n5o14qfd_wpftmp.csproj]
C:\Users\siebe\Documents\GitHub\Interdisciplinair-Project\InterdisciplinairProject\ViewModels\SceneControlViewModel.cs(168,60): warning CS8604: Possible null reference argument for parameter 'targetScene' in 'Task ShowbuilderViewModel.FadeToAndActivateAsync(Scene targetScene, int targetDimmer)'. [C:\Users\siebe\Documents\GitHub\Interdisciplinair-Project\InterdisciplinairProject\InterdisciplinairProject_n5o14qfd_wpftmp.csproj]
C:\Users\siebe\Documents\GitHub\Interdisciplinair-Project\InterdisciplinairProject\ViewModels\SceneControlViewModel.cs(182,36): warning CS8602: Dereference of a possibly null reference. [C:\Users\siebe\Documents\GitHub\Interdisciplinair-Project\InterdisciplinairProject\InterdisciplinairProject_n5o14qfd_wpftmp.csproj]
C:\Users\siebe\Documents\GitHub\Interdisciplinair-Project\InterdisciplinairProject\Fixtures\Converters\ByteArrayToImageConverter.cs(33,28): warning CS8603: Possible null reference return. [C:\Users\siebe\Documents\GitHub\Interdisciplinair-Project\InterdisciplinairProject\InterdisciplinairProject_n5o14qfd_wpftmp.csproj]
C:\Users\siebe\Documents\GitHub\Interdisciplinair-Project\InterdisciplinairProject\Fixtures\Converters\ByteArrayToImageConverter.cs(36,20): warning CS8603: Possible null reference return. [C:\Users\siebe\Documents\GitHub\Interdisciplinair-Project\InterdisciplinairProject\InterdisciplinairProject_n5o14qfd_wpftmp.csproj]
C:\Users\siebe\Documents\GitHub\Interdisciplinair-Project\InterdisciplinairProject\Fixtures\Views\FixtureCreateView.xaml.cs(155,20): warning CS8603: Possible null reference return. [C:\Users\siebe\Documents\GitHub\Interdisciplinair-Project\InterdisciplinairProject\InterdisciplinairProject_n5o14qfd_wpftmp.csproj]
C:\Users\siebe\Documents\GitHub\Interdisciplinair-Project\InterdisciplinairProject\Views\Scene\FixtureRegistryDialog.xaml.cs(302,20): warning CS8618: Non-nullable field '_availableChannels' must contain a non-null value when exiting constructor. Consider adding the 'required' modifier or declaring the field as nullable. [C:\Users\siebe\Documents\GitHub\Interdisciplinair-Project\InterdisciplinairProject\InterdisciplinairProject_n5o14qfd_wpftmp.csproj]
C:\Users\siebe\Documents\GitHub\Interdisciplinair-Project\InterdisciplinairProject\Views\Scene\FixtureRegistryDialog.xaml.cs(302,20): warning CS8618: Non-nullable event 'PropertyChanged' must contain a non-null value when exiting constructor. Consider adding the 'required' modifier or declaring the event as nullable. [C:\Users\siebe\Documents\GitHub\Interdisciplinair-Project\InterdisciplinairProject\InterdisciplinairProject_n5o14qfd_wpftmp.csproj]
C:\Users\siebe\Documents\GitHub\Interdisciplinair-Project\InterdisciplinairProject\ViewModels\TimeLineViewModel.cs(49,27): warning CS8602: Dereference of a possibly null reference. [C:\Users\siebe\Documents\GitHub\Interdisciplinair-Project\InterdisciplinairProject\InterdisciplinairProject_n5o14qfd_wpftmp.csproj]
C:\Users\siebe\Documents\GitHub\Interdisciplinair-Project\InterdisciplinairProject\ViewModels\TimeLineViewModel.cs(70,64): warning CS8602: Dereference of a possibly null reference. [C:\Users\siebe\Documents\GitHub\Interdisciplinair-Project\InterdisciplinairProject\InterdisciplinairProject_n5o14qfd_wpftmp.csproj]
C:\Users\siebe\Documents\GitHub\Interdisciplinair-Project\InterdisciplinairProject\ViewModels\TimeLineViewModel.cs(94,30): error CS7036: There is no argument given that corresponds to the required parameter 'scene' of 'SceneSettingsWindow.SceneSettingsWindow(Scene)' [C:\Users\siebe\Documents\GitHub\Interdisciplinair-Project\InterdisciplinairProject\InterdisciplinairProject_n5o14qfd_wpftmp.csproj]
C:\Users\siebe\Documents\GitHub\Interdisciplinair-Project\InterdisciplinairProject\ViewModels\CreateShowViewModel.cs(35,16): warning CS8618: Non-nullable field '_window' must contain a non-null value when exiting constructor. Consider adding the 'required' modifier or declaring the field as nullable. [C:\Users\siebe\Documents\GitHub\Interdisciplinair-Project\InterdisciplinairProject\InterdisciplinairProject_n5o14qfd_wpftmp.csproj]
C:\Users\siebe\Documents\GitHub\Interdisciplinair-Project\InterdisciplinairProject\ViewModels\CreateShowViewModel.cs(35,16): warning CS8618: Non-nullable field '_showName' must contain a non-null value when exiting constructor. Consider adding the 'required' modifier or declaring the field as nullable. [C:\Users\siebe\Documents\GitHub\Interdisciplinair-Project\InterdisciplinairProject\InterdisciplinairProject_n5o14qfd_wpftmp.csproj]
C:\Users\siebe\Documents\GitHub\Interdisciplinair-Project\InterdisciplinairProject\ViewModels\CreateShowViewModel.cs(35,16): warning CS8618: Non-nullable event 'PropertyChanged' must contain a non-null value when exiting constructor. Consider adding the 'required' modifier or declaring the event as nullable. [C:\Users\siebe\Documents\GitHub\Interdisciplinair-Project\InterdisciplinairProject\InterdisciplinairProject_n5o14qfd_wpftmp.csproj]
C:\Users\siebe\Documents\GitHub\Interdisciplinair-Project\InterdisciplinairProject\Fixtures\ViewModels\FixtureCreateViewModel.cs(128,16): warning CS8618: Non-nullable property 'AddTypeBtn' must contain a non-null value when exiting constructor. Consider adding the 'required' modifier or declaring the property as nullable. [C:\Users\siebe\Documents\GitHub\Interdisciplinair-Project\InterdisciplinairProject\InterdisciplinairProject_n5o14qfd_wpftmp.csproj]
C:\Users\siebe\Documents\GitHub\Interdisciplinair-Project\InterdisciplinairProject\ViewModels\ShowbuilderViewModel.cs(138,13): warning CS1717: Assignment made to same variable; did you mean to assign something else? [C:\Users\siebe\Documents\GitHub\Interdisciplinair-Project\InterdisciplinairProject\InterdisciplinairProject_n5o14qfd_wpftmp.csproj]
C:\Users\siebe\Documents\GitHub\Interdisciplinair-Project\InterdisciplinairProject\Fixtures\ViewModels\MainWindowFixturesViewModel.cs(113,68): warning CS8604: Possible null reference argument for parameter 'fixtureName' in 'void MainWindowFixturesViewModel.OnFixtureDelete(string fixtureName, string manufacturerName)'. [C:\Users\siebe\Documents\GitHub\Interdisciplinair-Project\InterdisciplinairProject\InterdisciplinairProject_n5o14qfd_wpftmp.csproj]
C:\Users\siebe\Documents\GitHub\Interdisciplinair-Project\InterdisciplinairProject\Fixtures\ViewModels\MainWindowFixturesViewModel.cs(113,83): warning CS8604: Possible null reference argument for parameter 'manufacturerName' in 'void MainWindowFixturesViewModel.OnFixtureDelete(string fixtureName, string manufacturerName)'. [C:\Users\siebe\Documents\GitHub\Interdisciplinair-Project\InterdisciplinairProject\InterdisciplinairProject_n5o14qfd_wpftmp.csproj]
C:\Users\siebe\Documents\GitHub\Interdisciplinair-Project\InterdisciplinairProject\Fixtures\ViewModels\FixtureListViewModel.cs(217,35): warning CS8600: Converting null literal or possible null value to non-nullable type. [C:\Users\siebe\Documents\GitHub\Interdisciplinair-Project\InterdisciplinairProject\InterdisciplinairProject_n5o14qfd_wpftmp.csproj]
C:\Users\siebe\Documents\GitHub\Interdisciplinair-Project\InterdisciplinairProject\Fixtures\Views\FixtureCreateView.xaml.cs(17,22): warning CS0169: The field 'FixtureCreateView._dragInitiatedFromHandle' is never used [C:\Users\siebe\Documents\GitHub\Interdisciplinair-Project\InterdisciplinairProject\InterdisciplinairProject_n5o14qfd_wpftmp.csproj]
C:\Users\siebe\Documents\GitHub\Interdisciplinair-Project\InterdisciplinairProject\Fixtures\ViewModels\ChannelItem.cs(58,22): warning CS0169: The field 'ChannelItem._isNameManuallyEdited' is never used [C:\Users\siebe\Documents\GitHub\Interdisciplinair-Project\InterdisciplinairProject\InterdisciplinairProject_n5o14qfd_wpftmp.csproj]
C:\Users\siebe\Documents\GitHub\Interdisciplinair-Project\InterdisciplinairProject\ViewModels\TimeLineViewModel.cs(21,42): warning CS0169: The field 'TimeLineViewModel._playCts' is never used [C:\Users\siebe\Documents\GitHub\Interdisciplinair-Project\InterdisciplinairProject\InterdisciplinairProject_n5o14qfd_wpftmp.csproj]
C:\Users\siebe\Documents\GitHub\Interdisciplinair-Project\InterdisciplinairProject\ViewModels\TimeLineViewModel.cs(24,22): warning CS0169: The field 'TimeLineViewModel._suppressParentUpdate' is never used [C:\Users\siebe\Documents\GitHub\Interdisciplinair-Project\InterdisciplinairProject\InterdisciplinairProject_n5o14qfd_wpftmp.csproj]
C:\Users\siebe\Documents\GitHub\Interdisciplinair-Project\InterdisciplinairProject\App.xaml.cs(2,1): warning SA1210: Using directives should be ordered alphabetically by the namespaces (https://github.com/DotNetAnalyzers/StyleCopAnalyzers/blob/master/documentation/SA1210.md) [C:\Users\siebe\Documents\GitHub\Interdisciplinair-Project\InterdisciplinairProject\InterdisciplinairProject_n5o14qfd_wpftmp.csproj]
C:\Users\siebe\Documents\GitHub\Interdisciplinair-Project\InterdisciplinairProject\Converters\StringNotEmptyToVisibilityConverter.cs(7,1): warning SA1516: Elements should be separated by blank line (https://github.com/DotNetAnalyzers/StyleCopAnalyzers/blob/master/documentation/SA1516.md) [C:\Users\siebe\Documents\GitHub\Interdisciplinair-Project\InterdisciplinairProject\InterdisciplinairProject_n5o14qfd_wpftmp.csproj]
C:\Users\siebe\Documents\GitHub\Interdisciplinair-Project\InterdisciplinairProject\Views\ShowbuilderView.xaml.cs(5,1): warning SA1505: An opening brace should not be followed by a blank line (https://github.com/DotNetAnalyzers/StyleCopAnalyzers/blob/master/documentation/SA1505.md) [C:\Users\siebe\Documents\GitHub\Interdisciplinair-Project\InterdisciplinairProject\InterdisciplinairProject_n5o14qfd_wpftmp.csproj]
C:\Users\siebe\Documents\GitHub\Interdisciplinair-Project\InterdisciplinairProject\Fixtures\Converters\ManufacturerBoolToVisibilityConverter.cs(10,1): warning SA1505: An opening brace should not be followed by a blank line (https://github.com/DotNetAnalyzers/StyleCopAnalyzers/blob/master/documentation/SA1505.md) [C:\Users\siebe\Documents\GitHub\Interdisciplinair-Project\InterdisciplinairProject\InterdisciplinairProject_n5o14qfd_wpftmp.csproj]
C:\Users\siebe\Documents\GitHub\Interdisciplinair-Project\InterdisciplinairProject\Fixtures\ViewModels\FixtureContentViewModel.cs(7,1): warning SA1210: Using directives should be ordered alphabetically by the namespaces (https://github.com/DotNetAnalyzers/StyleCopAnalyzers/blob/master/documentation/SA1210.md) [C:\Users\siebe\Documents\GitHub\Interdisciplinair-Project\InterdisciplinairProject\InterdisciplinairProject_n5o14qfd_wpftmp.csproj]
C:\Users\siebe\Documents\GitHub\Interdisciplinair-Project\InterdisciplinairProject\Fixtures\ViewModels\FixtureContentViewModel.cs(10,1): warning SA1210: Using directives should be ordered alphabetically by the namespaces (https://github.com/DotNetAnalyzers/StyleCopAnalyzers/blob/master/documentation/SA1210.md) [C:\Users\siebe\Documents\GitHub\Interdisciplinair-Project\InterdisciplinairProject\InterdisciplinairProject_n5o14qfd_wpftmp.csproj]
C:\Users\siebe\Documents\GitHub\Interdisciplinair-Project\InterdisciplinairProject\Fixtures\Converters\ByteArrayToImageConverter.cs(35,14): warning SA1513: Closing brace should be followed by blank line (https://github.com/DotNetAnalyzers/StyleCopAnalyzers/blob/master/documentation/SA1513.md) [C:\Users\siebe\Documents\GitHub\Interdisciplinair-Project\InterdisciplinairProject\InterdisciplinairProject_n5o14qfd_wpftmp.csproj]
C:\Users\siebe\Documents\GitHub\Interdisciplinair-Project\InterdisciplinairProject\ViewModels\SceneControlViewModel.cs(70,1): warning SA1516: Elements should be separated by blank line (https://github.com/DotNetAnalyzers/StyleCopAnalyzers/blob/master/documentation/SA1516.md) [C:\Users\siebe\Documents\GitHub\Interdisciplinair-Project\InterdisciplinairProject\InterdisciplinairProject_n5o14qfd_wpftmp.csproj]
C:\Users\siebe\Documents\GitHub\Interdisciplinair-Project\InterdisciplinairProject\ViewModels\SceneControlViewModel.cs(69,19): warning SA1201: A property should not follow a method (https://github.com/DotNetAnalyzers/StyleCopAnalyzers/blob/master/documentation/SA1201.md) [C:\Users\siebe\Documents\GitHub\Interdisciplinair-Project\InterdisciplinairProject\InterdisciplinairProject_n5o14qfd_wpftmp.csproj]
C:\Users\siebe\Documents\GitHub\Interdisciplinair-Project\InterdisciplinairProject\ViewModels\SceneControlViewModel.cs(73,20): warning SA1201: A field should not follow a property (https://github.com/DotNetAnalyzers/StyleCopAnalyzers/blob/master/documentation/SA1201.md) [C:\Users\siebe\Documents\GitHub\Interdisciplinair-Project\InterdisciplinairProject\InterdisciplinairProject_n5o14qfd_wpftmp.csproj]
C:\Users\siebe\Documents\GitHub\Interdisciplinair-Project\InterdisciplinairProject\ViewModels\SceneControlViewModel.cs(95,18): warning SA1201: A field should not follow a method (https://github.com/DotNetAnalyzers/StyleCopAnalyzers/blob/master/documentation/SA1201.md) [C:\Users\siebe\Documents\GitHub\Interdisciplinair-Project\InterdisciplinairProject\InterdisciplinairProject_n5o14qfd_wpftmp.csproj]
C:\Users\siebe\Documents\GitHub\Interdisciplinair-Project\InterdisciplinairProject\ViewModels\SceneControlViewModel.cs(106,17): warning SA1201: A field should not follow a method (https://github.com/DotNetAnalyzers/StyleCopAnalyzers/blob/master/documentation/SA1201.md) [C:\Users\siebe\Documents\GitHub\Interdisciplinair-Project\InterdisciplinairProject\InterdisciplinairProject_n5o14qfd_wpftmp.csproj]
C:\Users\siebe\Documents\GitHub\Interdisciplinair-Project\InterdisciplinairProject\ViewModels\SceneControlViewModel.cs(115,17): warning SA1201: A field should not follow a method (https://github.com/DotNetAnalyzers/StyleCopAnalyzers/blob/master/documentation/SA1201.md) [C:\Users\siebe\Documents\GitHub\Interdisciplinair-Project\InterdisciplinairProject\InterdisciplinairProject_n5o14qfd_wpftmp.csproj]
C:\Users\siebe\Documents\GitHub\Interdisciplinair-Project\InterdisciplinairProject\Fixtures\Converters\ImageHelpers.cs(14,25): warning SA1649: File name should match first type name (https://github.com/DotNetAnalyzers/StyleCopAnalyzers/blob/master/documentation/SA1649.md) [C:\Users\siebe\Documents\GitHub\Interdisciplinair-Project\InterdisciplinairProject\InterdisciplinairProject_n5o14qfd_wpftmp.csproj]
C:\Users\siebe\Documents\GitHub\Interdisciplinair-Project\InterdisciplinairProject\Fixtures\Converters\ImageHelpers.cs(24,14): warning SA1513: Closing brace should be followed by blank line (https://github.com/DotNetAnalyzers/StyleCopAnalyzers/blob/master/documentation/SA1513.md) [C:\Users\siebe\Documents\GitHub\Interdisciplinair-Project\InterdisciplinairProject\InterdisciplinairProject_n5o14qfd_wpftmp.csproj]
C:\Users\siebe\Documents\GitHub\Interdisciplinair-Project\InterdisciplinairProject\Fixtures\Converters\ImageHelpers.cs(39,18): warning SA1402: File may only contain a single type (https://github.com/DotNetAnalyzers/StyleCopAnalyzers/blob/master/documentation/SA1402.md) [C:\Users\siebe\Documents\GitHub\Interdisciplinair-Project\InterdisciplinairProject\InterdisciplinairProject_n5o14qfd_wpftmp.csproj]
C:\Users\siebe\Documents\GitHub\Interdisciplinair-Project\InterdisciplinairProject\MainWindow.xaml.cs(46,1): warning SA1516: Elements should be separated by blank line (https://github.com/DotNetAnalyzers/StyleCopAnalyzers/blob/master/documentation/SA1516.md) [C:\Users\siebe\Documents\GitHub\Interdisciplinair-Project\InterdisciplinairProject\InterdisciplinairProject_n5o14qfd_wpftmp.csproj]
C:\Users\siebe\Documents\GitHub\Interdisciplinair-Project\InterdisciplinairProject\Fixtures\Converters\ManufacturerBoolToVisibilityConverter.cs(7,1): warning SA1507: Code should not contain multiple blank lines in a row (https://github.com/DotNetAnalyzers/StyleCopAnalyzers/blob/master/documentation/SA1507.md) [C:\Users\siebe\Documents\GitHub\Interdisciplinair-Project\InterdisciplinairProject\InterdisciplinairProject_n5o14qfd_wpftmp.csproj]
C:\Users\siebe\Documents\GitHub\Interdisciplinair-Project\InterdisciplinairProject\Fixtures\Converters\ManufacturerBoolToVisibilityConverter.cs(28,1): warning SA1507: Code should not contain multiple blank lines in a row (https://github.com/DotNetAnalyzers/StyleCopAnalyzers/blob/master/documentation/SA1507.md) [C:\Users\siebe\Documents\GitHub\Interdisciplinair-Project\InterdisciplinairProject\InterdisciplinairProject_n5o14qfd_wpftmp.csproj]
C:\Users\siebe\Documents\GitHub\Interdisciplinair-Project\InterdisciplinairProject\Fixtures\Converters\ManufacturerBoolToVisibilityConverter.cs(19,14): warning SA1513: Closing brace should be followed by blank line (https://github.com/DotNetAnalyzers/StyleCopAnalyzers/blob/master/documentation/SA1513.md) [C:\Users\siebe\Documents\GitHub\Interdisciplinair-Project\InterdisciplinairProject\InterdisciplinairProject_n5o14qfd_wpftmp.csproj]
C:\Users\siebe\Documents\GitHub\Interdisciplinair-Project\InterdisciplinairProject\Fixtures\Converters\ManufacturerBoolToVisibilityConverter.cs(37,14): warning SA1513: Closing brace should be followed by blank line (https://github.com/DotNetAnalyzers/StyleCopAnalyzers/blob/master/documentation/SA1513.md) [C:\Users\siebe\Documents\GitHub\Interdisciplinair-Project\InterdisciplinairProject\InterdisciplinairProject_n5o14qfd_wpftmp.csproj]
C:\Users\siebe\Documents\GitHub\Interdisciplinair-Project\InterdisciplinairProject\Fixtures\Converters\ManufacturerBoolToVisibilityConverter.cs(30,18): warning SA1402: File may only contain a single type (https://github.com/DotNetAnalyzers/StyleCopAnalyzers/blob/master/documentation/SA1402.md) [C:\Users\siebe\Documents\GitHub\Interdisciplinair-Project\InterdisciplinairProject\InterdisciplinairProject_n5o14qfd_wpftmp.csproj]
C:\Users\siebe\Documents\GitHub\Interdisciplinair-Project\InterdisciplinairProject\Fixtures\Converters\ManufacturerBoolToVisibilityConverter.cs(47,18): warning SA1402: File may only contain a single type (https://github.com/DotNetAnalyzers/StyleCopAnalyzers/blob/master/documentation/SA1402.md) [C:\Users\siebe\Documents\GitHub\Interdisciplinair-Project\InterdisciplinairProject\InterdisciplinairProject_n5o14qfd_wpftmp.csproj]
C:\Users\siebe\Documents\GitHub\Interdisciplinair-Project\InterdisciplinairProject\Fixtures\Views\FixtureCreateView.xaml.cs(6,1): warning SA1210: Using directives should be ordered alphabetically by the namespaces (https://github.com/DotNetAnalyzers/StyleCopAnalyzers/blob/master/documentation/SA1210.md) [C:\Users\siebe\Documents\GitHub\Interdisciplinair-Project\InterdisciplinairProject\InterdisciplinairProject_n5o14qfd_wpftmp.csproj]
C:\Users\siebe\Documents\GitHub\Interdisciplinair-Project\InterdisciplinairProject\Fixtures\Views\FixtureCreateView.xaml.cs(3,1): warning SA1210: Using directives should be ordered alphabetically by the namespaces (https://github.com/DotNetAnalyzers/StyleCopAnalyzers/blob/master/documentation/SA1210.md) [C:\Users\siebe\Documents\GitHub\Interdisciplinair-Project\InterdisciplinairProject\InterdisciplinairProject_n5o14qfd_wpftmp.csproj]
C:\Users\siebe\Documents\GitHub\Interdisciplinair-Project\InterdisciplinairProject\Fixtures\ViewModels\ChannelItem.cs(174,1): warning SA1508: A closing brace should not be preceded by a blank line (https://github.com/DotNetAnalyzers/StyleCopAnalyzers/blob/master/documentation/SA1508.md) [C:\Users\siebe\Documents\GitHub\Interdisciplinair-Project\InterdisciplinairProject\InterdisciplinairProject_n5o14qfd_wpftmp.csproj]
C:\Users\siebe\Documents\GitHub\Interdisciplinair-Project\InterdisciplinairProject\Fixtures\Views\FixtureCreateView.xaml.cs(7,1): warning SA1216: Using static directives should be placed at the correct location (https://github.com/DotNetAnalyzers/StyleCopAnalyzers/blob/master/documentation/SA1216.md) [C:\Users\siebe\Documents\GitHub\Interdisciplinair-Project\InterdisciplinairProject\InterdisciplinairProject_n5o14qfd_wpftmp.csproj]
C:\Users\siebe\Documents\GitHub\Interdisciplinair-Project\InterdisciplinairProject\Fixtures\Services\ManufacturerService.cs(40,21): warning SA1202: 'public' members should come before 'private' members (https://github.com/DotNetAnalyzers/StyleCopAnalyzers/blob/master/documentation/SA1202.md) [C:\Users\siebe\Documents\GitHub\Interdisciplinair-Project\InterdisciplinairProject\InterdisciplinairProject_n5o14qfd_wpftmp.csproj]
C:\Users\siebe\Documents\GitHub\Interdisciplinair-Project\InterdisciplinairProject\Fixtures\Converters\ManufacturerBoolToVisibilityConverter.cs(11,1): warning SA1028: Code should not contain trailing whitespace (https://github.com/DotNetAnalyzers/StyleCopAnalyzers/blob/master/documentation/SA1028.md) [C:\Users\siebe\Documents\GitHub\Interdisciplinair-Project\InterdisciplinairProject\InterdisciplinairProject_n5o14qfd_wpftmp.csproj]
C:\Users\siebe\Documents\GitHub\Interdisciplinair-Project\InterdisciplinairProject\Fixtures\Converters\ManufacturerBoolToVisibilityConverter.cs(29,1): warning SA1028: Code should not contain trailing whitespace (https://github.com/DotNetAnalyzers/StyleCopAnalyzers/blob/master/documentation/SA1028.md) [C:\Users\siebe\Documents\GitHub\Interdisciplinair-Project\InterdisciplinairProject\InterdisciplinairProject_n5o14qfd_wpftmp.csproj]
C:\Users\siebe\Documents\GitHub\Interdisciplinair-Project\InterdisciplinairProject\Fixtures\Converters\ManufacturerBoolToVisibilityConverter.cs(54,1): warning SA1028: Code should not contain trailing whitespace (https://github.com/DotNetAnalyzers/StyleCopAnalyzers/blob/master/documentation/SA1028.md) [C:\Users\siebe\Documents\GitHub\Interdisciplinair-Project\InterdisciplinairProject\InterdisciplinairProject_n5o14qfd_wpftmp.csproj]
C:\Users\siebe\Documents\GitHub\Interdisciplinair-Project\InterdisciplinairProject\Fixtures\Services\TypeCatalogService.cs(68,45): warning SA1201: A property should not follow a method (https://github.com/DotNetAnalyzers/StyleCopAnalyzers/blob/master/documentation/SA1201.md) [C:\Users\siebe\Documents\GitHub\Interdisciplinair-Project\InterdisciplinairProject\InterdisciplinairProject_n5o14qfd_wpftmp.csproj]
C:\Users\siebe\Documents\GitHub\Interdisciplinair-Project\InterdisciplinairProject\Fixtures\Services\TypeCatalogService.cs(101,28): warning SA1202: 'public' members should come before 'private' members (https://github.com/DotNetAnalyzers/StyleCopAnalyzers/blob/master/documentation/SA1202.md) [C:\Users\siebe\Documents\GitHub\Interdisciplinair-Project\InterdisciplinairProject\InterdisciplinairProject_n5o14qfd_wpftmp.csproj]
C:\Users\siebe\Documents\GitHub\Interdisciplinair-Project\InterdisciplinairProject\Fixtures\Services\TypeCatalogService.cs(21,40): warning SA1214: Readonly fields should appear before non-readonly fields (https://github.com/DotNetAnalyzers/StyleCopAnalyzers/blob/master/documentation/SA1214.md) [C:\Users\siebe\Documents\GitHub\Interdisciplinair-Project\InterdisciplinairProject\InterdisciplinairProject_n5o14qfd_wpftmp.csproj]
C:\Users\siebe\Documents\GitHub\Interdisciplinair-Project\InterdisciplinairProject\Views\SceneControl.xaml.cs(51,29): warning SA1204: Static members should appear before non-static members (https://github.com/DotNetAnalyzers/StyleCopAnalyzers/blob/master/documentation/SA1204.md) [C:\Users\siebe\Documents\GitHub\Interdisciplinair-Project\InterdisciplinairProject\InterdisciplinairProject_n5o14qfd_wpftmp.csproj]
C:\Users\siebe\Documents\GitHub\Interdisciplinair-Project\InterdisciplinairProject\Fixtures\Services\TypeCatalogService.cs(25,19): warning SA1117: The parameters should all be placed on the same line or each parameter should be placed on its own line (https://github.com/DotNetAnalyzers/StyleCopAnalyzers/blob/master/documentation/SA1117.md) [C:\Users\siebe\Documents\GitHub\Interdisciplinair-Project\InterdisciplinairProject\InterdisciplinairProject_n5o14qfd_wpftmp.csproj]
C:\Users\siebe\Documents\GitHub\Interdisciplinair-Project\InterdisciplinairProject\Fixtures\Services\TypeCatalogService.cs(31,40): warning SA1003: Operator '=' should be preceded by whitespace. (https://github.com/DotNetAnalyzers/StyleCopAnalyzers/blob/master/documentation/SA1003.md) [C:\Users\siebe\Documents\GitHub\Interdisciplinair-Project\InterdisciplinairProject\InterdisciplinairProject_n5o14qfd_wpftmp.csproj]
C:\Users\siebe\Documents\GitHub\Interdisciplinair-Project\InterdisciplinairProject\Fixtures\Services\TypeCatalogService.cs(31,40): warning SA1003: Operator '=' should be followed by whitespace. (https://github.com/DotNetAnalyzers/StyleCopAnalyzers/blob/master/documentation/SA1003.md) [C:\Users\siebe\Documents\GitHub\Interdisciplinair-Project\InterdisciplinairProject\InterdisciplinairProject_n5o14qfd_wpftmp.csproj]
C:\Users\siebe\Documents\GitHub\Interdisciplinair-Project\InterdisciplinairProject\Fixtures\Services\TypeCatalogService.cs(31,56): warning SA1003: Operator '=' should be preceded by whitespace. (https://github.com/DotNetAnalyzers/StyleCopAnalyzers/blob/master/documentation/SA1003.md) [C:\Users\siebe\Documents\GitHub\Interdisciplinair-Project\InterdisciplinairProject\InterdisciplinairProject_n5o14qfd_wpftmp.csproj]
C:\Users\siebe\Documents\GitHub\Interdisciplinair-Project\InterdisciplinairProject\Fixtures\Services\TypeCatalogService.cs(31,56): warning SA1003: Operator '=' should be followed by whitespace. (https://github.com/DotNetAnalyzers/StyleCopAnalyzers/blob/master/documentation/SA1003.md) [C:\Users\siebe\Documents\GitHub\Interdisciplinair-Project\InterdisciplinairProject\InterdisciplinairProject_n5o14qfd_wpftmp.csproj]
C:\Users\siebe\Documents\GitHub\Interdisciplinair-Project\InterdisciplinairProject\Fixtures\Services\TypeCatalogService.cs(32,40): warning SA1003: Operator '=' should be preceded by whitespace. (https://github.com/DotNetAnalyzers/StyleCopAnalyzers/blob/master/documentation/SA1003.md) [C:\Users\siebe\Documents\GitHub\Interdisciplinair-Project\InterdisciplinairProject\InterdisciplinairProject_n5o14qfd_wpftmp.csproj]
C:\Users\siebe\Documents\GitHub\Interdisciplinair-Project\InterdisciplinairProject\Fixtures\Services\TypeCatalogService.cs(32,40): warning SA1003: Operator '=' should be followed by whitespace. (https://github.com/DotNetAnalyzers/StyleCopAnalyzers/blob/master/documentation/SA1003.md) [C:\Users\siebe\Documents\GitHub\Interdisciplinair-Project\InterdisciplinairProject\InterdisciplinairProject_n5o14qfd_wpftmp.csproj]
C:\Users\siebe\Documents\GitHub\Interdisciplinair-Project\InterdisciplinairProject\Fixtures\Services\TypeCatalogService.cs(32,67): warning SA1003: Operator '=' should be preceded by whitespace. (https://github.com/DotNetAnalyzers/StyleCopAnalyzers/blob/master/documentation/SA1003.md) [C:\Users\siebe\Documents\GitHub\Interdisciplinair-Project\InterdisciplinairProject\InterdisciplinairProject_n5o14qfd_wpftmp.csproj]
C:\Users\siebe\Documents\GitHub\Interdisciplinair-Project\InterdisciplinairProject\Fixtures\Services\TypeCatalogService.cs(32,67): warning SA1003: Operator '=' should be followed by whitespace. (https://github.com/DotNetAnalyzers/StyleCopAnalyzers/blob/master/documentation/SA1003.md) [C:\Users\siebe\Documents\GitHub\Interdisciplinair-Project\InterdisciplinairProject\InterdisciplinairProject_n5o14qfd_wpftmp.csproj]
C:\Users\siebe\Documents\GitHub\Interdisciplinair-Project\InterdisciplinairProject\Fixtures\Services\TypeCatalogService.cs(33,40): warning SA1003: Operator '=' should be preceded by whitespace. (https://github.com/DotNetAnalyzers/StyleCopAnalyzers/blob/master/documentation/SA1003.md) [C:\Users\siebe\Documents\GitHub\Interdisciplinair-Project\InterdisciplinairProject\InterdisciplinairProject_n5o14qfd_wpftmp.csproj]
C:\Users\siebe\Documents\GitHub\Interdisciplinair-Project\InterdisciplinairProject\Fixtures\Services\TypeCatalogService.cs(33,40): warning SA1003: Operator '=' should be followed by whitespace. (https://github.com/DotNetAnalyzers/StyleCopAnalyzers/blob/master/documentation/SA1003.md) [C:\Users\siebe\Documents\GitHub\Interdisciplinair-Project\InterdisciplinairProject\InterdisciplinairProject_n5o14qfd_wpftmp.csproj]
C:\Users\siebe\Documents\GitHub\Interdisciplinair-Project\InterdisciplinairProject\Fixtures\Services\TypeCatalogService.cs(33,54): warning SA1003: Operator '=' should be preceded by whitespace. (https://github.com/DotNetAnalyzers/StyleCopAnalyzers/blob/master/documentation/SA1003.md) [C:\Users\siebe\Documents\GitHub\Interdisciplinair-Project\InterdisciplinairProject\InterdisciplinairProject_n5o14qfd_wpftmp.csproj]
C:\Users\siebe\Documents\GitHub\Interdisciplinair-Project\InterdisciplinairProject\Fixtures\Services\TypeCatalogService.cs(33,54): warning SA1003: Operator '=' should be followed by whitespace. (https://github.com/DotNetAnalyzers/StyleCopAnalyzers/blob/master/documentation/SA1003.md) [C:\Users\siebe\Documents\GitHub\Interdisciplinair-Project\InterdisciplinairProject\InterdisciplinairProject_n5o14qfd_wpftmp.csproj]
C:\Users\siebe\Documents\GitHub\Interdisciplinair-Project\InterdisciplinairProject\Fixtures\Services\TypeCatalogService.cs(33,74): warning SA1003: Operator '=' should be preceded by whitespace. (https://github.com/DotNetAnalyzers/StyleCopAnalyzers/blob/master/documentation/SA1003.md) [C:\Users\siebe\Documents\GitHub\Interdisciplinair-Project\InterdisciplinairProject\InterdisciplinairProject_n5o14qfd_wpftmp.csproj]
C:\Users\siebe\Documents\GitHub\Interdisciplinair-Project\InterdisciplinairProject\Fixtures\Services\TypeCatalogService.cs(33,74): warning SA1003: Operator '=' should be followed by whitespace. (https://github.com/DotNetAnalyzers/StyleCopAnalyzers/blob/master/documentation/SA1003.md) [C:\Users\siebe\Documents\GitHub\Interdisciplinair-Project\InterdisciplinairProject\InterdisciplinairProject_n5o14qfd_wpftmp.csproj]
C:\Users\siebe\Documents\GitHub\Interdisciplinair-Project\InterdisciplinairProject\Fixtures\Services\TypeCatalogService.cs(34,40): warning SA1003: Operator '=' should be preceded by whitespace. (https://github.com/DotNetAnalyzers/StyleCopAnalyzers/blob/master/documentation/SA1003.md) [C:\Users\siebe\Documents\GitHub\Interdisciplinair-Project\InterdisciplinairProject\InterdisciplinairProject_n5o14qfd_wpftmp.csproj]
C:\Users\siebe\Documents\GitHub\Interdisciplinair-Project\InterdisciplinairProject\Fixtures\Services\TypeCatalogService.cs(34,40): warning SA1003: Operator '=' should be followed by whitespace. (https://github.com/DotNetAnalyzers/StyleCopAnalyzers/blob/master/documentation/SA1003.md) [C:\Users\siebe\Documents\GitHub\Interdisciplinair-Project\InterdisciplinairProject\InterdisciplinairProject_n5o14qfd_wpftmp.csproj]
C:\Users\siebe\Documents\GitHub\Interdisciplinair-Project\InterdisciplinairProject\Fixtures\Services\TypeCatalogService.cs(34,54): warning SA1003: Operator '=' should be preceded by whitespace. (https://github.com/DotNetAnalyzers/StyleCopAnalyzers/blob/master/documentation/SA1003.md) [C:\Users\siebe\Documents\GitHub\Interdisciplinair-Project\InterdisciplinairProject\InterdisciplinairProject_n5o14qfd_wpftmp.csproj]
C:\Users\siebe\Documents\GitHub\Interdisciplinair-Project\InterdisciplinairProject\Fixtures\Services\TypeCatalogService.cs(34,54): warning SA1003: Operator '=' should be followed by whitespace. (https://github.com/DotNetAnalyzers/StyleCopAnalyzers/blob/master/documentation/SA1003.md) [C:\Users\siebe\Documents\GitHub\Interdisciplinair-Project\InterdisciplinairProject\InterdisciplinairProject_n5o14qfd_wpftmp.csproj]
C:\Users\siebe\Documents\GitHub\Interdisciplinair-Project\InterdisciplinairProject\Fixtures\Services\TypeCatalogService.cs(34,74): warning SA1003: Operator '=' should be preceded by whitespace. (https://github.com/DotNetAnalyzers/StyleCopAnalyzers/blob/master/documentation/SA1003.md) [C:\Users\siebe\Documents\GitHub\Interdisciplinair-Project\InterdisciplinairProject\InterdisciplinairProject_n5o14qfd_wpftmp.csproj]
C:\Users\siebe\Documents\GitHub\Interdisciplinair-Project\InterdisciplinairProject\Fixtures\Services\TypeCatalogService.cs(34,74): warning SA1003: Operator '=' should be followed by whitespace. (https://github.com/DotNetAnalyzers/StyleCopAnalyzers/blob/master/documentation/SA1003.md) [C:\Users\siebe\Documents\GitHub\Interdisciplinair-Project\InterdisciplinairProject\InterdisciplinairProject_n5o14qfd_wpftmp.csproj]
C:\Users\siebe\Documents\GitHub\Interdisciplinair-Project\InterdisciplinairProject\Fixtures\Services\TypeCatalogService.cs(35,40): warning SA1003: Operator '=' should be preceded by whitespace. (https://github.com/DotNetAnalyzers/StyleCopAnalyzers/blob/master/documentation/SA1003.md) [C:\Users\siebe\Documents\GitHub\Interdisciplinair-Project\InterdisciplinairProject\InterdisciplinairProject_n5o14qfd_wpftmp.csproj]
C:\Users\siebe\Documents\GitHub\Interdisciplinair-Project\InterdisciplinairProject\Fixtures\Services\TypeCatalogService.cs(35,40): warning SA1003: Operator '=' should be followed by whitespace. (https://github.com/DotNetAnalyzers/StyleCopAnalyzers/blob/master/documentation/SA1003.md) [C:\Users\siebe\Documents\GitHub\Interdisciplinair-Project\InterdisciplinairProject\InterdisciplinairProject_n5o14qfd_wpftmp.csproj]
C:\Users\siebe\Documents\GitHub\Interdisciplinair-Project\InterdisciplinairProject\Fixtures\Services\TypeCatalogService.cs(35,55): warning SA1003: Operator '=' should be preceded by whitespace. (https://github.com/DotNetAnalyzers/StyleCopAnalyzers/blob/master/documentation/SA1003.md) [C:\Users\siebe\Documents\GitHub\Interdisciplinair-Project\InterdisciplinairProject\InterdisciplinairProject_n5o14qfd_wpftmp.csproj]
C:\Users\siebe\Documents\GitHub\Interdisciplinair-Project\InterdisciplinairProject\Fixtures\Services\TypeCatalogService.cs(35,55): warning SA1003: Operator '=' should be followed by whitespace. (https://github.com/DotNetAnalyzers/StyleCopAnalyzers/blob/master/documentation/SA1003.md) [C:\Users\siebe\Documents\GitHub\Interdisciplinair-Project\InterdisciplinairProject\InterdisciplinairProject_n5o14qfd_wpftmp.csproj]
C:\Users\siebe\Documents\GitHub\Interdisciplinair-Project\InterdisciplinairProject\Fixtures\Services\TypeCatalogService.cs(35,75): warning SA1003: Operator '=' should be preceded by whitespace. (https://github.com/DotNetAnalyzers/StyleCopAnalyzers/blob/master/documentation/SA1003.md) [C:\Users\siebe\Documents\GitHub\Interdisciplinair-Project\InterdisciplinairProject\InterdisciplinairProject_n5o14qfd_wpftmp.csproj]
C:\Users\siebe\Documents\GitHub\Interdisciplinair-Project\InterdisciplinairProject\Fixtures\Services\TypeCatalogService.cs(35,75): warning SA1003: Operator '=' should be followed by whitespace. (https://github.com/DotNetAnalyzers/StyleCopAnalyzers/blob/master/documentation/SA1003.md) [C:\Users\siebe\Documents\GitHub\Interdisciplinair-Project\InterdisciplinairProject\InterdisciplinairProject_n5o14qfd_wpftmp.csproj]
C:\Users\siebe\Documents\GitHub\Interdisciplinair-Project\InterdisciplinairProject\Fixtures\Services\TypeCatalogService.cs(36,40): warning SA1003: Operator '=' should be preceded by whitespace. (https://github.com/DotNetAnalyzers/StyleCopAnalyzers/blob/master/documentation/SA1003.md) [C:\Users\siebe\Documents\GitHub\Interdisciplinair-Project\InterdisciplinairProject\InterdisciplinairProject_n5o14qfd_wpftmp.csproj]
C:\Users\siebe\Documents\GitHub\Interdisciplinair-Project\InterdisciplinairProject\Fixtures\Services\TypeCatalogService.cs(36,40): warning SA1003: Operator '=' should be followed by whitespace. (https://github.com/DotNetAnalyzers/StyleCopAnalyzers/blob/master/documentation/SA1003.md) [C:\Users\siebe\Documents\GitHub\Interdisciplinair-Project\InterdisciplinairProject\InterdisciplinairProject_n5o14qfd_wpftmp.csproj]
C:\Users\siebe\Documents\GitHub\Interdisciplinair-Project\InterdisciplinairProject\Fixtures\Services\TypeCatalogService.cs(37,40): warning SA1003: Operator '=' should be preceded by whitespace. (https://github.com/DotNetAnalyzers/StyleCopAnalyzers/blob/master/documentation/SA1003.md) [C:\Users\siebe\Documents\GitHub\Interdisciplinair-Project\InterdisciplinairProject\InterdisciplinairProject_n5o14qfd_wpftmp.csproj]
C:\Users\siebe\Documents\GitHub\Interdisciplinair-Project\InterdisciplinairProject\Fixtures\Services\TypeCatalogService.cs(37,40): warning SA1003: Operator '=' should be followed by whitespace. (https://github.com/DotNetAnalyzers/StyleCopAnalyzers/blob/master/documentation/SA1003.md) [C:\Users\siebe\Documents\GitHub\Interdisciplinair-Project\InterdisciplinairProject\InterdisciplinairProject_n5o14qfd_wpftmp.csproj]
C:\Users\siebe\Documents\GitHub\Interdisciplinair-Project\InterdisciplinairProject\Fixtures\Services\TypeCatalogService.cs(38,40): warning SA1003: Operator '=' should be preceded by whitespace. (https://github.com/DotNetAnalyzers/StyleCopAnalyzers/blob/master/documentation/SA1003.md) [C:\Users\siebe\Documents\GitHub\Interdisciplinair-Project\InterdisciplinairProject\InterdisciplinairProject_n5o14qfd_wpftmp.csproj]
C:\Users\siebe\Documents\GitHub\Interdisciplinair-Project\InterdisciplinairProject\Fixtures\Services\TypeCatalogService.cs(38,40): warning SA1003: Operator '=' should be followed by whitespace. (https://github.com/DotNetAnalyzers/StyleCopAnalyzers/blob/master/documentation/SA1003.md) [C:\Users\siebe\Documents\GitHub\Interdisciplinair-Project\InterdisciplinairProject\InterdisciplinairProject_n5o14qfd_wpftmp.csproj]
C:\Users\siebe\Documents\GitHub\Interdisciplinair-Project\InterdisciplinairProject\Fixtures\Services\TypeCatalogService.cs(38,53): warning SA1003: Operator '=' should be preceded by whitespace. (https://github.com/DotNetAnalyzers/StyleCopAnalyzers/blob/master/documentation/SA1003.md) [C:\Users\siebe\Documents\GitHub\Interdisciplinair-Project\InterdisciplinairProject\InterdisciplinairProject_n5o14qfd_wpftmp.csproj]
C:\Users\siebe\Documents\GitHub\Interdisciplinair-Project\InterdisciplinairProject\Fixtures\Services\TypeCatalogService.cs(38,53): warning SA1003: Operator '=' should be followed by whitespace. (https://github.com/DotNetAnalyzers/StyleCopAnalyzers/blob/master/documentation/SA1003.md) [C:\Users\siebe\Documents\GitHub\Interdisciplinair-Project\InterdisciplinairProject\InterdisciplinairProject_n5o14qfd_wpftmp.csproj]
C:\Users\siebe\Documents\GitHub\Interdisciplinair-Project\InterdisciplinairProject\Fixtures\Services\TypeCatalogService.cs(38,73): warning SA1003: Operator '=' should be preceded by whitespace. (https://github.com/DotNetAnalyzers/StyleCopAnalyzers/blob/master/documentation/SA1003.md) [C:\Users\siebe\Documents\GitHub\Interdisciplinair-Project\InterdisciplinairProject\InterdisciplinairProject_n5o14qfd_wpftmp.csproj]
C:\Users\siebe\Documents\GitHub\Interdisciplinair-Project\InterdisciplinairProject\Fixtures\Services\TypeCatalogService.cs(38,73): warning SA1003: Operator '=' should be followed by whitespace. (https://github.com/DotNetAnalyzers/StyleCopAnalyzers/blob/master/documentation/SA1003.md) [C:\Users\siebe\Documents\GitHub\Interdisciplinair-Project\InterdisciplinairProject\InterdisciplinairProject_n5o14qfd_wpftmp.csproj]
C:\Users\siebe\Documents\GitHub\Interdisciplinair-Project\InterdisciplinairProject\Fixtures\Services\TypeCatalogService.cs(39,40): warning SA1003: Operator '=' should be preceded by whitespace. (https://github.com/DotNetAnalyzers/StyleCopAnalyzers/blob/master/documentation/SA1003.md) [C:\Users\siebe\Documents\GitHub\Interdisciplinair-Project\InterdisciplinairProject\InterdisciplinairProject_n5o14qfd_wpftmp.csproj]
C:\Users\siebe\Documents\GitHub\Interdisciplinair-Project\InterdisciplinairProject\Fixtures\Services\TypeCatalogService.cs(39,40): warning SA1003: Operator '=' should be followed by whitespace. (https://github.com/DotNetAnalyzers/StyleCopAnalyzers/blob/master/documentation/SA1003.md) [C:\Users\siebe\Documents\GitHub\Interdisciplinair-Project\InterdisciplinairProject\InterdisciplinairProject_n5o14qfd_wpftmp.csproj]
C:\Users\siebe\Documents\GitHub\Interdisciplinair-Project\InterdisciplinairProject\Fixtures\Services\TypeCatalogService.cs(39,55): warning SA1003: Operator '=' should be preceded by whitespace. (https://github.com/DotNetAnalyzers/StyleCopAnalyzers/blob/master/documentation/SA1003.md) [C:\Users\siebe\Documents\GitHub\Interdisciplinair-Project\InterdisciplinairProject\InterdisciplinairProject_n5o14qfd_wpftmp.csproj]
C:\Users\siebe\Documents\GitHub\Interdisciplinair-Project\InterdisciplinairProject\Fixtures\Services\TypeCatalogService.cs(39,55): warning SA1003: Operator '=' should be followed by whitespace. (https://github.com/DotNetAnalyzers/StyleCopAnalyzers/blob/master/documentation/SA1003.md) [C:\Users\siebe\Documents\GitHub\Interdisciplinair-Project\InterdisciplinairProject\InterdisciplinairProject_n5o14qfd_wpftmp.csproj]
C:\Users\siebe\Documents\GitHub\Interdisciplinair-Project\InterdisciplinairProject\Fixtures\Services\TypeCatalogService.cs(39,75): warning SA1003: Operator '=' should be preceded by whitespace. (https://github.com/DotNetAnalyzers/StyleCopAnalyzers/blob/master/documentation/SA1003.md) [C:\Users\siebe\Documents\GitHub\Interdisciplinair-Project\InterdisciplinairProject\InterdisciplinairProject_n5o14qfd_wpftmp.csproj]
C:\Users\siebe\Documents\GitHub\Interdisciplinair-Project\InterdisciplinairProject\Fixtures\Services\TypeCatalogService.cs(39,75): warning SA1003: Operator '=' should be followed by whitespace. (https://github.com/DotNetAnalyzers/StyleCopAnalyzers/blob/master/documentation/SA1003.md) [C:\Users\siebe\Documents\GitHub\Interdisciplinair-Project\InterdisciplinairProject\InterdisciplinairProject_n5o14qfd_wpftmp.csproj]
C:\Users\siebe\Documents\GitHub\Interdisciplinair-Project\InterdisciplinairProject\Fixtures\Services\TypeCatalogService.cs(40,40): warning SA1003: Operator '=' should be preceded by whitespace. (https://github.com/DotNetAnalyzers/StyleCopAnalyzers/blob/master/documentation/SA1003.md) [C:\Users\siebe\Documents\GitHub\Interdisciplinair-Project\InterdisciplinairProject\InterdisciplinairProject_n5o14qfd_wpftmp.csproj]
C:\Users\siebe\Documents\GitHub\Interdisciplinair-Project\InterdisciplinairProject\Fixtures\Services\TypeCatalogService.cs(40,40): warning SA1003: Operator '=' should be followed by whitespace. (https://github.com/DotNetAnalyzers/StyleCopAnalyzers/blob/master/documentation/SA1003.md) [C:\Users\siebe\Documents\GitHub\Interdisciplinair-Project\InterdisciplinairProject\InterdisciplinairProject_n5o14qfd_wpftmp.csproj]
C:\Users\siebe\Documents\GitHub\Interdisciplinair-Project\InterdisciplinairProject\Fixtures\Services\TypeCatalogService.cs(40,54): warning SA1003: Operator '=' should be preceded by whitespace. (https://github.com/DotNetAnalyzers/StyleCopAnalyzers/blob/master/documentation/SA1003.md) [C:\Users\siebe\Documents\GitHub\Interdisciplinair-Project\InterdisciplinairProject\InterdisciplinairProject_n5o14qfd_wpftmp.csproj]
C:\Users\siebe\Documents\GitHub\Interdisciplinair-Project\InterdisciplinairProject\Fixtures\Services\TypeCatalogService.cs(40,54): warning SA1003: Operator '=' should be followed by whitespace. (https://github.com/DotNetAnalyzers/StyleCopAnalyzers/blob/master/documentation/SA1003.md) [C:\Users\siebe\Documents\GitHub\Interdisciplinair-Project\InterdisciplinairProject\InterdisciplinairProject_n5o14qfd_wpftmp.csproj]
C:\Users\siebe\Documents\GitHub\Interdisciplinair-Project\InterdisciplinairProject\Fixtures\Services\TypeCatalogService.cs(40,74): warning SA1003: Operator '=' should be preceded by whitespace. (https://github.com/DotNetAnalyzers/StyleCopAnalyzers/blob/master/documentation/SA1003.md) [C:\Users\siebe\Documents\GitHub\Interdisciplinair-Project\InterdisciplinairProject\InterdisciplinairProject_n5o14qfd_wpftmp.csproj]
C:\Users\siebe\Documents\GitHub\Interdisciplinair-Project\InterdisciplinairProject\Fixtures\Services\TypeCatalogService.cs(40,74): warning SA1003: Operator '=' should be followed by whitespace. (https://github.com/DotNetAnalyzers/StyleCopAnalyzers/blob/master/documentation/SA1003.md) [C:\Users\siebe\Documents\GitHub\Interdisciplinair-Project\InterdisciplinairProject\InterdisciplinairProject_n5o14qfd_wpftmp.csproj]
C:\Users\siebe\Documents\GitHub\Interdisciplinair-Project\InterdisciplinairProject\Fixtures\Services\TypeCatalogService.cs(41,40): warning SA1003: Operator '=' should be preceded by whitespace. (https://github.com/DotNetAnalyzers/StyleCopAnalyzers/blob/master/documentation/SA1003.md) [C:\Users\siebe\Documents\GitHub\Interdisciplinair-Project\InterdisciplinairProject\InterdisciplinairProject_n5o14qfd_wpftmp.csproj]
C:\Users\siebe\Documents\GitHub\Interdisciplinair-Project\InterdisciplinairProject\Fixtures\Services\TypeCatalogService.cs(41,40): warning SA1003: Operator '=' should be followed by whitespace. (https://github.com/DotNetAnalyzers/StyleCopAnalyzers/blob/master/documentation/SA1003.md) [C:\Users\siebe\Documents\GitHub\Interdisciplinair-Project\InterdisciplinairProject\InterdisciplinairProject_n5o14qfd_wpftmp.csproj]
C:\Users\siebe\Documents\GitHub\Interdisciplinair-Project\InterdisciplinairProject\Fixtures\Services\TypeCatalogService.cs(41,55): warning SA1003: Operator '=' should be preceded by whitespace. (https://github.com/DotNetAnalyzers/StyleCopAnalyzers/blob/master/documentation/SA1003.md) [C:\Users\siebe\Documents\GitHub\Interdisciplinair-Project\InterdisciplinairProject\InterdisciplinairProject_n5o14qfd_wpftmp.csproj]
C:\Users\siebe\Documents\GitHub\Interdisciplinair-Project\InterdisciplinairProject\Fixtures\Services\TypeCatalogService.cs(41,55): warning SA1003: Operator '=' should be followed by whitespace. (https://github.com/DotNetAnalyzers/StyleCopAnalyzers/blob/master/documentation/SA1003.md) [C:\Users\siebe\Documents\GitHub\Interdisciplinair-Project\InterdisciplinairProject\InterdisciplinairProject_n5o14qfd_wpftmp.csproj]
C:\Users\siebe\Documents\GitHub\Interdisciplinair-Project\InterdisciplinairProject\Fixtures\Services\TypeCatalogService.cs(41,75): warning SA1003: Operator '=' should be preceded by whitespace. (https://github.com/DotNetAnalyzers/StyleCopAnalyzers/blob/master/documentation/SA1003.md) [C:\Users\siebe\Documents\GitHub\Interdisciplinair-Project\InterdisciplinairProject\InterdisciplinairProject_n5o14qfd_wpftmp.csproj]
C:\Users\siebe\Documents\GitHub\Interdisciplinair-Project\InterdisciplinairProject\Fixtures\Services\TypeCatalogService.cs(41,75): warning SA1003: Operator '=' should be followed by whitespace. (https://github.com/DotNetAnalyzers/StyleCopAnalyzers/blob/master/documentation/SA1003.md) [C:\Users\siebe\Documents\GitHub\Interdisciplinair-Project\InterdisciplinairProject\InterdisciplinairProject_n5o14qfd_wpftmp.csproj]
C:\Users\siebe\Documents\GitHub\Interdisciplinair-Project\InterdisciplinairProject\Fixtures\Services\TypeSpecification.cs(12,1): warning SA1516: Elements should be separated by blank line (https://github.com/DotNetAnalyzers/StyleCopAnalyzers/blob/master/documentation/SA1516.md) [C:\Users\siebe\Documents\GitHub\Interdisciplinair-Project\InterdisciplinairProject\InterdisciplinairProject_n5o14qfd_wpftmp.csproj]
C:\Users\siebe\Documents\GitHub\Interdisciplinair-Project\InterdisciplinairProject\Fixtures\Services\TypeSpecification.cs(13,1): warning SA1516: Elements should be separated by blank line (https://github.com/DotNetAnalyzers/StyleCopAnalyzers/blob/master/documentation/SA1516.md) [C:\Users\siebe\Documents\GitHub\Interdisciplinair-Project\InterdisciplinairProject\InterdisciplinairProject_n5o14qfd_wpftmp.csproj]
C:\Users\siebe\Documents\GitHub\Interdisciplinair-Project\InterdisciplinairProject\Fixtures\Services\TypeSpecification.cs(11,44): warning SA1122: Use string.Empty for empty strings (https://github.com/DotNetAnalyzers/StyleCopAnalyzers/blob/master/documentation/SA1122.md) [C:\Users\siebe\Documents\GitHub\Interdisciplinair-Project\InterdisciplinairProject\InterdisciplinairProject_n5o14qfd_wpftmp.csproj]
C:\Users\siebe\Documents\GitHub\Interdisciplinair-Project\InterdisciplinairProject\ViewModels\SceneControlViewModel.cs(3,1): warning SA1210: Using directives should be ordered alphabetically by the namespaces (https://github.com/DotNetAnalyzers/StyleCopAnalyzers/blob/master/documentation/SA1210.md) [C:\Users\siebe\Documents\GitHub\Interdisciplinair-Project\InterdisciplinairProject\InterdisciplinairProject_n5o14qfd_wpftmp.csproj]
C:\Users\siebe\Documents\GitHub\Interdisciplinair-Project\InterdisciplinairProject\Fixtures\DMXCommunication\DMXCommunication.cs(70,17): warning SA1515: Single-line comment should be preceded by blank line (https://github.com/DotNetAnalyzers/StyleCopAnalyzers/blob/master/documentation/SA1515.md) [C:\Users\siebe\Documents\GitHub\Interdisciplinair-Project\InterdisciplinairProject\InterdisciplinairProject_n5o14qfd_wpftmp.csproj]
C:\Users\siebe\Documents\GitHub\Interdisciplinair-Project\InterdisciplinairProject\Fixtures\DMXCommunication\DMXCommunication.cs(70,17): warning SA1005: Single line comment should begin with a space (https://github.com/DotNetAnalyzers/StyleCopAnalyzers/blob/master/documentation/SA1005.md) [C:\Users\siebe\Documents\GitHub\Interdisciplinair-Project\InterdisciplinairProject\InterdisciplinairProject_n5o14qfd_wpftmp.csproj]
C:\Users\siebe\Documents\GitHub\Interdisciplinair-Project\InterdisciplinairProject\ViewModels\CreateShowViewModel.cs(31,1): warning SA1516: Elements should be separated by blank line (https://github.com/DotNetAnalyzers/StyleCopAnalyzers/blob/master/documentation/SA1516.md) [C:\Users\siebe\Documents\GitHub\Interdisciplinair-Project\InterdisciplinairProject\InterdisciplinairProject_n5o14qfd_wpftmp.csproj]
C:\Users\siebe\Documents\GitHub\Interdisciplinair-Project\InterdisciplinairProject\ViewModels\CreateShowViewModel.cs(33,9): warning SA1201: A event should not follow a property (https://github.com/DotNetAnalyzers/StyleCopAnalyzers/blob/master/documentation/SA1201.md) [C:\Users\siebe\Documents\GitHub\Interdisciplinair-Project\InterdisciplinairProject\InterdisciplinairProject_n5o14qfd_wpftmp.csproj]
C:\Users\siebe\Documents\GitHub\Interdisciplinair-Project\InterdisciplinairProject\ViewModels\CreateShowViewModel.cs(35,16): warning SA1201: A constructor should not follow a event (https://github.com/DotNetAnalyzers/StyleCopAnalyzers/blob/master/documentation/SA1201.md) [C:\Users\siebe\Documents\GitHub\Interdisciplinair-Project\InterdisciplinairProject\InterdisciplinairProject_n5o14qfd_wpftmp.csproj]
C:\Users\siebe\Documents\GitHub\Interdisciplinair-Project\InterdisciplinairProject\ViewModels\CreateShowViewModel.cs(61,24): warning SA1202: 'protected' members should come before 'private' members (https://github.com/DotNetAnalyzers/StyleCopAnalyzers/blob/master/documentation/SA1202.md) [C:\Users\siebe\Documents\GitHub\Interdisciplinair-Project\InterdisciplinairProject\InterdisciplinairProject_n5o14qfd_wpftmp.csproj]
C:\Users\siebe\Documents\GitHub\Interdisciplinair-Project\InterdisciplinairProject\ViewModels\ShowbuilderViewModel.cs(3,1): warning SA1210: Using directives should be ordered alphabetically by the namespaces (https://github.com/DotNetAnalyzers/StyleCopAnalyzers/blob/master/documentation/SA1210.md) [C:\Users\siebe\Documents\GitHub\Interdisciplinair-Project\InterdisciplinairProject\InterdisciplinairProject_n5o14qfd_wpftmp.csproj]
C:\Users\siebe\Documents\GitHub\Interdisciplinair-Project\InterdisciplinairProject\ViewModels\ShowbuilderViewModel.cs(14,1): warning SA1210: Using directives should be ordered alphabetically by the namespaces (https://github.com/DotNetAnalyzers/StyleCopAnalyzers/blob/master/documentation/SA1210.md) [C:\Users\siebe\Documents\GitHub\Interdisciplinair-Project\InterdisciplinairProject\InterdisciplinairProject_n5o14qfd_wpftmp.csproj]
C:\Users\siebe\Documents\GitHub\Interdisciplinair-Project\InterdisciplinairProject\ViewModels\TimeLineViewModel.cs(3,1): warning SA1210: Using directives should be ordered alphabetically by the namespaces (https://github.com/DotNetAnalyzers/StyleCopAnalyzers/blob/master/documentation/SA1210.md) [C:\Users\siebe\Documents\GitHub\Interdisciplinair-Project\InterdisciplinairProject\InterdisciplinairProject_n5o14qfd_wpftmp.csproj]
C:\Users\siebe\Documents\GitHub\Interdisciplinair-Project\InterdisciplinairProject\ViewModels\TimeLineViewModel.cs(9,1): warning SA1210: Using directives should be ordered alphabetically by the namespaces (https://github.com/DotNetAnalyzers/StyleCopAnalyzers/blob/master/documentation/SA1210.md) [C:\Users\siebe\Documents\GitHub\Interdisciplinair-Project\InterdisciplinairProject\InterdisciplinairProject_n5o14qfd_wpftmp.csproj]
C:\Users\siebe\Documents\GitHub\Interdisciplinair-Project\InterdisciplinairProject\Views\Scene\FixtureRegistryDialog.xaml.cs(38,51): warning SA1201: A field should not follow a property (https://github.com/DotNetAnalyzers/StyleCopAnalyzers/blob/master/documentation/SA1201.md) [C:\Users\siebe\Documents\GitHub\Interdisciplinair-Project\InterdisciplinairProject\InterdisciplinairProject_n5o14qfd_wpftmp.csproj]
C:\Users\siebe\Documents\GitHub\Interdisciplinair-Project\InterdisciplinairProject\Views\Scene\FixtureRegistryDialog.xaml.cs(73,16): warning SA1201: A constructor should not follow a property (https://github.com/DotNetAnalyzers/StyleCopAnalyzers/blob/master/documentation/SA1201.md) [C:\Users\siebe\Documents\GitHub\Interdisciplinair-Project\InterdisciplinairProject\InterdisciplinairProject_n5o14qfd_wpftmp.csproj]
C:\Users\siebe\Documents\GitHub\Interdisciplinair-Project\InterdisciplinairProject\Views\Scene\FixtureRegistryDialog.xaml.cs(416,48): warning SA1201: A property should not follow a class (https://github.com/DotNetAnalyzers/StyleCopAnalyzers/blob/master/documentation/SA1201.md) [C:\Users\siebe\Documents\GitHub\Interdisciplinair-Project\InterdisciplinairProject\InterdisciplinairProject_n5o14qfd_wpftmp.csproj]
C:\Users\siebe\Documents\GitHub\Interdisciplinair-Project\InterdisciplinairProject\Views\Scene\FixtureRegistryDialog.xaml.cs(434,9): warning SA1201: A event should not follow a method (https://github.com/DotNetAnalyzers/StyleCopAnalyzers/blob/master/documentation/SA1201.md) [C:\Users\siebe\Documents\GitHub\Interdisciplinair-Project\InterdisciplinairProject\InterdisciplinairProject_n5o14qfd_wpftmp.csproj]
C:\Users\siebe\Documents\GitHub\Interdisciplinair-Project\InterdisciplinairProject\Views\SceneControl.xaml.cs(1,1): warning SA1210: Using directives should be ordered alphabetically by the namespaces (https://github.com/DotNetAnalyzers/StyleCopAnalyzers/blob/master/documentation/SA1210.md) [C:\Users\siebe\Documents\GitHub\Interdisciplinair-Project\InterdisciplinairProject\InterdisciplinairProject_n5o14qfd_wpftmp.csproj]
C:\Users\siebe\Documents\GitHub\Interdisciplinair-Project\InterdisciplinairProject\Views\SceneControl.xaml.cs(4,1): warning SA1210: Using directives should be ordered alphabetically by the namespaces (https://github.com/DotNetAnalyzers/StyleCopAnalyzers/blob/master/documentation/SA1210.md) [C:\Users\siebe\Documents\GitHub\Interdisciplinair-Project\InterdisciplinairProject\InterdisciplinairProject_n5o14qfd_wpftmp.csproj]
C:\Users\siebe\Documents\GitHub\Interdisciplinair-Project\InterdisciplinairProject\Views\SceneControl.xaml.cs(5,1): warning SA1210: Using directives should be ordered alphabetically by the namespaces (https://github.com/DotNetAnalyzers/StyleCopAnalyzers/blob/master/documentation/SA1210.md) [C:\Users\siebe\Documents\GitHub\Interdisciplinair-Project\InterdisciplinairProject\InterdisciplinairProject_n5o14qfd_wpftmp.csproj]
C:\Users\siebe\Documents\GitHub\Interdisciplinair-Project\InterdisciplinairProject\Views\SceneControl.xaml.cs(7,1): warning SA1210: Using directives should be ordered alphabetically by the namespaces (https://github.com/DotNetAnalyzers/StyleCopAnalyzers/blob/master/documentation/SA1210.md) [C:\Users\siebe\Documents\GitHub\Interdisciplinair-Project\InterdisciplinairProject\InterdisciplinairProject_n5o14qfd_wpftmp.csproj]
C:\Users\siebe\Documents\GitHub\Interdisciplinair-Project\InterdisciplinairProject\Views\Scene\FixtureRegistryDialog.xaml.cs(10,1): warning SA1210: Using directives should be ordered alphabetically by the namespaces (https://github.com/DotNetAnalyzers/StyleCopAnalyzers/blob/master/documentation/SA1210.md) [C:\Users\siebe\Documents\GitHub\Interdisciplinair-Project\InterdisciplinairProject\InterdisciplinairProject_n5o14qfd_wpftmp.csproj]
C:\Users\siebe\Documents\GitHub\Interdisciplinair-Project\InterdisciplinairProject\Views\Scene\FixtureRegistryDialog.xaml.cs(43,13): warning SA1504: All accessors should be single-line or multi-line (https://github.com/DotNetAnalyzers/StyleCopAnalyzers/blob/master/documentation/SA1504.md) [C:\Users\siebe\Documents\GitHub\Interdisciplinair-Project\InterdisciplinairProject\InterdisciplinairProject_n5o14qfd_wpftmp.csproj]
C:\Users\siebe\Documents\GitHub\Interdisciplinair-Project\InterdisciplinairProject\Views\Scene\FixtureRegistryDialog.xaml.cs(44,1): warning SA1516: Elements should be separated by blank line (https://github.com/DotNetAnalyzers/StyleCopAnalyzers/blob/master/documentation/SA1516.md) [C:\Users\siebe\Documents\GitHub\Interdisciplinair-Project\InterdisciplinairProject\InterdisciplinairProject_n5o14qfd_wpftmp.csproj]
C:\Users\siebe\Documents\GitHub\Interdisciplinair-Project\InterdisciplinairProject\Views\ShowbuilderView.xaml.cs(2,1): warning SA1137: Elements should have the same indentation (https://github.com/DotNetAnalyzers/StyleCopAnalyzers/blob/master/documentation/SA1137.md) [C:\Users\siebe\Documents\GitHub\Interdisciplinair-Project\InterdisciplinairProject\InterdisciplinairProject_n5o14qfd_wpftmp.csproj]
C:\Users\siebe\Documents\GitHub\Interdisciplinair-Project\InterdisciplinairProject\Views\ShowbuilderView.xaml.cs(4,1): warning SA1137: Elements should have the same indentation (https://github.com/DotNetAnalyzers/StyleCopAnalyzers/blob/master/documentation/SA1137.md) [C:\Users\siebe\Documents\GitHub\Interdisciplinair-Project\InterdisciplinairProject\InterdisciplinairProject_n5o14qfd_wpftmp.csproj]
C:\Users\siebe\Documents\GitHub\Interdisciplinair-Project\InterdisciplinairProject\Views\Scene\FixtureRegistryDialog.xaml.cs(62,13): warning SA1504: All accessors should be single-line or multi-line (https://github.com/DotNetAnalyzers/StyleCopAnalyzers/blob/master/documentation/SA1504.md) [C:\Users\siebe\Documents\GitHub\Interdisciplinair-Project\InterdisciplinairProject\InterdisciplinairProject_n5o14qfd_wpftmp.csproj]
C:\Users\siebe\Documents\GitHub\Interdisciplinair-Project\InterdisciplinairProject\Views\Scene\FixtureRegistryDialog.xaml.cs(63,1): warning SA1516: Elements should be separated by blank line (https://github.com/DotNetAnalyzers/StyleCopAnalyzers/blob/master/documentation/SA1516.md) [C:\Users\siebe\Documents\GitHub\Interdisciplinair-Project\InterdisciplinairProject\InterdisciplinairProject_n5o14qfd_wpftmp.csproj]
C:\Users\siebe\Documents\GitHub\Interdisciplinair-Project\InterdisciplinairProject\Fixtures\ViewModels\ChannelItem.cs(172,5): warning SA1508: A closing brace should not be preceded by a blank line (https://github.com/DotNetAnalyzers/StyleCopAnalyzers/blob/master/documentation/SA1508.md) [C:\Users\siebe\Documents\GitHub\Interdisciplinair-Project\InterdisciplinairProject\InterdisciplinairProject_n5o14qfd_wpftmp.csproj]
C:\Users\siebe\Documents\GitHub\Interdisciplinair-Project\InterdisciplinairProject\Fixtures\ViewModels\ChannelItem.cs(58,22): warning SA1201: A field should not follow a property (https://github.com/DotNetAnalyzers/StyleCopAnalyzers/blob/master/documentation/SA1201.md) [C:\Users\siebe\Documents\GitHub\Interdisciplinair-Project\InterdisciplinairProject\InterdisciplinairProject_n5o14qfd_wpftmp.csproj]
C:\Users\siebe\Documents\GitHub\Interdisciplinair-Project\InterdisciplinairProject\Fixtures\ViewModels\ChannelItem.cs(165,28): warning SA1204: Static members should appear before non-static members (https://github.com/DotNetAnalyzers/StyleCopAnalyzers/blob/master/documentation/SA1204.md) [C:\Users\siebe\Documents\GitHub\Interdisciplinair-Project\InterdisciplinairProject\InterdisciplinairProject_n5o14qfd_wpftmp.csproj]
C:\Users\siebe\Documents\GitHub\Interdisciplinair-Project\InterdisciplinairProject\Fixtures\ViewModels\ChannelItem.cs(61,34): warning SA1214: Readonly fields should appear before non-readonly fields (https://github.com/DotNetAnalyzers/StyleCopAnalyzers/blob/master/documentation/SA1214.md) [C:\Users\siebe\Documents\GitHub\Interdisciplinair-Project\InterdisciplinairProject\InterdisciplinairProject_n5o14qfd_wpftmp.csproj]
C:\Users\siebe\Documents\GitHub\Interdisciplinair-Project\InterdisciplinairProject\Fixtures\ViewModels\ChannelItem.cs(17,9): warning SA1134: Each attribute should be placed on its own line of code (https://github.com/DotNetAnalyzers/StyleCopAnalyzers/blob/master/documentation/SA1134.md) [C:\Users\siebe\Documents\GitHub\Interdisciplinair-Project\InterdisciplinairProject\InterdisciplinairProject_n5o14qfd_wpftmp.csproj]
C:\Users\siebe\Documents\GitHub\Interdisciplinair-Project\InterdisciplinairProject\Fixtures\ViewModels\ChannelItem.cs(18,9): warning SA1134: Each attribute should be placed on its own line of code (https://github.com/DotNetAnalyzers/StyleCopAnalyzers/blob/master/documentation/SA1134.md) [C:\Users\siebe\Documents\GitHub\Interdisciplinair-Project\InterdisciplinairProject\InterdisciplinairProject_n5o14qfd_wpftmp.csproj]
C:\Users\siebe\Documents\GitHub\Interdisciplinair-Project\InterdisciplinairProject\Fixtures\ViewModels\ChannelItem.cs(21,9): warning SA1134: Each attribute should be placed on its own line of code (https://github.com/DotNetAnalyzers/StyleCopAnalyzers/blob/master/documentation/SA1134.md) [C:\Users\siebe\Documents\GitHub\Interdisciplinair-Project\InterdisciplinairProject\InterdisciplinairProject_n5o14qfd_wpftmp.csproj]
C:\Users\siebe\Documents\GitHub\Interdisciplinair-Project\InterdisciplinairProject\Fixtures\ViewModels\ChannelItem.cs(22,9): warning SA1134: Each attribute should be placed on its own line of code (https://github.com/DotNetAnalyzers/StyleCopAnalyzers/blob/master/documentation/SA1134.md) [C:\Users\siebe\Documents\GitHub\Interdisciplinair-Project\InterdisciplinairProject\InterdisciplinairProject_n5o14qfd_wpftmp.csproj]
C:\Users\siebe\Documents\GitHub\Interdisciplinair-Project\InterdisciplinairProject\Fixtures\ViewModels\ChannelItem.cs(23,9): warning SA1134: Each attribute should be placed on its own line of code (https://github.com/DotNetAnalyzers/StyleCopAnalyzers/blob/master/documentation/SA1134.md) [C:\Users\siebe\Documents\GitHub\Interdisciplinair-Project\InterdisciplinairProject\InterdisciplinairProject_n5o14qfd_wpftmp.csproj]
C:\Users\siebe\Documents\GitHub\Interdisciplinair-Project\InterdisciplinairProject\Fixtures\ViewModels\ChannelItem.cs(24,9): warning SA1134: Each attribute should be placed on its own line of code (https://github.com/DotNetAnalyzers/StyleCopAnalyzers/blob/master/documentation/SA1134.md) [C:\Users\siebe\Documents\GitHub\Interdisciplinair-Project\InterdisciplinairProject\InterdisciplinairProject_n5o14qfd_wpftmp.csproj]
C:\Users\siebe\Documents\GitHub\Interdisciplinair-Project\InterdisciplinairProject\Fixtures\ViewModels\ChannelItem.cs(27,9): warning SA1134: Each attribute should be placed on its own line of code (https://github.com/DotNetAnalyzers/StyleCopAnalyzers/blob/master/documentation/SA1134.md) [C:\Users\siebe\Documents\GitHub\Interdisciplinair-Project\InterdisciplinairProject\InterdisciplinairProject_n5o14qfd_wpftmp.csproj]
C:\Users\siebe\Documents\GitHub\Interdisciplinair-Project\InterdisciplinairProject\Fixtures\ViewModels\ChannelItem.cs(28,9): warning SA1134: Each attribute should be placed on its own line of code (https://github.com/DotNetAnalyzers/StyleCopAnalyzers/blob/master/documentation/SA1134.md) [C:\Users\siebe\Documents\GitHub\Interdisciplinair-Project\InterdisciplinairProject\InterdisciplinairProject_n5o14qfd_wpftmp.csproj]
C:\Users\siebe\Documents\GitHub\Interdisciplinair-Project\InterdisciplinairProject\Fixtures\ViewModels\ChannelItem.cs(29,9): warning SA1134: Each attribute should be placed on its own line of code (https://github.com/DotNetAnalyzers/StyleCopAnalyzers/blob/master/documentation/SA1134.md) [C:\Users\siebe\Documents\GitHub\Interdisciplinair-Project\InterdisciplinairProject\InterdisciplinairProject_n5o14qfd_wpftmp.csproj]
C:\Users\siebe\Documents\GitHub\Interdisciplinair-Project\InterdisciplinairProject\Fixtures\ViewModels\ChannelItem.cs(30,9): warning SA1134: Each attribute should be placed on its own line of code (https://github.com/DotNetAnalyzers/StyleCopAnalyzers/blob/master/documentation/SA1134.md) [C:\Users\siebe\Documents\GitHub\Interdisciplinair-Project\InterdisciplinairProject\InterdisciplinairProject_n5o14qfd_wpftmp.csproj]
C:\Users\siebe\Documents\GitHub\Interdisciplinair-Project\InterdisciplinairProject\Fixtures\ViewModels\ChannelItem.cs(31,9): warning SA1134: Each attribute should be placed on its own line of code (https://github.com/DotNetAnalyzers/StyleCopAnalyzers/blob/master/documentation/SA1134.md) [C:\Users\siebe\Documents\GitHub\Interdisciplinair-Project\InterdisciplinairProject\InterdisciplinairProject_n5o14qfd_wpftmp.csproj]
C:\Users\siebe\Documents\GitHub\Interdisciplinair-Project\InterdisciplinairProject\Fixtures\ViewModels\ChannelItem.cs(34,9): warning SA1134: Each attribute should be placed on its own line of code (https://github.com/DotNetAnalyzers/StyleCopAnalyzers/blob/master/documentation/SA1134.md) [C:\Users\siebe\Documents\GitHub\Interdisciplinair-Project\InterdisciplinairProject\InterdisciplinairProject_n5o14qfd_wpftmp.csproj]
C:\Users\siebe\Documents\GitHub\Interdisciplinair-Project\InterdisciplinairProject\Fixtures\ViewModels\ChannelItem.cs(35,9): warning SA1134: Each attribute should be placed on its own line of code (https://github.com/DotNetAnalyzers/StyleCopAnalyzers/blob/master/documentation/SA1134.md) [C:\Users\siebe\Documents\GitHub\Interdisciplinair-Project\InterdisciplinairProject\InterdisciplinairProject_n5o14qfd_wpftmp.csproj]
C:\Users\siebe\Documents\GitHub\Interdisciplinair-Project\InterdisciplinairProject\Fixtures\ViewModels\ChannelItem.cs(36,9): warning SA1134: Each attribute should be placed on its own line of code (https://github.com/DotNetAnalyzers/StyleCopAnalyzers/blob/master/documentation/SA1134.md) [C:\Users\siebe\Documents\GitHub\Interdisciplinair-Project\InterdisciplinairProject\InterdisciplinairProject_n5o14qfd_wpftmp.csproj]
C:\Users\siebe\Documents\GitHub\Interdisciplinair-Project\InterdisciplinairProject\Fixtures\ViewModels\ChannelItem.cs(37,9): warning SA1134: Each attribute should be placed on its own line of code (https://github.com/DotNetAnalyzers/StyleCopAnalyzers/blob/master/documentation/SA1134.md) [C:\Users\siebe\Documents\GitHub\Interdisciplinair-Project\InterdisciplinairProject\InterdisciplinairProject_n5o14qfd_wpftmp.csproj]
C:\Users\siebe\Documents\GitHub\Interdisciplinair-Project\InterdisciplinairProject\Fixtures\ViewModels\ChannelItem.cs(38,9): warning SA1134: Each attribute should be placed on its own line of code (https://github.com/DotNetAnalyzers/StyleCopAnalyzers/blob/master/documentation/SA1134.md) [C:\Users\siebe\Documents\GitHub\Interdisciplinair-Project\InterdisciplinairProject\InterdisciplinairProject_n5o14qfd_wpftmp.csproj]
C:\Users\siebe\Documents\GitHub\Interdisciplinair-Project\InterdisciplinairProject\Fixtures\ViewModels\ChannelItem.cs(41,9): warning SA1134: Each attribute should be placed on its own line of code (https://github.com/DotNetAnalyzers/StyleCopAnalyzers/blob/master/documentation/SA1134.md) [C:\Users\siebe\Documents\GitHub\Interdisciplinair-Project\InterdisciplinairProject\InterdisciplinairProject_n5o14qfd_wpftmp.csproj]
C:\Users\siebe\Documents\GitHub\Interdisciplinair-Project\InterdisciplinairProject\Fixtures\ViewModels\ChannelItem.cs(42,9): warning SA1134: Each attribute should be placed on its own line of code (https://github.com/DotNetAnalyzers/StyleCopAnalyzers/blob/master/documentation/SA1134.md) [C:\Users\siebe\Documents\GitHub\Interdisciplinair-Project\InterdisciplinairProject\InterdisciplinairProject_n5o14qfd_wpftmp.csproj]
C:\Users\siebe\Documents\GitHub\Interdisciplinair-Project\InterdisciplinairProject\Fixtures\ViewModels\ChannelItem.cs(43,9): warning SA1134: Each attribute should be placed on its own line of code (https://github.com/DotNetAnalyzers/StyleCopAnalyzers/blob/master/documentation/SA1134.md) [C:\Users\siebe\Documents\GitHub\Interdisciplinair-Project\InterdisciplinairProject\InterdisciplinairProject_n5o14qfd_wpftmp.csproj]
C:\Users\siebe\Documents\GitHub\Interdisciplinair-Project\InterdisciplinairProject\Fixtures\ViewModels\ChannelItem.cs(44,9): warning SA1134: Each attribute should be placed on its own line of code (https://github.com/DotNetAnalyzers/StyleCopAnalyzers/blob/master/documentation/SA1134.md) [C:\Users\siebe\Documents\GitHub\Interdisciplinair-Project\InterdisciplinairProject\InterdisciplinairProject_n5o14qfd_wpftmp.csproj]
C:\Users\siebe\Documents\GitHub\Interdisciplinair-Project\InterdisciplinairProject\Fixtures\ViewModels\ChannelItem.cs(45,9): warning SA1134: Each attribute should be placed on its own line of code (https://github.com/DotNetAnalyzers/StyleCopAnalyzers/blob/master/documentation/SA1134.md) [C:\Users\siebe\Documents\GitHub\Interdisciplinair-Project\InterdisciplinairProject\InterdisciplinairProject_n5o14qfd_wpftmp.csproj]
C:\Users\siebe\Documents\GitHub\Interdisciplinair-Project\InterdisciplinairProject\Fixtures\ViewModels\ChannelItem.cs(48,9): warning SA1134: Each attribute should be placed on its own line of code (https://github.com/DotNetAnalyzers/StyleCopAnalyzers/blob/master/documentation/SA1134.md) [C:\Users\siebe\Documents\GitHub\Interdisciplinair-Project\InterdisciplinairProject\InterdisciplinairProject_n5o14qfd_wpftmp.csproj]
C:\Users\siebe\Documents\GitHub\Interdisciplinair-Project\InterdisciplinairProject\Views\TimelineScene.xaml.cs(19,1): warning SA1516: Elements should be separated by blank line (https://github.com/DotNetAnalyzers/StyleCopAnalyzers/blob/master/documentation/SA1516.md) [C:\Users\siebe\Documents\GitHub\Interdisciplinair-Project\InterdisciplinairProject\InterdisciplinairProject_n5o14qfd_wpftmp.csproj]
C:\Users\siebe\Documents\GitHub\Interdisciplinair-Project\InterdisciplinairProject\Fixtures\Services\TypeCatalogService.cs(27,1): warning SA1507: Code should not contain multiple blank lines in a row (https://github.com/DotNetAnalyzers/StyleCopAnalyzers/blob/master/documentation/SA1507.md) [C:\Users\siebe\Documents\GitHub\Interdisciplinair-Project\InterdisciplinairProject\InterdisciplinairProject_n5o14qfd_wpftmp.csproj]
C:\Users\siebe\Documents\GitHub\Interdisciplinair-Project\InterdisciplinairProject\Fixtures\Services\TypeCatalogService.cs(46,1): warning SA1507: Code should not contain multiple blank lines in a row (https://github.com/DotNetAnalyzers/StyleCopAnalyzers/blob/master/documentation/SA1507.md) [C:\Users\siebe\Documents\GitHub\Interdisciplinair-Project\InterdisciplinairProject\InterdisciplinairProject_n5o14qfd_wpftmp.csproj]
C:\Users\siebe\Documents\GitHub\Interdisciplinair-Project\InterdisciplinairProject\Fixtures\Services\TypeCatalogService.cs(19,9): warning SA1512: Single-line comments should not be followed by blank line (https://github.com/DotNetAnalyzers/StyleCopAnalyzers/blob/master/documentation/SA1512.md) [C:\Users\siebe\Documents\GitHub\Interdisciplinair-Project\InterdisciplinairProject\InterdisciplinairProject_n5o14qfd_wpftmp.csproj]
C:\Users\siebe\Documents\GitHub\Interdisciplinair-Project\InterdisciplinairProject\ViewModels\SceneSettingsViewModel.cs(43,1): warning SA1516: Elements should be separated by blank line (https://github.com/DotNetAnalyzers/StyleCopAnalyzers/blob/master/documentation/SA1516.md) [C:\Users\siebe\Documents\GitHub\Interdisciplinair-Project\InterdisciplinairProject\InterdisciplinairProject_n5o14qfd_wpftmp.csproj]
C:\Users\siebe\Documents\GitHub\Interdisciplinair-Project\InterdisciplinairProject\ViewModels\SceneSettingsViewModel.cs(123,1): warning SA1516: Elements should be separated by blank line (https://github.com/DotNetAnalyzers/StyleCopAnalyzers/blob/master/documentation/SA1516.md) [C:\Users\siebe\Documents\GitHub\Interdisciplinair-Project\InterdisciplinairProject\InterdisciplinairProject_n5o14qfd_wpftmp.csproj]
C:\Users\siebe\Documents\GitHub\Interdisciplinair-Project\InterdisciplinairProject\ViewModels\SceneSettingsViewModel.cs(250,24): warning SA1202: 'protected' members should come before 'private' members (https://github.com/DotNetAnalyzers/StyleCopAnalyzers/blob/master/documentation/SA1202.md) [C:\Users\siebe\Documents\GitHub\Interdisciplinair-Project\InterdisciplinairProject\InterdisciplinairProject_n5o14qfd_wpftmp.csproj]
C:\Users\siebe\Documents\GitHub\Interdisciplinair-Project\InterdisciplinairProject\Fixtures\Services\TypeCatalogService.cs(16,9): warning SA1515: Single-line comment should be preceded by blank line (https://github.com/DotNetAnalyzers/StyleCopAnalyzers/blob/master/documentation/SA1515.md) [C:\Users\siebe\Documents\GitHub\Interdisciplinair-Project\InterdisciplinairProject\InterdisciplinairProject_n5o14qfd_wpftmp.csproj]
C:\Users\siebe\Documents\GitHub\Interdisciplinair-Project\InterdisciplinairProject\Fixtures\Services\TypeCatalogService.cs(97,17): warning SA1515: Single-line comment should be preceded by blank line (https://github.com/DotNetAnalyzers/StyleCopAnalyzers/blob/master/documentation/SA1515.md) [C:\Users\siebe\Documents\GitHub\Interdisciplinair-Project\InterdisciplinairProject\InterdisciplinairProject_n5o14qfd_wpftmp.csproj]
C:\Users\siebe\Documents\GitHub\Interdisciplinair-Project\InterdisciplinairProject\Fixtures\Services\TypeCatalogService.cs(16,9): warning SA1005: Single line comment should begin with a space (https://github.com/DotNetAnalyzers/StyleCopAnalyzers/blob/master/documentation/SA1005.md) [C:\Users\siebe\Documents\GitHub\Interdisciplinair-Project\InterdisciplinairProject\InterdisciplinairProject_n5o14qfd_wpftmp.csproj]
C:\Users\siebe\Documents\GitHub\Interdisciplinair-Project\InterdisciplinairProject\Fixtures\Services\TypeCatalogService.cs(18,9): warning SA1005: Single line comment should begin with a space (https://github.com/DotNetAnalyzers/StyleCopAnalyzers/blob/master/documentation/SA1005.md) [C:\Users\siebe\Documents\GitHub\Interdisciplinair-Project\InterdisciplinairProject\InterdisciplinairProject_n5o14qfd_wpftmp.csproj]
C:\Users\siebe\Documents\GitHub\Interdisciplinair-Project\InterdisciplinairProject\Fixtures\Services\TypeCatalogService.cs(31,34): warning SA1012: Opening brace should be preceded by a space (https://github.com/DotNetAnalyzers/StyleCopAnalyzers/blob/master/documentation/SA1012.md) [C:\Users\siebe\Documents\GitHub\Interdisciplinair-Project\InterdisciplinairProject\InterdisciplinairProject_n5o14qfd_wpftmp.csproj]
C:\Users\siebe\Documents\GitHub\Interdisciplinair-Project\InterdisciplinairProject\Fixtures\Services\TypeCatalogService.cs(32,34): warning SA1012: Opening brace should be preceded by a space (https://github.com/DotNetAnalyzers/StyleCopAnalyzers/blob/master/documentation/SA1012.md) [C:\Users\siebe\Documents\GitHub\Interdisciplinair-Project\InterdisciplinairProject\InterdisciplinairProject_n5o14qfd_wpftmp.csproj]
C:\Users\siebe\Documents\GitHub\Interdisciplinair-Project\InterdisciplinairProject\Fixtures\Services\TypeCatalogService.cs(33,34): warning SA1012: Opening brace should be preceded by a space (https://github.com/DotNetAnalyzers/StyleCopAnalyzers/blob/master/documentation/SA1012.md) [C:\Users\siebe\Documents\GitHub\Interdisciplinair-Project\InterdisciplinairProject\InterdisciplinairProject_n5o14qfd_wpftmp.csproj]
C:\Users\siebe\Documents\GitHub\Interdisciplinair-Project\InterdisciplinairProject\Fixtures\Services\TypeCatalogService.cs(34,34): warning SA1012: Opening brace should be preceded by a space (https://github.com/DotNetAnalyzers/StyleCopAnalyzers/blob/master/documentation/SA1012.md) [C:\Users\siebe\Documents\GitHub\Interdisciplinair-Project\InterdisciplinairProject\InterdisciplinairProject_n5o14qfd_wpftmp.csproj]
C:\Users\siebe\Documents\GitHub\Interdisciplinair-Project\InterdisciplinairProject\Fixtures\Services\TypeCatalogService.cs(35,34): warning SA1012: Opening brace should be preceded by a space (https://github.com/DotNetAnalyzers/StyleCopAnalyzers/blob/master/documentation/SA1012.md) [C:\Users\siebe\Documents\GitHub\Interdisciplinair-Project\InterdisciplinairProject\InterdisciplinairProject_n5o14qfd_wpftmp.csproj]
C:\Users\siebe\Documents\GitHub\Interdisciplinair-Project\InterdisciplinairProject\Fixtures\Services\TypeCatalogService.cs(36,34): warning SA1012: Opening brace should be preceded by a space (https://github.com/DotNetAnalyzers/StyleCopAnalyzers/blob/master/documentation/SA1012.md) [C:\Users\siebe\Documents\GitHub\Interdisciplinair-Project\InterdisciplinairProject\InterdisciplinairProject_n5o14qfd_wpftmp.csproj]
C:\Users\siebe\Documents\GitHub\Interdisciplinair-Project\InterdisciplinairProject\Fixtures\Services\TypeCatalogService.cs(37,34): warning SA1012: Opening brace should be preceded by a space (https://github.com/DotNetAnalyzers/StyleCopAnalyzers/blob/master/documentation/SA1012.md) [C:\Users\siebe\Documents\GitHub\Interdisciplinair-Project\InterdisciplinairProject\InterdisciplinairProject_n5o14qfd_wpftmp.csproj]
C:\Users\siebe\Documents\GitHub\Interdisciplinair-Project\InterdisciplinairProject\Fixtures\Services\TypeCatalogService.cs(38,34): warning SA1012: Opening brace should be preceded by a space (https://github.com/DotNetAnalyzers/StyleCopAnalyzers/blob/master/documentation/SA1012.md) [C:\Users\siebe\Documents\GitHub\Interdisciplinair-Project\InterdisciplinairProject\InterdisciplinairProject_n5o14qfd_wpftmp.csproj]
C:\Users\siebe\Documents\GitHub\Interdisciplinair-Project\InterdisciplinairProject\Fixtures\Services\TypeCatalogService.cs(39,34): warning SA1012: Opening brace should be preceded by a space (https://github.com/DotNetAnalyzers/StyleCopAnalyzers/blob/master/documentation/SA1012.md) [C:\Users\siebe\Documents\GitHub\Interdisciplinair-Project\InterdisciplinairProject\InterdisciplinairProject_n5o14qfd_wpftmp.csproj]
C:\Users\siebe\Documents\GitHub\Interdisciplinair-Project\InterdisciplinairProject\Fixtures\Services\TypeCatalogService.cs(40,34): warning SA1012: Opening brace should be preceded by a space (https://github.com/DotNetAnalyzers/StyleCopAnalyzers/blob/master/documentation/SA1012.md) [C:\Users\siebe\Documents\GitHub\Interdisciplinair-Project\InterdisciplinairProject\InterdisciplinairProject_n5o14qfd_wpftmp.csproj]
C:\Users\siebe\Documents\GitHub\Interdisciplinair-Project\InterdisciplinairProject\Fixtures\Services\TypeCatalogService.cs(41,34): warning SA1012: Opening brace should be preceded by a space (https://github.com/DotNetAnalyzers/StyleCopAnalyzers/blob/master/documentation/SA1012.md) [C:\Users\siebe\Documents\GitHub\Interdisciplinair-Project\InterdisciplinairProject\InterdisciplinairProject_n5o14qfd_wpftmp.csproj]
C:\Users\siebe\Documents\GitHub\Interdisciplinair-Project\InterdisciplinairProject\Fixtures\Services\TypeCatalogService.cs(31,65): warning SA1013: Closing brace should be preceded by a space (https://github.com/DotNetAnalyzers/StyleCopAnalyzers/blob/master/documentation/SA1013.md) [C:\Users\siebe\Documents\GitHub\Interdisciplinair-Project\InterdisciplinairProject\InterdisciplinairProject_n5o14qfd_wpftmp.csproj]
C:\Users\siebe\Documents\GitHub\Interdisciplinair-Project\InterdisciplinairProject\Fixtures\Services\TypeCatalogService.cs(32,81): warning SA1013: Closing brace should be preceded by a space (https://github.com/DotNetAnalyzers/StyleCopAnalyzers/blob/master/documentation/SA1013.md) [C:\Users\siebe\Documents\GitHub\Interdisciplinair-Project\InterdisciplinairProject\InterdisciplinairProject_n5o14qfd_wpftmp.csproj]
C:\Users\siebe\Documents\GitHub\Interdisciplinair-Project\InterdisciplinairProject\Fixtures\Services\TypeCatalogService.cs(33,78): warning SA1013: Closing brace should be preceded by a space (https://github.com/DotNetAnalyzers/StyleCopAnalyzers/blob/master/documentation/SA1013.md) [C:\Users\siebe\Documents\GitHub\Interdisciplinair-Project\InterdisciplinairProject\InterdisciplinairProject_n5o14qfd_wpftmp.csproj]
C:\Users\siebe\Documents\GitHub\Interdisciplinair-Project\InterdisciplinairProject\Fixtures\Services\TypeCatalogService.cs(34,78): warning SA1013: Closing brace should be preceded by a space (https://github.com/DotNetAnalyzers/StyleCopAnalyzers/blob/master/documentation/SA1013.md) [C:\Users\siebe\Documents\GitHub\Interdisciplinair-Project\InterdisciplinairProject\InterdisciplinairProject_n5o14qfd_wpftmp.csproj]
C:\Users\siebe\Documents\GitHub\Interdisciplinair-Project\InterdisciplinairProject\Fixtures\Services\TypeCatalogService.cs(35,79): warning SA1013: Closing brace should be preceded by a space (https://github.com/DotNetAnalyzers/StyleCopAnalyzers/blob/master/documentation/SA1013.md) [C:\Users\siebe\Documents\GitHub\Interdisciplinair-Project\InterdisciplinairProject\InterdisciplinairProject_n5o14qfd_wpftmp.csproj]
C:\Users\siebe\Documents\GitHub\Interdisciplinair-Project\InterdisciplinairProject\Fixtures\Services\TypeCatalogService.cs(36,88): warning SA1013: Closing brace should be preceded by a space (https://github.com/DotNetAnalyzers/StyleCopAnalyzers/blob/master/documentation/SA1013.md) [C:\Users\siebe\Documents\GitHub\Interdisciplinair-Project\InterdisciplinairProject\InterdisciplinairProject_n5o14qfd_wpftmp.csproj]
C:\Users\siebe\Documents\GitHub\Interdisciplinair-Project\InterdisciplinairProject\Fixtures\Services\TypeCatalogService.cs(37,94): warning SA1013: Closing brace should be preceded by a space (https://github.com/DotNetAnalyzers/StyleCopAnalyzers/blob/master/documentation/SA1013.md) [C:\Users\siebe\Documents\GitHub\Interdisciplinair-Project\InterdisciplinairProject\InterdisciplinairProject_n5o14qfd_wpftmp.csproj]
C:\Users\siebe\Documents\GitHub\Interdisciplinair-Project\InterdisciplinairProject\Fixtures\Services\TypeCatalogService.cs(38,77): warning SA1013: Closing brace should be preceded by a space (https://github.com/DotNetAnalyzers/StyleCopAnalyzers/blob/master/documentation/SA1013.md) [C:\Users\siebe\Documents\GitHub\Interdisciplinair-Project\InterdisciplinairProject\InterdisciplinairProject_n5o14qfd_wpftmp.csproj]
C:\Users\siebe\Documents\GitHub\Interdisciplinair-Project\InterdisciplinairProject\Fixtures\Services\TypeCatalogService.cs(39,79): warning SA1013: Closing brace should be preceded by a space (https://github.com/DotNetAnalyzers/StyleCopAnalyzers/blob/master/documentation/SA1013.md) [C:\Users\siebe\Documents\GitHub\Interdisciplinair-Project\InterdisciplinairProject\InterdisciplinairProject_n5o14qfd_wpftmp.csproj]
C:\Users\siebe\Documents\GitHub\Interdisciplinair-Project\InterdisciplinairProject\Fixtures\Services\TypeCatalogService.cs(40,78): warning SA1013: Closing brace should be preceded by a space (https://github.com/DotNetAnalyzers/StyleCopAnalyzers/blob/master/documentation/SA1013.md) [C:\Users\siebe\Documents\GitHub\Interdisciplinair-Project\InterdisciplinairProject\InterdisciplinairProject_n5o14qfd_wpftmp.csproj]
C:\Users\siebe\Documents\GitHub\Interdisciplinair-Project\InterdisciplinairProject\Fixtures\Services\TypeCatalogService.cs(41,79): warning SA1013: Closing brace should be preceded by a space (https://github.com/DotNetAnalyzers/StyleCopAnalyzers/blob/master/documentation/SA1013.md) [C:\Users\siebe\Documents\GitHub\Interdisciplinair-Project\InterdisciplinairProject\InterdisciplinairProject_n5o14qfd_wpftmp.csproj]
C:\Users\siebe\Documents\GitHub\Interdisciplinair-Project\InterdisciplinairProject\Views\Scene\FixtureRegistryDialog.xaml.cs(325,1): warning SA1516: Elements should be separated by blank line (https://github.com/DotNetAnalyzers/StyleCopAnalyzers/blob/master/documentation/SA1516.md) [C:\Users\siebe\Documents\GitHub\Interdisciplinair-Project\InterdisciplinairProject\InterdisciplinairProject_n5o14qfd_wpftmp.csproj]
C:\Users\siebe\Documents\GitHub\Interdisciplinair-Project\InterdisciplinairProject\Views\Scene\FixtureRegistryDialog.xaml.cs(326,1): warning SA1516: Elements should be separated by blank line (https://github.com/DotNetAnalyzers/StyleCopAnalyzers/blob/master/documentation/SA1516.md) [C:\Users\siebe\Documents\GitHub\Interdisciplinair-Project\InterdisciplinairProject\InterdisciplinairProject_n5o14qfd_wpftmp.csproj]
C:\Users\siebe\Documents\GitHub\Interdisciplinair-Project\InterdisciplinairProject\Views\Scene\FixtureRegistryDialog.xaml.cs(407,13): warning SA1201: A event should not follow a method (https://github.com/DotNetAnalyzers/StyleCopAnalyzers/blob/master/documentation/SA1201.md) [C:\Users\siebe\Documents\GitHub\Interdisciplinair-Project\InterdisciplinairProject\InterdisciplinairProject_n5o14qfd_wpftmp.csproj]
C:\Users\siebe\Documents\GitHub\Interdisciplinair-Project\InterdisciplinairProject\Views\Scene\FixtureRegistryDialog.xaml.cs(280,74): warning SA1204: Static members should appear before non-static members (https://github.com/DotNetAnalyzers/StyleCopAnalyzers/blob/master/documentation/SA1204.md) [C:\Users\siebe\Documents\GitHub\Interdisciplinair-Project\InterdisciplinairProject\InterdisciplinairProject_n5o14qfd_wpftmp.csproj]
C:\Users\siebe\Documents\GitHub\Interdisciplinair-Project\InterdisciplinairProject\Fixtures\Services\TypeCatalogService.cs(46,1): warning SA1028: Code should not contain trailing whitespace (https://github.com/DotNetAnalyzers/StyleCopAnalyzers/blob/master/documentation/SA1028.md) [C:\Users\siebe\Documents\GitHub\Interdisciplinair-Project\InterdisciplinairProject\InterdisciplinairProject_n5o14qfd_wpftmp.csproj]
C:\Users\siebe\Documents\GitHub\Interdisciplinair-Project\InterdisciplinairProject\Fixtures\ViewModels\ChannelItem.cs(59,1): warning SA1507: Code should not contain multiple blank lines in a row (https://github.com/DotNetAnalyzers/StyleCopAnalyzers/blob/master/documentation/SA1507.md) [C:\Users\siebe\Documents\GitHub\Interdisciplinair-Project\InterdisciplinairProject\InterdisciplinairProject_n5o14qfd_wpftmp.csproj]
C:\Users\siebe\Documents\GitHub\Interdisciplinair-Project\InterdisciplinairProject\Fixtures\ViewModels\FixtureContentViewModel.cs(26,1): warning SA1516: Elements should be separated by blank line (https://github.com/DotNetAnalyzers/StyleCopAnalyzers/blob/master/documentation/SA1516.md) [C:\Users\siebe\Documents\GitHub\Interdisciplinair-Project\InterdisciplinairProject\InterdisciplinairProject_n5o14qfd_wpftmp.csproj]
C:\Users\siebe\Documents\GitHub\Interdisciplinair-Project\InterdisciplinairProject\Fixtures\ViewModels\FixtureContentViewModel.cs(27,1): warning SA1516: Elements should be separated by blank line (https://github.com/DotNetAnalyzers/StyleCopAnalyzers/blob/master/documentation/SA1516.md) [C:\Users\siebe\Documents\GitHub\Interdisciplinair-Project\InterdisciplinairProject\InterdisciplinairProject_n5o14qfd_wpftmp.csproj]
C:\Users\siebe\Documents\GitHub\Interdisciplinair-Project\InterdisciplinairProject\Fixtures\ViewModels\FixtureContentViewModel.cs(30,1): warning SA1516: Elements should be separated by blank line (https://github.com/DotNetAnalyzers/StyleCopAnalyzers/blob/master/documentation/SA1516.md) [C:\Users\siebe\Documents\GitHub\Interdisciplinair-Project\InterdisciplinairProject\InterdisciplinairProject_n5o14qfd_wpftmp.csproj]
C:\Users\siebe\Documents\GitHub\Interdisciplinair-Project\InterdisciplinairProject\Fixtures\ViewModels\FixtureContentViewModel.cs(31,1): warning SA1516: Elements should be separated by blank line (https://github.com/DotNetAnalyzers/StyleCopAnalyzers/blob/master/documentation/SA1516.md) [C:\Users\siebe\Documents\GitHub\Interdisciplinair-Project\InterdisciplinairProject\InterdisciplinairProject_n5o14qfd_wpftmp.csproj]
C:\Users\siebe\Documents\GitHub\Interdisciplinair-Project\InterdisciplinairProject\Fixtures\ViewModels\FixtureContentViewModel.cs(32,1): warning SA1516: Elements should be separated by blank line (https://github.com/DotNetAnalyzers/StyleCopAnalyzers/blob/master/documentation/SA1516.md) [C:\Users\siebe\Documents\GitHub\Interdisciplinair-Project\InterdisciplinairProject\InterdisciplinairProject_n5o14qfd_wpftmp.csproj]
C:\Users\siebe\Documents\GitHub\Interdisciplinair-Project\InterdisciplinairProject\Fixtures\ViewModels\FixtureContentViewModel.cs(33,1): warning SA1516: Elements should be separated by blank line (https://github.com/DotNetAnalyzers/StyleCopAnalyzers/blob/master/documentation/SA1516.md) [C:\Users\siebe\Documents\GitHub\Interdisciplinair-Project\InterdisciplinairProject\InterdisciplinairProject_n5o14qfd_wpftmp.csproj]
C:\Users\siebe\Documents\GitHub\Interdisciplinair-Project\InterdisciplinairProject\Fixtures\ViewModels\FixtureContentViewModel.cs(45,1): warning SA1516: Elements should be separated by blank line (https://github.com/DotNetAnalyzers/StyleCopAnalyzers/blob/master/documentation/SA1516.md) [C:\Users\siebe\Documents\GitHub\Interdisciplinair-Project\InterdisciplinairProject\InterdisciplinairProject_n5o14qfd_wpftmp.csproj]
C:\Users\siebe\Documents\GitHub\Interdisciplinair-Project\InterdisciplinairProject\Fixtures\ViewModels\FixtureContentViewModel.cs(48,1): warning SA1516: Elements should be separated by blank line (https://github.com/DotNetAnalyzers/StyleCopAnalyzers/blob/master/documentation/SA1516.md) [C:\Users\siebe\Documents\GitHub\Interdisciplinair-Project\InterdisciplinairProject\InterdisciplinairProject_n5o14qfd_wpftmp.csproj]
C:\Users\siebe\Documents\GitHub\Interdisciplinair-Project\InterdisciplinairProject\Fixtures\ViewModels\FixtureContentViewModel.cs(49,1): warning SA1516: Elements should be separated by blank line (https://github.com/DotNetAnalyzers/StyleCopAnalyzers/blob/master/documentation/SA1516.md) [C:\Users\siebe\Documents\GitHub\Interdisciplinair-Project\InterdisciplinairProject\InterdisciplinairProject_n5o14qfd_wpftmp.csproj]
C:\Users\siebe\Documents\GitHub\Interdisciplinair-Project\InterdisciplinairProject\Fixtures\ViewModels\FixtureContentViewModel.cs(50,1): warning SA1516: Elements should be separated by blank line (https://github.com/DotNetAnalyzers/StyleCopAnalyzers/blob/master/documentation/SA1516.md) [C:\Users\siebe\Documents\GitHub\Interdisciplinair-Project\InterdisciplinairProject\InterdisciplinairProject_n5o14qfd_wpftmp.csproj]
C:\Users\siebe\Documents\GitHub\Interdisciplinair-Project\InterdisciplinairProject\Fixtures\ViewModels\FixtureContentViewModel.cs(52,16): warning SA1201: A constructor should not follow a property (https://github.com/DotNetAnalyzers/StyleCopAnalyzers/blob/master/documentation/SA1201.md) [C:\Users\siebe\Documents\GitHub\Interdisciplinair-Project\InterdisciplinairProject\InterdisciplinairProject_n5o14qfd_wpftmp.csproj]
C:\Users\siebe\Documents\GitHub\Interdisciplinair-Project\InterdisciplinairProject\Fixtures\ViewModels\FixtureContentViewModel.cs(118,21): warning SA1202: 'public' members should come before 'private' members (https://github.com/DotNetAnalyzers/StyleCopAnalyzers/blob/master/documentation/SA1202.md) [C:\Users\siebe\Documents\GitHub\Interdisciplinair-Project\InterdisciplinairProject\InterdisciplinairProject_n5o14qfd_wpftmp.csproj]
C:\Users\siebe\Documents\GitHub\Interdisciplinair-Project\InterdisciplinairProject\Fixtures\ViewModels\ChannelItem.cs(139,14): warning SA1513: Closing brace should be followed by blank line (https://github.com/DotNetAnalyzers/StyleCopAnalyzers/blob/master/documentation/SA1513.md) [C:\Users\siebe\Documents\GitHub\Interdisciplinair-Project\InterdisciplinairProject\InterdisciplinairProject_n5o14qfd_wpftmp.csproj]
C:\Users\siebe\Documents\GitHub\Interdisciplinair-Project\InterdisciplinairProject\Fixtures\ViewModels\ChannelItem.cs(146,14): warning SA1513: Closing brace should be followed by blank line (https://github.com/DotNetAnalyzers/StyleCopAnalyzers/blob/master/documentation/SA1513.md) [C:\Users\siebe\Documents\GitHub\Interdisciplinair-Project\InterdisciplinairProject\InterdisciplinairProject_n5o14qfd_wpftmp.csproj]
C:\Users\siebe\Documents\GitHub\Interdisciplinair-Project\InterdisciplinairProject\Fixtures\ViewModels\ChannelItem.cs(153,14): warning SA1513: Closing brace should be followed by blank line (https://github.com/DotNetAnalyzers/StyleCopAnalyzers/blob/master/documentation/SA1513.md) [C:\Users\siebe\Documents\GitHub\Interdisciplinair-Project\InterdisciplinairProject\InterdisciplinairProject_n5o14qfd_wpftmp.csproj]
C:\Users\siebe\Documents\GitHub\Interdisciplinair-Project\InterdisciplinairProject\Fixtures\ViewModels\ChannelItem.cs(161,14): warning SA1513: Closing brace should be followed by blank line (https://github.com/DotNetAnalyzers/StyleCopAnalyzers/blob/master/documentation/SA1513.md) [C:\Users\siebe\Documents\GitHub\Interdisciplinair-Project\InterdisciplinairProject\InterdisciplinairProject_n5o14qfd_wpftmp.csproj]
C:\Users\siebe\Documents\GitHub\Interdisciplinair-Project\InterdisciplinairProject\Fixtures\ViewModels\ChannelItem.cs(162,13): warning SA1515: Single-line comment should be preceded by blank line (https://github.com/DotNetAnalyzers/StyleCopAnalyzers/blob/master/documentation/SA1515.md) [C:\Users\siebe\Documents\GitHub\Interdisciplinair-Project\InterdisciplinairProject\InterdisciplinairProject_n5o14qfd_wpftmp.csproj]
C:\Users\siebe\Documents\GitHub\Interdisciplinair-Project\InterdisciplinairProject\Fixtures\ViewModels\ChannelItem.cs(174,2): warning SA1518: Code should not contain blank lines at the end of the file (https://github.com/DotNetAnalyzers/StyleCopAnalyzers/blob/master/documentation/SA1518.md) [C:\Users\siebe\Documents\GitHub\Interdisciplinair-Project\InterdisciplinairProject\InterdisciplinairProject_n5o14qfd_wpftmp.csproj]
C:\Users\siebe\Documents\GitHub\Interdisciplinair-Project\InterdisciplinairProject\Fixtures\ViewModels\FixtureContentViewModel.cs(39,13): warning SA1413: Use trailing comma in multi-line initializers (https://github.com/DotNetAnalyzers/StyleCopAnalyzers/blob/master/documentation/SA1413.md) [C:\Users\siebe\Documents\GitHub\Interdisciplinair-Project\InterdisciplinairProject\InterdisciplinairProject_n5o14qfd_wpftmp.csproj]
C:\Users\siebe\Documents\GitHub\Interdisciplinair-Project\InterdisciplinairProject\Fixtures\ViewModels\FixtureCreateViewModel.cs(29,1): warning SA1516: Elements should be separated by blank line (https://github.com/DotNetAnalyzers/StyleCopAnalyzers/blob/master/documentation/SA1516.md) [C:\Users\siebe\Documents\GitHub\Interdisciplinair-Project\InterdisciplinairProject\InterdisciplinairProject_n5o14qfd_wpftmp.csproj]
C:\Users\siebe\Documents\GitHub\Interdisciplinair-Project\InterdisciplinairProject\Fixtures\ViewModels\FixtureCreateViewModel.cs(110,24): warning SA1201: A field should not follow a property (https://github.com/DotNetAnalyzers/StyleCopAnalyzers/blob/master/documentation/SA1201.md) [C:\Users\siebe\Documents\GitHub\Interdisciplinair-Project\InterdisciplinairProject\InterdisciplinairProject_n5o14qfd_wpftmp.csproj]
C:\Users\siebe\Documents\GitHub\Interdisciplinair-Project\InterdisciplinairProject\Fixtures\ViewModels\FixtureCreateViewModel.cs(128,16): warning SA1201: A constructor should not follow a property (https://github.com/DotNetAnalyzers/StyleCopAnalyzers/blob/master/documentation/SA1201.md) [C:\Users\siebe\Documents\GitHub\Interdisciplinair-Project\InterdisciplinairProject\InterdisciplinairProject_n5o14qfd_wpftmp.csproj]
C:\Users\siebe\Documents\GitHub\Interdisciplinair-Project\InterdisciplinairProject\Fixtures\ViewModels\FixtureListViewModel.cs(23,9): warning SA1413: Use trailing comma in multi-line initializers (https://github.com/DotNetAnalyzers/StyleCopAnalyzers/blob/master/documentation/SA1413.md) [C:\Users\siebe\Documents\GitHub\Interdisciplinair-Project\InterdisciplinairProject\InterdisciplinairProject_n5o14qfd_wpftmp.csproj]
C:\Users\siebe\Documents\GitHub\Interdisciplinair-Project\InterdisciplinairProject\Fixtures\ViewModels\FixtureCreateViewModel.cs(294,1): warning SA1507: Code should not contain multiple blank lines in a row (https://github.com/DotNetAnalyzers/StyleCopAnalyzers/blob/master/documentation/SA1507.md) [C:\Users\siebe\Documents\GitHub\Interdisciplinair-Project\InterdisciplinairProject\InterdisciplinairProject_n5o14qfd_wpftmp.csproj]
C:\Users\siebe\Documents\GitHub\Interdisciplinair-Project\InterdisciplinairProject\Fixtures\ViewModels\FixtureListViewModel.cs(235,5): warning SA1508: A closing brace should not be preceded by a blank line (https://github.com/DotNetAnalyzers/StyleCopAnalyzers/blob/master/documentation/SA1508.md) [C:\Users\siebe\Documents\GitHub\Interdisciplinair-Project\InterdisciplinairProject\InterdisciplinairProject_n5o14qfd_wpftmp.csproj]
C:\Users\siebe\Documents\GitHub\Interdisciplinair-Project\InterdisciplinairProject\Fixtures\ViewModels\FixtureListViewModel.cs(72,1): warning SA1516: Elements should be separated by blank line (https://github.com/DotNetAnalyzers/StyleCopAnalyzers/blob/master/documentation/SA1516.md) [C:\Users\siebe\Documents\GitHub\Interdisciplinair-Project\InterdisciplinairProject\InterdisciplinairProject_n5o14qfd_wpftmp.csproj]
C:\Users\siebe\Documents\GitHub\Interdisciplinair-Project\InterdisciplinairProject\Fixtures\ViewModels\FixtureListViewModel.cs(33,9): warning SA1201: A event should not follow a property (https://github.com/DotNetAnalyzers/StyleCopAnalyzers/blob/master/documentation/SA1201.md) [C:\Users\siebe\Documents\GitHub\Interdisciplinair-Project\InterdisciplinairProject\InterdisciplinairProject_n5o14qfd_wpftmp.csproj]
C:\Users\siebe\Documents\GitHub\Interdisciplinair-Project\InterdisciplinairProject\Fixtures\ViewModels\FixtureListViewModel.cs(39,24): warning SA1201: A field should not follow a property (https://github.com/DotNetAnalyzers/StyleCopAnalyzers/blob/master/documentation/SA1201.md) [C:\Users\siebe\Documents\GitHub\Interdisciplinair-Project\InterdisciplinairProject\InterdisciplinairProject_n5o14qfd_wpftmp.csproj]
C:\Users\siebe\Documents\GitHub\Interdisciplinair-Project\InterdisciplinairProject\Fixtures\ViewModels\FixtureListViewModel.cs(55,28): warning SA1201: A field should not follow a property (https://github.com/DotNetAnalyzers/StyleCopAnalyzers/blob/master/documentation/SA1201.md) [C:\Users\siebe\Documents\GitHub\Interdisciplinair-Project\InterdisciplinairProject\InterdisciplinairProject_n5o14qfd_wpftmp.csproj]
C:\Users\siebe\Documents\GitHub\Interdisciplinair-Project\InterdisciplinairProject\Fixtures\ViewModels\FixtureListViewModel.cs(71,26): warning SA1201: A field should not follow a property (https://github.com/DotNetAnalyzers/StyleCopAnalyzers/blob/master/documentation/SA1201.md) [C:\Users\siebe\Documents\GitHub\Interdisciplinair-Project\InterdisciplinairProject\InterdisciplinairProject_n5o14qfd_wpftmp.csproj]
C:\Users\siebe\Documents\GitHub\Interdisciplinair-Project\InterdisciplinairProject\Fixtures\ViewModels\FixtureListViewModel.cs(87,16): warning SA1201: A constructor should not follow a property (https://github.com/DotNetAnalyzers/StyleCopAnalyzers/blob/master/documentation/SA1201.md) [C:\Users\siebe\Documents\GitHub\Interdisciplinair-Project\InterdisciplinairProject\InterdisciplinairProject_n5o14qfd_wpftmp.csproj]
C:\Users\siebe\Documents\GitHub\Interdisciplinair-Project\InterdisciplinairProject\Fixtures\ViewModels\FixtureListViewModel.cs(232,24): warning SA1202: 'protected' members should come before 'private' members (https://github.com/DotNetAnalyzers/StyleCopAnalyzers/blob/master/documentation/SA1202.md) [C:\Users\siebe\Documents\GitHub\Interdisciplinair-Project\InterdisciplinairProject\InterdisciplinairProject_n5o14qfd_wpftmp.csproj]
C:\Users\siebe\Documents\GitHub\Interdisciplinair-Project\InterdisciplinairProject\Fixtures\Views\FixtureCreateView.xaml.cs(13,5): warning SA1505: An opening brace should not be followed by a blank line (https://github.com/DotNetAnalyzers/StyleCopAnalyzers/blob/master/documentation/SA1505.md) [C:\Users\siebe\Documents\GitHub\Interdisciplinair-Project\InterdisciplinairProject\InterdisciplinairProject_n5o14qfd_wpftmp.csproj]
C:\Users\siebe\Documents\GitHub\Interdisciplinair-Project\InterdisciplinairProject\Fixtures\Views\FixtureCreateView.xaml.cs(174,5): warning SA1508: A closing brace should not be preceded by a blank line (https://github.com/DotNetAnalyzers/StyleCopAnalyzers/blob/master/documentation/SA1508.md) [C:\Users\siebe\Documents\GitHub\Interdisciplinair-Project\InterdisciplinairProject\InterdisciplinairProject_n5o14qfd_wpftmp.csproj]
C:\Users\siebe\Documents\GitHub\Interdisciplinair-Project\InterdisciplinairProject\Fixtures\Views\FixtureCreateView.xaml.cs(80,27): warning SA1204: Static members should appear before non-static members (https://github.com/DotNetAnalyzers/StyleCopAnalyzers/blob/master/documentation/SA1204.md) [C:\Users\siebe\Documents\GitHub\Interdisciplinair-Project\InterdisciplinairProject\InterdisciplinairProject_n5o14qfd_wpftmp.csproj]
C:\Users\siebe\Documents\GitHub\Interdisciplinair-Project\InterdisciplinairProject\ViewModels\TimeLineViewModel.cs(49,1): warning SA1516: Elements should be separated by blank line (https://github.com/DotNetAnalyzers/StyleCopAnalyzers/blob/master/documentation/SA1516.md) [C:\Users\siebe\Documents\GitHub\Interdisciplinair-Project\InterdisciplinairProject\InterdisciplinairProject_n5o14qfd_wpftmp.csproj]
C:\Users\siebe\Documents\GitHub\Interdisciplinair-Project\InterdisciplinairProject\ViewModels\TimeLineViewModel.cs(50,1): warning SA1516: Elements should be separated by blank line (https://github.com/DotNetAnalyzers/StyleCopAnalyzers/blob/master/documentation/SA1516.md) [C:\Users\siebe\Documents\GitHub\Interdisciplinair-Project\InterdisciplinairProject\InterdisciplinairProject_n5o14qfd_wpftmp.csproj]
C:\Users\siebe\Documents\GitHub\Interdisciplinair-Project\InterdisciplinairProject\ViewModels\TimeLineViewModel.cs(48,35): warning SA1201: A property should not follow a method (https://github.com/DotNetAnalyzers/StyleCopAnalyzers/blob/master/documentation/SA1201.md) [C:\Users\siebe\Documents\GitHub\Interdisciplinair-Project\InterdisciplinairProject\InterdisciplinairProject_n5o14qfd_wpftmp.csproj]
C:\Users\siebe\Documents\GitHub\Interdisciplinair-Project\InterdisciplinairProject\Fixtures\Views\FixtureListView.xaml.cs(36,5): warning SA1508: A closing brace should not be preceded by a blank line (https://github.com/DotNetAnalyzers/StyleCopAnalyzers/blob/master/documentation/SA1508.md) [C:\Users\siebe\Documents\GitHub\Interdisciplinair-Project\InterdisciplinairProject\InterdisciplinairProject_n5o14qfd_wpftmp.csproj]
C:\Users\siebe\Documents\GitHub\Interdisciplinair-Project\InterdisciplinairProject\Fixtures\Views\FixtureListView.xaml.cs(24,1): warning SA1516: Elements should be separated by blank line (https://github.com/DotNetAnalyzers/StyleCopAnalyzers/blob/master/documentation/SA1516.md) [C:\Users\siebe\Documents\GitHub\Interdisciplinair-Project\InterdisciplinairProject\InterdisciplinairProject_n5o14qfd_wpftmp.csproj]
C:\Users\siebe\Documents\GitHub\Interdisciplinair-Project\InterdisciplinairProject\Fixtures\ViewModels\FixtureCreateViewModel.cs(255,13): warning SA1009: Closing parenthesis should not be preceded by a space (https://github.com/DotNetAnalyzers/StyleCopAnalyzers/blob/master/documentation/SA1009.md) [C:\Users\siebe\Documents\GitHub\Interdisciplinair-Project\InterdisciplinairProject\InterdisciplinairProject_n5o14qfd_wpftmp.csproj]
C:\Users\siebe\Documents\GitHub\Interdisciplinair-Project\InterdisciplinairProject\Fixtures\ViewModels\MainWindowFixturesViewModel.cs(49,1): warning SA1516: Elements should be separated by blank line (https://github.com/DotNetAnalyzers/StyleCopAnalyzers/blob/master/documentation/SA1516.md) [C:\Users\siebe\Documents\GitHub\Interdisciplinair-Project\InterdisciplinairProject\InterdisciplinairProject_n5o14qfd_wpftmp.csproj]
C:\Users\siebe\Documents\GitHub\Interdisciplinair-Project\InterdisciplinairProject\Fixtures\ViewModels\MainWindowFixturesViewModel.cs(109,1): warning SA1516: Elements should be separated by blank line (https://github.com/DotNetAnalyzers/StyleCopAnalyzers/blob/master/documentation/SA1516.md) [C:\Users\siebe\Documents\GitHub\Interdisciplinair-Project\InterdisciplinairProject\InterdisciplinairProject_n5o14qfd_wpftmp.csproj]
C:\Users\siebe\Documents\GitHub\Interdisciplinair-Project\InterdisciplinairProject\Fixtures\ViewModels\MainWindowFixturesViewModel.cs(52,16): warning SA1201: A constructor should not follow a property (https://github.com/DotNetAnalyzers/StyleCopAnalyzers/blob/master/documentation/SA1201.md) [C:\Users\siebe\Documents\GitHub\Interdisciplinair-Project\InterdisciplinairProject\InterdisciplinairProject_n5o14qfd_wpftmp.csproj]
C:\Users\siebe\Documents\GitHub\Interdisciplinair-Project\InterdisciplinairProject\Fixtures\ViewModels\ManufacturerGroup.cs(12,52): warning SA1122: Use string.Empty for empty strings (https://github.com/DotNetAnalyzers/StyleCopAnalyzers/blob/master/documentation/SA1122.md) [C:\Users\siebe\Documents\GitHub\Interdisciplinair-Project\InterdisciplinairProject\InterdisciplinairProject_n5o14qfd_wpftmp.csproj]
C:\Users\siebe\Documents\GitHub\Interdisciplinair-Project\InterdisciplinairProject\Fixtures\ViewModels\ManufacturerGroup.cs(13,1): warning SA1516: Elements should be separated by blank line (https://github.com/DotNetAnalyzers/StyleCopAnalyzers/blob/master/documentation/SA1516.md) [C:\Users\siebe\Documents\GitHub\Interdisciplinair-Project\InterdisciplinairProject\InterdisciplinairProject_n5o14qfd_wpftmp.csproj]
C:\Users\siebe\Documents\GitHub\Interdisciplinair-Project\InterdisciplinairProject\Fixtures\ViewModels\ManufacturerGroup.cs(14,1): warning SA1516: Elements should be separated by blank line (https://github.com/DotNetAnalyzers/StyleCopAnalyzers/blob/master/documentation/SA1516.md) [C:\Users\siebe\Documents\GitHub\Interdisciplinair-Project\InterdisciplinairProject\InterdisciplinairProject_n5o14qfd_wpftmp.csproj]
C:\Users\siebe\Documents\GitHub\Interdisciplinair-Project\InterdisciplinairProject\Fixtures\ViewModels\ManufacturerGroup.cs(17,1): warning SA1516: Elements should be separated by blank line (https://github.com/DotNetAnalyzers/StyleCopAnalyzers/blob/master/documentation/SA1516.md) [C:\Users\siebe\Documents\GitHub\Interdisciplinair-Project\InterdisciplinairProject\InterdisciplinairProject_n5o14qfd_wpftmp.csproj]
C:\Users\siebe\Documents\GitHub\Interdisciplinair-Project\InterdisciplinairProject\Fixtures\ViewModels\ManufacturerGroup.cs(16,22): warning SA1201: A field should not follow a property (https://github.com/DotNetAnalyzers/StyleCopAnalyzers/blob/master/documentation/SA1201.md) [C:\Users\siebe\Documents\GitHub\Interdisciplinair-Project\InterdisciplinairProject\InterdisciplinairProject_n5o14qfd_wpftmp.csproj]
C:\Users\siebe\Documents\GitHub\Interdisciplinair-Project\InterdisciplinairProject\Fixtures\ViewModels\ManufacturerGroup.cs(30,9): warning SA1201: A event should not follow a property (https://github.com/DotNetAnalyzers/StyleCopAnalyzers/blob/master/documentation/SA1201.md) [C:\Users\siebe\Documents\GitHub\Interdisciplinair-Project\InterdisciplinairProject\InterdisciplinairProject_n5o14qfd_wpftmp.csproj]
C:\Users\siebe\Documents\GitHub\Interdisciplinair-Project\InterdisciplinairProject\Fixtures\ViewModels\ManufacturerViewmodel.cs(30,16): warning SA1201: A constructor should not follow a property (https://github.com/DotNetAnalyzers/StyleCopAnalyzers/blob/master/documentation/SA1201.md) [C:\Users\siebe\Documents\GitHub\Interdisciplinair-Project\InterdisciplinairProject\InterdisciplinairProject_n5o14qfd_wpftmp.csproj]
C:\Users\siebe\Documents\GitHub\Interdisciplinair-Project\InterdisciplinairProject\Fixtures\ViewModels\ManufacturerViewmodel.cs(63,1): warning SA1516: Elements should be separated by blank line (https://github.com/DotNetAnalyzers/StyleCopAnalyzers/blob/master/documentation/SA1516.md) [C:\Users\siebe\Documents\GitHub\Interdisciplinair-Project\InterdisciplinairProject\InterdisciplinairProject_n5o14qfd_wpftmp.csproj]
C:\Users\siebe\Documents\GitHub\Interdisciplinair-Project\InterdisciplinairProject\Fixtures\ViewModels\ManufacturerViewmodel.cs(64,1): warning SA1516: Elements should be separated by blank line (https://github.com/DotNetAnalyzers/StyleCopAnalyzers/blob/master/documentation/SA1516.md) [C:\Users\siebe\Documents\GitHub\Interdisciplinair-Project\InterdisciplinairProject\InterdisciplinairProject_n5o14qfd_wpftmp.csproj]
C:\Users\siebe\Documents\GitHub\Interdisciplinair-Project\InterdisciplinairProject\Fixtures\ViewModels\ManufacturerViewmodel.cs(65,1): warning SA1516: Elements should be separated by blank line (https://github.com/DotNetAnalyzers/StyleCopAnalyzers/blob/master/documentation/SA1516.md) [C:\Users\siebe\Documents\GitHub\Interdisciplinair-Project\InterdisciplinairProject\InterdisciplinairProject_n5o14qfd_wpftmp.csproj]
C:\Users\siebe\Documents\GitHub\Interdisciplinair-Project\InterdisciplinairProject\Fixtures\ViewModels\ManufacturerViewmodel.cs(66,1): warning SA1516: Elements should be separated by blank line (https://github.com/DotNetAnalyzers/StyleCopAnalyzers/blob/master/documentation/SA1516.md) [C:\Users\siebe\Documents\GitHub\Interdisciplinair-Project\InterdisciplinairProject\InterdisciplinairProject_n5o14qfd_wpftmp.csproj]
C:\Users\siebe\Documents\GitHub\Interdisciplinair-Project\InterdisciplinairProject\Fixtures\ViewModels\ManufacturerViewmodel.cs(51,9): warning SA1111: Closing parenthesis should be on line of last parameter (https://github.com/DotNetAnalyzers/StyleCopAnalyzers/blob/master/documentation/SA1111.md) [C:\Users\siebe\Documents\GitHub\Interdisciplinair-Project\InterdisciplinairProject\InterdisciplinairProject_n5o14qfd_wpftmp.csproj]
C:\Users\siebe\Documents\GitHub\Interdisciplinair-Project\InterdisciplinairProject\Fixtures\ViewModels\ManufacturerViewmodel.cs(47,33): warning SA1201: A field should not follow a event (https://github.com/DotNetAnalyzers/StyleCopAnalyzers/blob/master/documentation/SA1201.md) [C:\Users\siebe\Documents\GitHub\Interdisciplinair-Project\InterdisciplinairProject\InterdisciplinairProject_n5o14qfd_wpftmp.csproj]
C:\Users\siebe\Documents\GitHub\Interdisciplinair-Project\InterdisciplinairProject\Fixtures\ViewModels\ManufacturerViewmodel.cs(68,16): warning SA1201: A constructor should not follow a property (https://github.com/DotNetAnalyzers/StyleCopAnalyzers/blob/master/documentation/SA1201.md) [C:\Users\siebe\Documents\GitHub\Interdisciplinair-Project\InterdisciplinairProject\InterdisciplinairProject_n5o14qfd_wpftmp.csproj]
C:\Users\siebe\Documents\GitHub\Interdisciplinair-Project\InterdisciplinairProject\Fixtures\ViewModels\ManufacturerViewmodel.cs(59,57): warning SA1214: Readonly fields should appear before non-readonly fields (https://github.com/DotNetAnalyzers/StyleCopAnalyzers/blob/master/documentation/SA1214.md) [C:\Users\siebe\Documents\GitHub\Interdisciplinair-Project\InterdisciplinairProject\InterdisciplinairProject_n5o14qfd_wpftmp.csproj]
C:\Users\siebe\Documents\GitHub\Interdisciplinair-Project\InterdisciplinairProject\ViewModels\ShowbuilderViewModel.cs(639,5): warning SA1508: A closing brace should not be preceded by a blank line (https://github.com/DotNetAnalyzers/StyleCopAnalyzers/blob/master/documentation/SA1508.md) [C:\Users\siebe\Documents\GitHub\Interdisciplinair-Project\InterdisciplinairProject\InterdisciplinairProject_n5o14qfd_wpftmp.csproj]
C:\Users\siebe\Documents\GitHub\Interdisciplinair-Project\InterdisciplinairProject\ViewModels\ShowbuilderViewModel.cs(26,1): warning SA1516: Elements should be separated by blank line (https://github.com/DotNetAnalyzers/StyleCopAnalyzers/blob/master/documentation/SA1516.md) [C:\Users\siebe\Documents\GitHub\Interdisciplinair-Project\InterdisciplinairProject\InterdisciplinairProject_n5o14qfd_wpftmp.csproj]
C:\Users\siebe\Documents\GitHub\Interdisciplinair-Project\InterdisciplinairProject\ViewModels\ShowbuilderViewModel.cs(577,1): warning SA1516: Elements should be separated by blank line (https://github.com/DotNetAnalyzers/StyleCopAnalyzers/blob/master/documentation/SA1516.md) [C:\Users\siebe\Documents\GitHub\Interdisciplinair-Project\InterdisciplinairProject\InterdisciplinairProject_n5o14qfd_wpftmp.csproj]
C:\Users\siebe\Documents\GitHub\Interdisciplinair-Project\InterdisciplinairProject\ViewModels\ShowbuilderViewModel.cs(28,21): warning SA1201: A field should not follow a property (https://github.com/DotNetAnalyzers/StyleCopAnalyzers/blob/master/documentation/SA1201.md) [C:\Users\siebe\Documents\GitHub\Interdisciplinair-Project\InterdisciplinairProject\InterdisciplinairProject_n5o14qfd_wpftmp.csproj]
C:\Users\siebe\Documents\GitHub\Interdisciplinair-Project\InterdisciplinairProject\ViewModels\ShowbuilderViewModel.cs(338,21): warning SA1202: 'public' members should come before 'private' members (https://github.com/DotNetAnalyzers/StyleCopAnalyzers/blob/master/documentation/SA1202.md) [C:\Users\siebe\Documents\GitHub\Interdisciplinair-Project\InterdisciplinairProject\InterdisciplinairProject_n5o14qfd_wpftmp.csproj]
C:\Users\siebe\Documents\GitHub\Interdisciplinair-Project\InterdisciplinairProject\ViewModels\ShowbuilderViewModel.cs(522,27): warning SA1202: 'public' members should come before 'private' members (https://github.com/DotNetAnalyzers/StyleCopAnalyzers/blob/master/documentation/SA1202.md) [C:\Users\siebe\Documents\GitHub\Interdisciplinair-Project\InterdisciplinairProject\InterdisciplinairProject_n5o14qfd_wpftmp.csproj]
C:\Users\siebe\Documents\GitHub\Interdisciplinair-Project\InterdisciplinairProject\ViewModels\ShowbuilderViewModel.cs(598,21): warning SA1202: 'public' members should come before 'private' members (https://github.com/DotNetAnalyzers/StyleCopAnalyzers/blob/master/documentation/SA1202.md) [C:\Users\siebe\Documents\GitHub\Interdisciplinair-Project\InterdisciplinairProject\InterdisciplinairProject_n5o14qfd_wpftmp.csproj]
C:\Users\siebe\Documents\GitHub\Interdisciplinair-Project\InterdisciplinairProject\ViewModels\ShowbuilderViewModel.cs(46,69): warning SA1214: Readonly fields should appear before non-readonly fields (https://github.com/DotNetAnalyzers/StyleCopAnalyzers/blob/master/documentation/SA1214.md) [C:\Users\siebe\Documents\GitHub\Interdisciplinair-Project\InterdisciplinairProject\InterdisciplinairProject_n5o14qfd_wpftmp.csproj]
C:\Users\siebe\Documents\GitHub\Interdisciplinair-Project\InterdisciplinairProject\Fixtures\ViewModels\MainWindowFixturesViewModel.cs(331,1): warning SA1507: Code should not contain multiple blank lines in a row (https://github.com/DotNetAnalyzers/StyleCopAnalyzers/blob/master/documentation/SA1507.md) [C:\Users\siebe\Documents\GitHub\Interdisciplinair-Project\InterdisciplinairProject\InterdisciplinairProject_n5o14qfd_wpftmp.csproj]
C:\Users\siebe\Documents\GitHub\Interdisciplinair-Project\InterdisciplinairProject\Fixtures\ViewModels\MainWindowFixturesViewModel.cs(98,14): warning SA1513: Closing brace should be followed by blank line (https://github.com/DotNetAnalyzers/StyleCopAnalyzers/blob/master/documentation/SA1513.md) [C:\Users\siebe\Documents\GitHub\Interdisciplinair-Project\InterdisciplinairProject\InterdisciplinairProject_n5o14qfd_wpftmp.csproj]
C:\Users\siebe\Documents\GitHub\Interdisciplinair-Project\InterdisciplinairProject\Fixtures\ViewModels\MainWindowFixturesViewModel.cs(108,10): warning SA1513: Closing brace should be followed by blank line (https://github.com/DotNetAnalyzers/StyleCopAnalyzers/blob/master/documentation/SA1513.md) [C:\Users\siebe\Documents\GitHub\Interdisciplinair-Project\InterdisciplinairProject\InterdisciplinairProject_n5o14qfd_wpftmp.csproj]
C:\Users\siebe\Documents\GitHub\Interdisciplinair-Project\InterdisciplinairProject\Fixtures\ViewModels\MainWindowFixturesViewModel.cs(20,9): warning SA1515: Single-line comment should be preceded by blank line (https://github.com/DotNetAnalyzers/StyleCopAnalyzers/blob/master/documentation/SA1515.md) [C:\Users\siebe\Documents\GitHub\Interdisciplinair-Project\InterdisciplinairProject\InterdisciplinairProject_n5o14qfd_wpftmp.csproj]
C:\Users\siebe\Documents\GitHub\Interdisciplinair-Project\InterdisciplinairProject\Fixtures\ViewModels\MainWindowFixturesViewModel.cs(49,9): warning SA1515: Single-line comment should be preceded by blank line (https://github.com/DotNetAnalyzers/StyleCopAnalyzers/blob/master/documentation/SA1515.md) [C:\Users\siebe\Documents\GitHub\Interdisciplinair-Project\InterdisciplinairProject\InterdisciplinairProject_n5o14qfd_wpftmp.csproj]
C:\Users\siebe\Documents\GitHub\Interdisciplinair-Project\InterdisciplinairProject\Fixtures\ViewModels\MainWindowFixturesViewModel.cs(58,13): warning SA1515: Single-line comment should be preceded by blank line (https://github.com/DotNetAnalyzers/StyleCopAnalyzers/blob/master/documentation/SA1515.md) [C:\Users\siebe\Documents\GitHub\Interdisciplinair-Project\InterdisciplinairProject\InterdisciplinairProject_n5o14qfd_wpftmp.csproj]
C:\Users\siebe\Documents\GitHub\Interdisciplinair-Project\InterdisciplinairProject\Fixtures\ViewModels\MainWindowFixturesViewModel.cs(96,17): warning SA1515: Single-line comment should be preceded by blank line (https://github.com/DotNetAnalyzers/StyleCopAnalyzers/blob/master/documentation/SA1515.md) [C:\Users\siebe\Documents\GitHub\Interdisciplinair-Project\InterdisciplinairProject\InterdisciplinairProject_n5o14qfd_wpftmp.csproj]
C:\Users\siebe\Documents\GitHub\Interdisciplinair-Project\InterdisciplinairProject\Fixtures\ViewModels\MainWindowFixturesViewModel.cs(117,17): warning SA1515: Single-line comment should be preceded by blank line (https://github.com/DotNetAnalyzers/StyleCopAnalyzers/blob/master/documentation/SA1515.md) [C:\Users\siebe\Documents\GitHub\Interdisciplinair-Project\InterdisciplinairProject\InterdisciplinairProject_n5o14qfd_wpftmp.csproj]
C:\Users\siebe\Documents\GitHub\Interdisciplinair-Project\InterdisciplinairProject\Fixtures\ViewModels\MainWindowFixturesViewModel.cs(117,17): warning SA1005: Single line comment should begin with a space (https://github.com/DotNetAnalyzers/StyleCopAnalyzers/blob/master/documentation/SA1005.md) [C:\Users\siebe\Documents\GitHub\Interdisciplinair-Project\InterdisciplinairProject\InterdisciplinairProject_n5o14qfd_wpftmp.csproj]
C:\Users\siebe\Documents\GitHub\Interdisciplinair-Project\InterdisciplinairProject\Fixtures\ViewModels\MainWindowFixturesViewModel.cs(118,17): warning SA1005: Single line comment should begin with a space (https://github.com/DotNetAnalyzers/StyleCopAnalyzers/blob/master/documentation/SA1005.md) [C:\Users\siebe\Documents\GitHub\Interdisciplinair-Project\InterdisciplinairProject\InterdisciplinairProject_n5o14qfd_wpftmp.csproj]
C:\Users\siebe\Documents\GitHub\Interdisciplinair-Project\InterdisciplinairProject\Fixtures\ViewModels\MainWindowFixturesViewModel.cs(119,17): warning SA1005: Single line comment should begin with a space (https://github.com/DotNetAnalyzers/StyleCopAnalyzers/blob/master/documentation/SA1005.md) [C:\Users\siebe\Documents\GitHub\Interdisciplinair-Project\InterdisciplinairProject\InterdisciplinairProject_n5o14qfd_wpftmp.csproj]
C:\Users\siebe\Documents\GitHub\Interdisciplinair-Project\InterdisciplinairProject\Fixtures\ViewModels\MainWindowFixturesViewModel.cs(122,17): warning SA1005: Single line comment should begin with a space (https://github.com/DotNetAnalyzers/StyleCopAnalyzers/blob/master/documentation/SA1005.md) [C:\Users\siebe\Documents\GitHub\Interdisciplinair-Project\InterdisciplinairProject\InterdisciplinairProject_n5o14qfd_wpftmp.csproj]
C:\Users\siebe\Documents\GitHub\Interdisciplinair-Project\InterdisciplinairProject\Fixtures\ViewModels\ManufacturerViewmodel.cs(128,1): warning SA1507: Code should not contain multiple blank lines in a row (https://github.com/DotNetAnalyzers/StyleCopAnalyzers/blob/master/documentation/SA1507.md) [C:\Users\siebe\Documents\GitHub\Interdisciplinair-Project\InterdisciplinairProject\InterdisciplinairProject_n5o14qfd_wpftmp.csproj]
C:\Users\siebe\Documents\GitHub\Interdisciplinair-Project\InterdisciplinairProject\Fixtures\ViewModels\ManufacturerViewmodel.cs(258,14): warning SA1513: Closing brace should be followed by blank line (https://github.com/DotNetAnalyzers/StyleCopAnalyzers/blob/master/documentation/SA1513.md) [C:\Users\siebe\Documents\GitHub\Interdisciplinair-Project\InterdisciplinairProject\InterdisciplinairProject_n5o14qfd_wpftmp.csproj]
C:\Users\siebe\Documents\GitHub\Interdisciplinair-Project\InterdisciplinairProject\Fixtures\ViewModels\ManufacturerViewmodel.cs(267,14): warning SA1513: Closing brace should be followed by blank line (https://github.com/DotNetAnalyzers/StyleCopAnalyzers/blob/master/documentation/SA1513.md) [C:\Users\siebe\Documents\GitHub\Interdisciplinair-Project\InterdisciplinairProject\InterdisciplinairProject_n5o14qfd_wpftmp.csproj]
C:\Users\siebe\Documents\GitHub\Interdisciplinair-Project\InterdisciplinairProject\Fixtures\ViewModels\ManufacturerViewmodel.cs(43,26): warning SA1402: File may only contain a single type (https://github.com/DotNetAnalyzers/StyleCopAnalyzers/blob/master/documentation/SA1402.md) [C:\Users\siebe\Documents\GitHub\Interdisciplinair-Project\InterdisciplinairProject\InterdisciplinairProject_n5o14qfd_wpftmp.csproj]
C:\Users\siebe\Documents\GitHub\Interdisciplinair-Project\InterdisciplinairProject\Fixtures\ViewModels\ManufacturerViewmodel.cs(51,9): warning SA1009: Closing parenthesis should not be preceded by a space (https://github.com/DotNetAnalyzers/StyleCopAnalyzers/blob/master/documentation/SA1009.md) [C:\Users\siebe\Documents\GitHub\Interdisciplinair-Project\InterdisciplinairProject\InterdisciplinairProject_n5o14qfd_wpftmp.csproj]
C:\Users\siebe\Documents\GitHub\Interdisciplinair-Project\InterdisciplinairProject\Fixtures\Views\FixtureCreateView.xaml.cs(18,1): warning SA1507: Code should not contain multiple blank lines in a row (https://github.com/DotNetAnalyzers/StyleCopAnalyzers/blob/master/documentation/SA1507.md) [C:\Users\siebe\Documents\GitHub\Interdisciplinair-Project\InterdisciplinairProject\InterdisciplinairProject_n5o14qfd_wpftmp.csproj]
C:\Users\siebe\Documents\GitHub\Interdisciplinair-Project\InterdisciplinairProject\Fixtures\Views\FixtureCreateView.xaml.cs(159,1): warning SA1507: Code should not contain multiple blank lines in a row (https://github.com/DotNetAnalyzers/StyleCopAnalyzers/blob/master/documentation/SA1507.md) [C:\Users\siebe\Documents\GitHub\Interdisciplinair-Project\InterdisciplinairProject\InterdisciplinairProject_n5o14qfd_wpftmp.csproj]
C:\Users\siebe\Documents\GitHub\Interdisciplinair-Project\InterdisciplinairProject\Fixtures\Views\FixtureCreateView.xaml.cs(74,18): warning SA1513: Closing brace should be followed by blank line (https://github.com/DotNetAnalyzers/StyleCopAnalyzers/blob/master/documentation/SA1513.md) [C:\Users\siebe\Documents\GitHub\Interdisciplinair-Project\InterdisciplinairProject\InterdisciplinairProject_n5o14qfd_wpftmp.csproj]
C:\Users\siebe\Documents\GitHub\Interdisciplinair-Project\InterdisciplinairProject\Fixtures\Views\FixtureCreateView.xaml.cs(16,41): warning SA1005: Single line comment should begin with a space (https://github.com/DotNetAnalyzers/StyleCopAnalyzers/blob/master/documentation/SA1005.md) [C:\Users\siebe\Documents\GitHub\Interdisciplinair-Project\InterdisciplinairProject\InterdisciplinairProject_n5o14qfd_wpftmp.csproj]
C:\Users\siebe\Documents\GitHub\Interdisciplinair-Project\InterdisciplinairProject\Fixtures\Views\FixtureCreateView.xaml.cs(96,68): warning SA1028: Code should not contain trailing whitespace (https://github.com/DotNetAnalyzers/StyleCopAnalyzers/blob/master/documentation/SA1028.md) [C:\Users\siebe\Documents\GitHub\Interdisciplinair-Project\InterdisciplinairProject\InterdisciplinairProject_n5o14qfd_wpftmp.csproj]
C:\Users\siebe\Documents\GitHub\Interdisciplinair-Project\InterdisciplinairProject\Fixtures\Views\FixtureCreateView.xaml.cs(158,66): warning SA1028: Code should not contain trailing whitespace (https://github.com/DotNetAnalyzers/StyleCopAnalyzers/blob/master/documentation/SA1028.md) [C:\Users\siebe\Documents\GitHub\Interdisciplinair-Project\InterdisciplinairProject\InterdisciplinairProject_n5o14qfd_wpftmp.csproj]
C:\Users\siebe\Documents\GitHub\Interdisciplinair-Project\InterdisciplinairProject\Fixtures\Views\FixtureListView.xaml.cs(23,10): warning SA1513: Closing brace should be followed by blank line (https://github.com/DotNetAnalyzers/StyleCopAnalyzers/blob/master/documentation/SA1513.md) [C:\Users\siebe\Documents\GitHub\Interdisciplinair-Project\InterdisciplinairProject\InterdisciplinairProject_n5o14qfd_wpftmp.csproj]
C:\Users\siebe\Documents\GitHub\Interdisciplinair-Project\InterdisciplinairProject\MainWindow.xaml.cs(45,6): warning SA1513: Closing brace should be followed by blank line (https://github.com/DotNetAnalyzers/StyleCopAnalyzers/blob/master/documentation/SA1513.md) [C:\Users\siebe\Documents\GitHub\Interdisciplinair-Project\InterdisciplinairProject\InterdisciplinairProject_n5o14qfd_wpftmp.csproj]
C:\Users\siebe\Documents\GitHub\Interdisciplinair-Project\InterdisciplinairProject\MainWindow.xaml.cs(57,17): warning SA1009: Closing parenthesis should not be preceded by a space (https://github.com/DotNetAnalyzers/StyleCopAnalyzers/blob/master/documentation/SA1009.md) [C:\Users\siebe\Documents\GitHub\Interdisciplinair-Project\InterdisciplinairProject\InterdisciplinairProject_n5o14qfd_wpftmp.csproj]
C:\Users\siebe\Documents\GitHub\Interdisciplinair-Project\InterdisciplinairProject\ViewModels\SceneControlViewModel.cs(144,13): warning SA1413: Use trailing comma in multi-line initializers (https://github.com/DotNetAnalyzers/StyleCopAnalyzers/blob/master/documentation/SA1413.md) [C:\Users\siebe\Documents\GitHub\Interdisciplinair-Project\InterdisciplinairProject\InterdisciplinairProject_n5o14qfd_wpftmp.csproj]
C:\Users\siebe\Documents\GitHub\Interdisciplinair-Project\InterdisciplinairProject\MainWindow.xaml.cs(48,47): warning SA1028: Code should not contain trailing whitespace (https://github.com/DotNetAnalyzers/StyleCopAnalyzers/blob/master/documentation/SA1028.md) [C:\Users\siebe\Documents\GitHub\Interdisciplinair-Project\InterdisciplinairProject\InterdisciplinairProject_n5o14qfd_wpftmp.csproj]
C:\Users\siebe\Documents\GitHub\Interdisciplinair-Project\InterdisciplinairProject\Fixtures\Views\FixtureListView.xaml.cs(29,17): warning SA1413: Use trailing comma in multi-line initializers (https://github.com/DotNetAnalyzers/StyleCopAnalyzers/blob/master/documentation/SA1413.md) [C:\Users\siebe\Documents\GitHub\Interdisciplinair-Project\InterdisciplinairProject\InterdisciplinairProject_n5o14qfd_wpftmp.csproj]
C:\Users\siebe\Documents\GitHub\Interdisciplinair-Project\InterdisciplinairProject\MainWindow.xaml.cs(48,46): warning SA1500: Braces for multi-line statements should not share line (https://github.com/DotNetAnalyzers/StyleCopAnalyzers/blob/master/documentation/SA1500.md) [C:\Users\siebe\Documents\GitHub\Interdisciplinair-Project\InterdisciplinairProject\InterdisciplinairProject_n5o14qfd_wpftmp.csproj]
C:\Users\siebe\Documents\GitHub\Interdisciplinair-Project\InterdisciplinairProject\MainWindow.xaml.cs(50,13): warning SA1505: An opening brace should not be followed by a blank line (https://github.com/DotNetAnalyzers/StyleCopAnalyzers/blob/master/documentation/SA1505.md) [C:\Users\siebe\Documents\GitHub\Interdisciplinair-Project\InterdisciplinairProject\InterdisciplinairProject_n5o14qfd_wpftmp.csproj]
C:\Users\siebe\Documents\GitHub\Interdisciplinair-Project\InterdisciplinairProject\MainWindow.xaml.cs(75,5): warning SA1508: A closing brace should not be preceded by a blank line (https://github.com/DotNetAnalyzers/StyleCopAnalyzers/blob/master/documentation/SA1508.md) [C:\Users\siebe\Documents\GitHub\Interdisciplinair-Project\InterdisciplinairProject\InterdisciplinairProject_n5o14qfd_wpftmp.csproj]
C:\Users\siebe\Documents\GitHub\Interdisciplinair-Project\InterdisciplinairProject\MainWindow.xaml.cs(63,17): warning SA1508: A closing brace should not be preceded by a blank line (https://github.com/DotNetAnalyzers/StyleCopAnalyzers/blob/master/documentation/SA1508.md) [C:\Users\siebe\Documents\GitHub\Interdisciplinair-Project\InterdisciplinairProject\InterdisciplinairProject_n5o14qfd_wpftmp.csproj]
C:\Users\siebe\Documents\GitHub\Interdisciplinair-Project\InterdisciplinairProject\MainWindow.xaml.cs(57,17): warning SA1111: Closing parenthesis should be on line of last parameter (https://github.com/DotNetAnalyzers/StyleCopAnalyzers/blob/master/documentation/SA1111.md) [C:\Users\siebe\Documents\GitHub\Interdisciplinair-Project\InterdisciplinairProject\InterdisciplinairProject_n5o14qfd_wpftmp.csproj]
C:\Users\siebe\Documents\GitHub\Interdisciplinair-Project\InterdisciplinairProject\ViewModels\SceneControlViewModel.cs(170,48): warning SA1501: Statement should not be on a single line (https://github.com/DotNetAnalyzers/StyleCopAnalyzers/blob/master/documentation/SA1501.md) [C:\Users\siebe\Documents\GitHub\Interdisciplinair-Project\InterdisciplinairProject\InterdisciplinairProject_n5o14qfd_wpftmp.csproj]
C:\Users\siebe\Documents\GitHub\Interdisciplinair-Project\InterdisciplinairProject\ViewModels\SceneControlViewModel.cs(222,35): warning SA1407: Arithmetic expressions should declare precedence (https://github.com/DotNetAnalyzers/StyleCopAnalyzers/blob/master/documentation/SA1407.md) [C:\Users\siebe\Documents\GitHub\Interdisciplinair-Project\InterdisciplinairProject\InterdisciplinairProject_n5o14qfd_wpftmp.csproj]
C:\Users\siebe\Documents\GitHub\Interdisciplinair-Project\InterdisciplinairProject\Fixtures\Views\FixtureCreateView.xaml.cs(80,65): warning SA1127: Generic type constraints should be on their own line (https://github.com/DotNetAnalyzers/StyleCopAnalyzers/blob/master/documentation/SA1127.md) [C:\Users\siebe\Documents\GitHub\Interdisciplinair-Project\InterdisciplinairProject\InterdisciplinairProject_n5o14qfd_wpftmp.csproj]
C:\Users\siebe\Documents\GitHub\Interdisciplinair-Project\InterdisciplinairProject\ViewModels\CreateShowViewModel.cs(23,21): warning SA1515: Single-line comment should be preceded by blank line (https://github.com/DotNetAnalyzers/StyleCopAnalyzers/blob/master/documentation/SA1515.md) [C:\Users\siebe\Documents\GitHub\Interdisciplinair-Project\InterdisciplinairProject\InterdisciplinairProject_n5o14qfd_wpftmp.csproj]
C:\Users\siebe\Documents\GitHub\Interdisciplinair-Project\InterdisciplinairProject\ViewModels\CreateShowViewModel.cs(63,9): warning SA1009: Closing parenthesis should not be preceded by a space (https://github.com/DotNetAnalyzers/StyleCopAnalyzers/blob/master/documentation/SA1009.md) [C:\Users\siebe\Documents\GitHub\Interdisciplinair-Project\InterdisciplinairProject\InterdisciplinairProject_n5o14qfd_wpftmp.csproj]
C:\Users\siebe\Documents\GitHub\Interdisciplinair-Project\InterdisciplinairProject\Fixtures\Converters\ManufacturerBoolToVisibilityConverter.cs(50,9): warning SA1505: An opening brace should not be followed by a blank line (https://github.com/DotNetAnalyzers/StyleCopAnalyzers/blob/master/documentation/SA1505.md) [C:\Users\siebe\Documents\GitHub\Interdisciplinair-Project\InterdisciplinairProject\InterdisciplinairProject_n5o14qfd_wpftmp.csproj]
C:\Users\siebe\Documents\GitHub\Interdisciplinair-Project\InterdisciplinairProject\Fixtures\Converters\ManufacturerBoolToVisibilityConverter.cs(53,13): warning SA1505: An opening brace should not be followed by a blank line (https://github.com/DotNetAnalyzers/StyleCopAnalyzers/blob/master/documentation/SA1505.md) [C:\Users\siebe\Documents\GitHub\Interdisciplinair-Project\InterdisciplinairProject\InterdisciplinairProject_n5o14qfd_wpftmp.csproj]
C:\Users\siebe\Documents\GitHub\Interdisciplinair-Project\InterdisciplinairProject\Fixtures\Converters\ManufacturerBoolToVisibilityConverter.cs(58,13): warning SA1505: An opening brace should not be followed by a blank line (https://github.com/DotNetAnalyzers/StyleCopAnalyzers/blob/master/documentation/SA1505.md) [C:\Users\siebe\Documents\GitHub\Interdisciplinair-Project\InterdisciplinairProject\InterdisciplinairProject_n5o14qfd_wpftmp.csproj]
C:\Users\siebe\Documents\GitHub\Interdisciplinair-Project\InterdisciplinairProject\ViewModels\SceneControlViewModel.cs(229,17): warning SA1515: Single-line comment should be preceded by blank line (https://github.com/DotNetAnalyzers/StyleCopAnalyzers/blob/master/documentation/SA1515.md) [C:\Users\siebe\Documents\GitHub\Interdisciplinair-Project\InterdisciplinairProject\InterdisciplinairProject_n5o14qfd_wpftmp.csproj]
C:\Users\siebe\Documents\GitHub\Interdisciplinair-Project\InterdisciplinairProject\Views\Scene\FixtureRegistryDialog.xaml.cs(99,21): warning SA1413: Use trailing comma in multi-line initializers (https://github.com/DotNetAnalyzers/StyleCopAnalyzers/blob/master/documentation/SA1413.md) [C:\Users\siebe\Documents\GitHub\Interdisciplinair-Project\InterdisciplinairProject\InterdisciplinairProject_n5o14qfd_wpftmp.csproj]
C:\Users\siebe\Documents\GitHub\Interdisciplinair-Project\InterdisciplinairProject\Views\Scene\FixtureRegistryDialog.xaml.cs(117,38): warning SA1116: The parameters should begin on the line after the declaration, whenever the parameter span across multiple lines (https://github.com/DotNetAnalyzers/StyleCopAnalyzers/blob/master/documentation/SA1116.md) [C:\Users\siebe\Documents\GitHub\Interdisciplinair-Project\InterdisciplinairProject\InterdisciplinairProject_n5o14qfd_wpftmp.csproj]
C:\Users\siebe\Documents\GitHub\Interdisciplinair-Project\InterdisciplinairProject\Fixtures\ViewModels\ChannelItem.cs(110,50): warning SA1501: Statement should not be on a single line (https://github.com/DotNetAnalyzers/StyleCopAnalyzers/blob/master/documentation/SA1501.md) [C:\Users\siebe\Documents\GitHub\Interdisciplinair-Project\InterdisciplinairProject\InterdisciplinairProject_n5o14qfd_wpftmp.csproj]
C:\Users\siebe\Documents\GitHub\Interdisciplinair-Project\InterdisciplinairProject\Fixtures\ViewModels\ChannelItem.cs(111,52): warning SA1501: Statement should not be on a single line (https://github.com/DotNetAnalyzers/StyleCopAnalyzers/blob/master/documentation/SA1501.md) [C:\Users\siebe\Documents\GitHub\Interdisciplinair-Project\InterdisciplinairProject\InterdisciplinairProject_n5o14qfd_wpftmp.csproj]
C:\Users\siebe\Documents\GitHub\Interdisciplinair-Project\InterdisciplinairProject\Fixtures\ViewModels\ChannelItem.cs(112,84): warning SA1501: Statement should not be on a single line (https://github.com/DotNetAnalyzers/StyleCopAnalyzers/blob/master/documentation/SA1501.md) [C:\Users\siebe\Documents\GitHub\Interdisciplinair-Project\InterdisciplinairProject\InterdisciplinairProject_n5o14qfd_wpftmp.csproj]
C:\Users\siebe\Documents\GitHub\Interdisciplinair-Project\InterdisciplinairProject\Fixtures\ViewModels\ChannelItem.cs(115,56): warning SA1501: Statement should not be on a single line (https://github.com/DotNetAnalyzers/StyleCopAnalyzers/blob/master/documentation/SA1501.md) [C:\Users\siebe\Documents\GitHub\Interdisciplinair-Project\InterdisciplinairProject\InterdisciplinairProject_n5o14qfd_wpftmp.csproj]
C:\Users\siebe\Documents\GitHub\Interdisciplinair-Project\InterdisciplinairProject\Fixtures\ViewModels\ChannelItem.cs(104,9): warning SA1505: An opening brace should not be followed by a blank line (https://github.com/DotNetAnalyzers/StyleCopAnalyzers/blob/master/documentation/SA1505.md) [C:\Users\siebe\Documents\GitHub\Interdisciplinair-Project\InterdisciplinairProject\InterdisciplinairProject_n5o14qfd_wpftmp.csproj]
C:\Users\siebe\Documents\GitHub\Interdisciplinair-Project\InterdisciplinairProject\Fixtures\ViewModels\ChannelItem.cs(110,92): warning SA1107: Code should not contain multiple statements on one line (https://github.com/DotNetAnalyzers/StyleCopAnalyzers/blob/master/documentation/SA1107.md) [C:\Users\siebe\Documents\GitHub\Interdisciplinair-Project\InterdisciplinairProject\InterdisciplinairProject_n5o14qfd_wpftmp.csproj]
C:\Users\siebe\Documents\GitHub\Interdisciplinair-Project\InterdisciplinairProject\Fixtures\ViewModels\ChannelItem.cs(111,112): warning SA1107: Code should not contain multiple statements on one line (https://github.com/DotNetAnalyzers/StyleCopAnalyzers/blob/master/documentation/SA1107.md) [C:\Users\siebe\Documents\GitHub\Interdisciplinair-Project\InterdisciplinairProject\InterdisciplinairProject_n5o14qfd_wpftmp.csproj]
C:\Users\siebe\Documents\GitHub\Interdisciplinair-Project\InterdisciplinairProject\Fixtures\ViewModels\ChannelItem.cs(112,141): warning SA1107: Code should not contain multiple statements on one line (https://github.com/DotNetAnalyzers/StyleCopAnalyzers/blob/master/documentation/SA1107.md) [C:\Users\siebe\Documents\GitHub\Interdisciplinair-Project\InterdisciplinairProject\InterdisciplinairProject_n5o14qfd_wpftmp.csproj]
C:\Users\siebe\Documents\GitHub\Interdisciplinair-Project\InterdisciplinairProject\Fixtures\ViewModels\ChannelItem.cs(115,103): warning SA1107: Code should not contain multiple statements on one line (https://github.com/DotNetAnalyzers/StyleCopAnalyzers/blob/master/documentation/SA1107.md) [C:\Users\siebe\Documents\GitHub\Interdisciplinair-Project\InterdisciplinairProject\InterdisciplinairProject_n5o14qfd_wpftmp.csproj]
C:\Users\siebe\Documents\GitHub\Interdisciplinair-Project\InterdisciplinairProject\Fixtures\ViewModels\ChannelItem.cs(107,43): warning SA1122: Use string.Empty for empty strings (https://github.com/DotNetAnalyzers/StyleCopAnalyzers/blob/master/documentation/SA1122.md) [C:\Users\siebe\Documents\GitHub\Interdisciplinair-Project\InterdisciplinairProject\InterdisciplinairProject_n5o14qfd_wpftmp.csproj]
C:\Users\siebe\Documents\GitHub\Interdisciplinair-Project\InterdisciplinairProject\Views\Scene\FixtureRegistryDialog.xaml.cs(173,21): warning SA1413: Use trailing comma in multi-line initializers (https://github.com/DotNetAnalyzers/StyleCopAnalyzers/blob/master/documentation/SA1413.md) [C:\Users\siebe\Documents\GitHub\Interdisciplinair-Project\InterdisciplinairProject\InterdisciplinairProject_n5o14qfd_wpftmp.csproj]
C:\Users\siebe\Documents\GitHub\Interdisciplinair-Project\InterdisciplinairProject\Views\Scene\FixtureRegistryDialog.xaml.cs(188,25): warning SA1413: Use trailing comma in multi-line initializers (https://github.com/DotNetAnalyzers/StyleCopAnalyzers/blob/master/documentation/SA1413.md) [C:\Users\siebe\Documents\GitHub\Interdisciplinair-Project\InterdisciplinairProject\InterdisciplinairProject_n5o14qfd_wpftmp.csproj]
C:\Users\siebe\Documents\GitHub\Interdisciplinair-Project\InterdisciplinairProject\Views\Scene\FixtureRegistryDialog.xaml.cs(228,33): warning SA1413: Use trailing comma in multi-line initializers (https://github.com/DotNetAnalyzers/StyleCopAnalyzers/blob/master/documentation/SA1413.md) [C:\Users\siebe\Documents\GitHub\Interdisciplinair-Project\InterdisciplinairProject\InterdisciplinairProject_n5o14qfd_wpftmp.csproj]
C:\Users\siebe\Documents\GitHub\Interdisciplinair-Project\InterdisciplinairProject\Fixtures\Services\ManufacturerService.cs(44,17): warning SA1413: Use trailing comma in multi-line initializers (https://github.com/DotNetAnalyzers/StyleCopAnalyzers/blob/master/documentation/SA1413.md) [C:\Users\siebe\Documents\GitHub\Interdisciplinair-Project\InterdisciplinairProject\InterdisciplinairProject_n5o14qfd_wpftmp.csproj]
C:\Users\siebe\Documents\GitHub\Interdisciplinair-Project\InterdisciplinairProject\Fixtures\Services\TypeCatalogService.cs(45,9): warning SA1505: An opening brace should not be followed by a blank line (https://github.com/DotNetAnalyzers/StyleCopAnalyzers/blob/master/documentation/SA1505.md) [C:\Users\siebe\Documents\GitHub\Interdisciplinair-Project\InterdisciplinairProject\InterdisciplinairProject_n5o14qfd_wpftmp.csproj]
C:\Users\siebe\Documents\GitHub\Interdisciplinair-Project\InterdisciplinairProject\Fixtures\ViewModels\ManufacturerViewmodel.cs(121,33): warning SA1116: The parameters should begin on the line after the declaration, whenever the parameter span across multiple lines (https://github.com/DotNetAnalyzers/StyleCopAnalyzers/blob/master/documentation/SA1116.md) [C:\Users\siebe\Documents\GitHub\Interdisciplinair-Project\InterdisciplinairProject\InterdisciplinairProject_n5o14qfd_wpftmp.csproj]
C:\Users\siebe\Documents\GitHub\Interdisciplinair-Project\InterdisciplinairProject\Fixtures\ViewModels\ManufacturerViewmodel.cs(122,50): warning SA1117: The parameters should all be placed on the same line or each parameter should be placed on its own line (https://github.com/DotNetAnalyzers/StyleCopAnalyzers/blob/master/documentation/SA1117.md) [C:\Users\siebe\Documents\GitHub\Interdisciplinair-Project\InterdisciplinairProject\InterdisciplinairProject_n5o14qfd_wpftmp.csproj]
C:\Users\siebe\Documents\GitHub\Interdisciplinair-Project\InterdisciplinairProject\Fixtures\Services\TypeCatalogService.cs(70,35): warning SA1107: Code should not contain multiple statements on one line (https://github.com/DotNetAnalyzers/StyleCopAnalyzers/blob/master/documentation/SA1107.md) [C:\Users\siebe\Documents\GitHub\Interdisciplinair-Project\InterdisciplinairProject\InterdisciplinairProject_n5o14qfd_wpftmp.csproj]
C:\Users\siebe\Documents\GitHub\Interdisciplinair-Project\InterdisciplinairProject\Fixtures\ViewModels\ManufacturerViewmodel.cs(140,31): warning SA1501: Statement should not be on a single line (https://github.com/DotNetAnalyzers/StyleCopAnalyzers/blob/master/documentation/SA1501.md) [C:\Users\siebe\Documents\GitHub\Interdisciplinair-Project\InterdisciplinairProject\InterdisciplinairProject_n5o14qfd_wpftmp.csproj]
C:\Users\siebe\Documents\GitHub\Interdisciplinair-Project\InterdisciplinairProject\Fixtures\Services\TypeCatalogService.cs(90,21): warning SA1413: Use trailing comma in multi-line initializers (https://github.com/DotNetAnalyzers/StyleCopAnalyzers/blob/master/documentation/SA1413.md) [C:\Users\siebe\Documents\GitHub\Interdisciplinair-Project\InterdisciplinairProject\InterdisciplinairProject_n5o14qfd_wpftmp.csproj]
C:\Users\siebe\Documents\GitHub\Interdisciplinair-Project\InterdisciplinairProject\ViewModels\TimeLineViewModel.cs(72,52): warning SA1501: Statement should not be on a single line (https://github.com/DotNetAnalyzers/StyleCopAnalyzers/blob/master/documentation/SA1501.md) [C:\Users\siebe\Documents\GitHub\Interdisciplinair-Project\InterdisciplinairProject\InterdisciplinairProject_n5o14qfd_wpftmp.csproj]
C:\Users\siebe\Documents\GitHub\Interdisciplinair-Project\InterdisciplinairProject\ViewModels\TimeLineViewModel.cs(97,17): warning SA1413: Use trailing comma in multi-line initializers (https://github.com/DotNetAnalyzers/StyleCopAnalyzers/blob/master/documentation/SA1413.md) [C:\Users\siebe\Documents\GitHub\Interdisciplinair-Project\InterdisciplinairProject\InterdisciplinairProject_n5o14qfd_wpftmp.csproj]
C:\Users\siebe\Documents\GitHub\Interdisciplinair-Project\InterdisciplinairProject\ViewModels\ShowbuilderViewModel.cs(68,21): warning SA1413: Use trailing comma in multi-line initializers (https://github.com/DotNetAnalyzers/StyleCopAnalyzers/blob/master/documentation/SA1413.md) [C:\Users\siebe\Documents\GitHub\Interdisciplinair-Project\InterdisciplinairProject\InterdisciplinairProject_n5o14qfd_wpftmp.csproj]
C:\Users\siebe\Documents\GitHub\Interdisciplinair-Project\InterdisciplinairProject\ViewModels\ShowbuilderViewModel.cs(576,10): warning SA1513: Closing brace should be followed by blank line (https://github.com/DotNetAnalyzers/StyleCopAnalyzers/blob/master/documentation/SA1513.md) [C:\Users\siebe\Documents\GitHub\Interdisciplinair-Project\InterdisciplinairProject\InterdisciplinairProject_n5o14qfd_wpftmp.csproj]
C:\Users\siebe\Documents\GitHub\Interdisciplinair-Project\InterdisciplinairProject\ViewModels\ShowbuilderViewModel.cs(583,14): warning SA1513: Closing brace should be followed by blank line (https://github.com/DotNetAnalyzers/StyleCopAnalyzers/blob/master/documentation/SA1513.md) [C:\Users\siebe\Documents\GitHub\Interdisciplinair-Project\InterdisciplinairProject\InterdisciplinairProject_n5o14qfd_wpftmp.csproj]
C:\Users\siebe\Documents\GitHub\Interdisciplinair-Project\InterdisciplinairProject\ViewModels\ShowbuilderViewModel.cs(592,18): warning SA1513: Closing brace should be followed by blank line (https://github.com/DotNetAnalyzers/StyleCopAnalyzers/blob/master/documentation/SA1513.md) [C:\Users\siebe\Documents\GitHub\Interdisciplinair-Project\InterdisciplinairProject\InterdisciplinairProject_n5o14qfd_wpftmp.csproj]
C:\Users\siebe\Documents\GitHub\Interdisciplinair-Project\InterdisciplinairProject\Fixtures\ViewModels\FixtureContentViewModel.cs(102,23): warning SA1501: Statement should not be on a single line (https://github.com/DotNetAnalyzers/StyleCopAnalyzers/blob/master/documentation/SA1501.md) [C:\Users\siebe\Documents\GitHub\Interdisciplinair-Project\InterdisciplinairProject\InterdisciplinairProject_n5o14qfd_wpftmp.csproj]
C:\Users\siebe\Documents\GitHub\Interdisciplinair-Project\InterdisciplinairProject\ViewModels\ShowbuilderViewModel.cs(260,37): warning SA1005: Single line comment should begin with a space (https://github.com/DotNetAnalyzers/StyleCopAnalyzers/blob/master/documentation/SA1005.md) [C:\Users\siebe\Documents\GitHub\Interdisciplinair-Project\InterdisciplinairProject\InterdisciplinairProject_n5o14qfd_wpftmp.csproj]
C:\Users\siebe\Documents\GitHub\Interdisciplinair-Project\InterdisciplinairProject\ViewModels\ShowbuilderViewModel.cs(367,41): warning SA1005: Single line comment should begin with a space (https://github.com/DotNetAnalyzers/StyleCopAnalyzers/blob/master/documentation/SA1005.md) [C:\Users\siebe\Documents\GitHub\Interdisciplinair-Project\InterdisciplinairProject\InterdisciplinairProject_n5o14qfd_wpftmp.csproj]
C:\Users\siebe\Documents\GitHub\Interdisciplinair-Project\InterdisciplinairProject\ViewModels\ShowbuilderViewModel.cs(401,29): warning SA1005: Single line comment should begin with a space (https://github.com/DotNetAnalyzers/StyleCopAnalyzers/blob/master/documentation/SA1005.md) [C:\Users\siebe\Documents\GitHub\Interdisciplinair-Project\InterdisciplinairProject\InterdisciplinairProject_n5o14qfd_wpftmp.csproj]
C:\Users\siebe\Documents\GitHub\Interdisciplinair-Project\InterdisciplinairProject\ViewModels\ShowbuilderViewModel.cs(509,25): warning SA1005: Single line comment should begin with a space (https://github.com/DotNetAnalyzers/StyleCopAnalyzers/blob/master/documentation/SA1005.md) [C:\Users\siebe\Documents\GitHub\Interdisciplinair-Project\InterdisciplinairProject\InterdisciplinairProject_n5o14qfd_wpftmp.csproj]
C:\Users\siebe\Documents\GitHub\Interdisciplinair-Project\InterdisciplinairProject\Fixtures\ViewModels\FixtureContentViewModel.cs(108,21): warning SA1122: Use string.Empty for empty strings (https://github.com/DotNetAnalyzers/StyleCopAnalyzers/blob/master/documentation/SA1122.md) [C:\Users\siebe\Documents\GitHub\Interdisciplinair-Project\InterdisciplinairProject\InterdisciplinairProject_n5o14qfd_wpftmp.csproj]
C:\Users\siebe\Documents\GitHub\Interdisciplinair-Project\InterdisciplinairProject\Fixtures\ViewModels\FixtureCreateViewModel.cs(198,33): warning SA1116: The parameters should begin on the line after the declaration, whenever the parameter span across multiple lines (https://github.com/DotNetAnalyzers/StyleCopAnalyzers/blob/master/documentation/SA1116.md) [C:\Users\siebe\Documents\GitHub\Interdisciplinair-Project\InterdisciplinairProject\InterdisciplinairProject_n5o14qfd_wpftmp.csproj]
C:\Users\siebe\Documents\GitHub\Interdisciplinair-Project\InterdisciplinairProject\Fixtures\ViewModels\FixtureCreateViewModel.cs(205,33): warning SA1116: The parameters should begin on the line after the declaration, whenever the parameter span across multiple lines (https://github.com/DotNetAnalyzers/StyleCopAnalyzers/blob/master/documentation/SA1116.md) [C:\Users\siebe\Documents\GitHub\Interdisciplinair-Project\InterdisciplinairProject\InterdisciplinairProject_n5o14qfd_wpftmp.csproj]
C:\Users\siebe\Documents\GitHub\Interdisciplinair-Project\InterdisciplinairProject\Fixtures\ViewModels\FixtureCreateViewModel.cs(189,33): warning SA1117: The parameters should all be placed on the same line or each parameter should be placed on its own line (https://github.com/DotNetAnalyzers/StyleCopAnalyzers/blob/master/documentation/SA1117.md) [C:\Users\siebe\Documents\GitHub\Interdisciplinair-Project\InterdisciplinairProject\InterdisciplinairProject_n5o14qfd_wpftmp.csproj]
C:\Users\siebe\Documents\GitHub\Interdisciplinair-Project\InterdisciplinairProject\Fixtures\ViewModels\FixtureCreateViewModel.cs(199,43): warning SA1117: The parameters should all be placed on the same line or each parameter should be placed on its own line (https://github.com/DotNetAnalyzers/StyleCopAnalyzers/blob/master/documentation/SA1117.md) [C:\Users\siebe\Documents\GitHub\Interdisciplinair-Project\InterdisciplinairProject\InterdisciplinairProject_n5o14qfd_wpftmp.csproj]
C:\Users\siebe\Documents\GitHub\Interdisciplinair-Project\InterdisciplinairProject\Fixtures\ViewModels\FixtureCreateViewModel.cs(206,42): warning SA1117: The parameters should all be placed on the same line or each parameter should be placed on its own line (https://github.com/DotNetAnalyzers/StyleCopAnalyzers/blob/master/documentation/SA1117.md) [C:\Users\siebe\Documents\GitHub\Interdisciplinair-Project\InterdisciplinairProject\InterdisciplinairProject_n5o14qfd_wpftmp.csproj]
C:\Users\siebe\Documents\GitHub\Interdisciplinair-Project\InterdisciplinairProject\Fixtures\ViewModels\FixtureContentViewModel.cs(141,18): warning SA1108: Block statements should not contain embedded comments (https://github.com/DotNetAnalyzers/StyleCopAnalyzers/blob/master/documentation/SA1108.md) [C:\Users\siebe\Documents\GitHub\Interdisciplinair-Project\InterdisciplinairProject\InterdisciplinairProject_n5o14qfd_wpftmp.csproj]
C:\Users\siebe\Documents\GitHub\Interdisciplinair-Project\InterdisciplinairProject\Fixtures\ViewModels\FixtureContentViewModel.cs(173,18): warning SA1108: Block statements should not contain embedded comments (https://github.com/DotNetAnalyzers/StyleCopAnalyzers/blob/master/documentation/SA1108.md) [C:\Users\siebe\Documents\GitHub\Interdisciplinair-Project\InterdisciplinairProject\InterdisciplinairProject_n5o14qfd_wpftmp.csproj]
C:\Users\siebe\Documents\GitHub\Interdisciplinair-Project\InterdisciplinairProject\ViewModels\ShowbuilderViewModel.cs(107,29): warning SA1413: Use trailing comma in multi-line initializers (https://github.com/DotNetAnalyzers/StyleCopAnalyzers/blob/master/documentation/SA1413.md) [C:\Users\siebe\Documents\GitHub\Interdisciplinair-Project\InterdisciplinairProject\InterdisciplinairProject_n5o14qfd_wpftmp.csproj]
C:\Users\siebe\Documents\GitHub\Interdisciplinair-Project\InterdisciplinairProject\ViewModels\ShowbuilderViewModel.cs(113,33): warning SA1413: Use trailing comma in multi-line initializers (https://github.com/DotNetAnalyzers/StyleCopAnalyzers/blob/master/documentation/SA1413.md) [C:\Users\siebe\Documents\GitHub\Interdisciplinair-Project\InterdisciplinairProject\InterdisciplinairProject_n5o14qfd_wpftmp.csproj]
C:\Users\siebe\Documents\GitHub\Interdisciplinair-Project\InterdisciplinairProject\ViewModels\ShowbuilderViewModel.cs(144,13): warning MVVMTK0034: The field InterdisciplinairProject.ViewModels.ShowbuilderViewModel.selectedTimelineScene is annotated with [ObservableProperty] and should not be directly referenced (use the generated property instead) (https://aka.ms/mvvmtoolkit/errors/mvvmtk0034) [C:\Users\siebe\Documents\GitHub\Interdisciplinair-Project\InterdisciplinairProject\InterdisciplinairProject_n5o14qfd_wpftmp.csproj]
C:\Users\siebe\Documents\GitHub\Interdisciplinair-Project\InterdisciplinairProject\ViewModels\ShowbuilderViewModel.cs(128,21): warning SA1117: The parameters should all be placed on the same line or each parameter should be placed on its own line (https://github.com/DotNetAnalyzers/StyleCopAnalyzers/blob/master/documentation/SA1117.md) [C:\Users\siebe\Documents\GitHub\Interdisciplinair-Project\InterdisciplinairProject\InterdisciplinairProject_n5o14qfd_wpftmp.csproj]
C:\Users\siebe\Documents\GitHub\Interdisciplinair-Project\InterdisciplinairProject\Fixtures\ViewModels\FixtureCreateViewModel.cs(261,17): warning SA1413: Use trailing comma in multi-line initializers (https://github.com/DotNetAnalyzers/StyleCopAnalyzers/blob/master/documentation/SA1413.md) [C:\Users\siebe\Documents\GitHub\Interdisciplinair-Project\InterdisciplinairProject\InterdisciplinairProject_n5o14qfd_wpftmp.csproj]
C:\Users\siebe\Documents\GitHub\Interdisciplinair-Project\InterdisciplinairProject\ViewModels\ShowbuilderViewModel.cs(165,21): warning SA1413: Use trailing comma in multi-line initializers (https://github.com/DotNetAnalyzers/StyleCopAnalyzers/blob/master/documentation/SA1413.md) [C:\Users\siebe\Documents\GitHub\Interdisciplinair-Project\InterdisciplinairProject\InterdisciplinairProject_n5o14qfd_wpftmp.csproj]
C:\Users\siebe\Documents\GitHub\Interdisciplinair-Project\InterdisciplinairProject\ViewModels\ShowbuilderViewModel.cs(173,37): warning SA1116: The parameters should begin on the line after the declaration, whenever the parameter span across multiple lines (https://github.com/DotNetAnalyzers/StyleCopAnalyzers/blob/master/documentation/SA1116.md) [C:\Users\siebe\Documents\GitHub\Interdisciplinair-Project\InterdisciplinairProject\InterdisciplinairProject_n5o14qfd_wpftmp.csproj]
C:\Users\siebe\Documents\GitHub\Interdisciplinair-Project\InterdisciplinairProject\ViewModels\ShowbuilderViewModel.cs(174,36): warning SA1117: The parameters should all be placed on the same line or each parameter should be placed on its own line (https://github.com/DotNetAnalyzers/StyleCopAnalyzers/blob/master/documentation/SA1117.md) [C:\Users\siebe\Documents\GitHub\Interdisciplinair-Project\InterdisciplinairProject\InterdisciplinairProject_n5o14qfd_wpftmp.csproj]
C:\Users\siebe\Documents\GitHub\Interdisciplinair-Project\InterdisciplinairProject\ViewModels\ShowbuilderViewModel.cs(180,21): warning SA1117: The parameters should all be placed on the same line or each parameter should be placed on its own line (https://github.com/DotNetAnalyzers/StyleCopAnalyzers/blob/master/documentation/SA1117.md) [C:\Users\siebe\Documents\GitHub\Interdisciplinair-Project\InterdisciplinairProject\InterdisciplinairProject_n5o14qfd_wpftmp.csproj]
C:\Users\siebe\Documents\GitHub\Interdisciplinair-Project\InterdisciplinairProject\Fixtures\ViewModels\FixtureCreateViewModel.cs(255,13): warning SA1111: Closing parenthesis should be on line of last parameter (https://github.com/DotNetAnalyzers/StyleCopAnalyzers/blob/master/documentation/SA1111.md) [C:\Users\siebe\Documents\GitHub\Interdisciplinair-Project\InterdisciplinairProject\InterdisciplinairProject_n5o14qfd_wpftmp.csproj]
C:\Users\siebe\Documents\GitHub\Interdisciplinair-Project\InterdisciplinairProject\Fixtures\ViewModels\FixtureCreateViewModel.cs(223,33): warning SA1116: The parameters should begin on the line after the declaration, whenever the parameter span across multiple lines (https://github.com/DotNetAnalyzers/StyleCopAnalyzers/blob/master/documentation/SA1116.md) [C:\Users\siebe\Documents\GitHub\Interdisciplinair-Project\InterdisciplinairProject\InterdisciplinairProject_n5o14qfd_wpftmp.csproj]
C:\Users\siebe\Documents\GitHub\Interdisciplinair-Project\InterdisciplinairProject\Fixtures\ViewModels\FixtureCreateViewModel.cs(240,33): warning SA1116: The parameters should begin on the line after the declaration, whenever the parameter span across multiple lines (https://github.com/DotNetAnalyzers/StyleCopAnalyzers/blob/master/documentation/SA1116.md) [C:\Users\siebe\Documents\GitHub\Interdisciplinair-Project\InterdisciplinairProject\InterdisciplinairProject_n5o14qfd_wpftmp.csproj]
C:\Users\siebe\Documents\GitHub\Interdisciplinair-Project\InterdisciplinairProject\Fixtures\ViewModels\FixtureCreateViewModel.cs(279,33): warning SA1116: The parameters should begin on the line after the declaration, whenever the parameter span across multiple lines (https://github.com/DotNetAnalyzers/StyleCopAnalyzers/blob/master/documentation/SA1116.md) [C:\Users\siebe\Documents\GitHub\Interdisciplinair-Project\InterdisciplinairProject\InterdisciplinairProject_n5o14qfd_wpftmp.csproj]
C:\Users\siebe\Documents\GitHub\Interdisciplinair-Project\InterdisciplinairProject\Fixtures\ViewModels\FixtureCreateViewModel.cs(224,41): warning SA1117: The parameters should all be placed on the same line or each parameter should be placed on its own line (https://github.com/DotNetAnalyzers/StyleCopAnalyzers/blob/master/documentation/SA1117.md) [C:\Users\siebe\Documents\GitHub\Interdisciplinair-Project\InterdisciplinairProject\InterdisciplinairProject_n5o14qfd_wpftmp.csproj]
C:\Users\siebe\Documents\GitHub\Interdisciplinair-Project\InterdisciplinairProject\Fixtures\ViewModels\FixtureCreateViewModel.cs(241,29): warning SA1117: The parameters should all be placed on the same line or each parameter should be placed on its own line (https://github.com/DotNetAnalyzers/StyleCopAnalyzers/blob/master/documentation/SA1117.md) [C:\Users\siebe\Documents\GitHub\Interdisciplinair-Project\InterdisciplinairProject\InterdisciplinairProject_n5o14qfd_wpftmp.csproj]
C:\Users\siebe\Documents\GitHub\Interdisciplinair-Project\InterdisciplinairProject\Fixtures\ViewModels\FixtureCreateViewModel.cs(280,31): warning SA1117: The parameters should all be placed on the same line or each parameter should be placed on its own line (https://github.com/DotNetAnalyzers/StyleCopAnalyzers/blob/master/documentation/SA1117.md) [C:\Users\siebe\Documents\GitHub\Interdisciplinair-Project\InterdisciplinairProject\InterdisciplinairProject_n5o14qfd_wpftmp.csproj]
C:\Users\siebe\Documents\GitHub\Interdisciplinair-Project\InterdisciplinairProject\Fixtures\ViewModels\FixtureCreateViewModel.cs(291,21): warning SA1117: The parameters should all be placed on the same line or each parameter should be placed on its own line (https://github.com/DotNetAnalyzers/StyleCopAnalyzers/blob/master/documentation/SA1117.md) [C:\Users\siebe\Documents\GitHub\Interdisciplinair-Project\InterdisciplinairProject\InterdisciplinairProject_n5o14qfd_wpftmp.csproj]
C:\Users\siebe\Documents\GitHub\Interdisciplinair-Project\InterdisciplinairProject\ViewModels\ShowbuilderViewModel.cs(199,33): warning SA1116: The parameters should begin on the line after the declaration, whenever the parameter span across multiple lines (https://github.com/DotNetAnalyzers/StyleCopAnalyzers/blob/master/documentation/SA1116.md) [C:\Users\siebe\Documents\GitHub\Interdisciplinair-Project\InterdisciplinairProject\InterdisciplinairProject_n5o14qfd_wpftmp.csproj]
C:\Users\siebe\Documents\GitHub\Interdisciplinair-Project\InterdisciplinairProject\ViewModels\ShowbuilderViewModel.cs(200,29): warning SA1117: The parameters should all be placed on the same line or each parameter should be placed on its own line (https://github.com/DotNetAnalyzers/StyleCopAnalyzers/blob/master/documentation/SA1117.md) [C:\Users\siebe\Documents\GitHub\Interdisciplinair-Project\InterdisciplinairProject\InterdisciplinairProject_n5o14qfd_wpftmp.csproj]
C:\Users\siebe\Documents\GitHub\Interdisciplinair-Project\InterdisciplinairProject\ViewModels\ShowbuilderViewModel.cs(205,21): warning SA1117: The parameters should all be placed on the same line or each parameter should be placed on its own line (https://github.com/DotNetAnalyzers/StyleCopAnalyzers/blob/master/documentation/SA1117.md) [C:\Users\siebe\Documents\GitHub\Interdisciplinair-Project\InterdisciplinairProject\InterdisciplinairProject_n5o14qfd_wpftmp.csproj]
C:\Users\siebe\Documents\GitHub\Interdisciplinair-Project\InterdisciplinairProject\ViewModels\CreateShowViewModel.cs(63,9): warning SA1111: Closing parenthesis should be on line of last parameter (https://github.com/DotNetAnalyzers/StyleCopAnalyzers/blob/master/documentation/SA1111.md) [C:\Users\siebe\Documents\GitHub\Interdisciplinair-Project\InterdisciplinairProject\InterdisciplinairProject_n5o14qfd_wpftmp.csproj]
C:\Users\siebe\Documents\GitHub\Interdisciplinair-Project\InterdisciplinairProject\ViewModels\ShowbuilderViewModel.cs(219,21): warning SA1413: Use trailing comma in multi-line initializers (https://github.com/DotNetAnalyzers/StyleCopAnalyzers/blob/master/documentation/SA1413.md) [C:\Users\siebe\Documents\GitHub\Interdisciplinair-Project\InterdisciplinairProject\InterdisciplinairProject_n5o14qfd_wpftmp.csproj]
C:\Users\siebe\Documents\GitHub\Interdisciplinair-Project\InterdisciplinairProject\ViewModels\ShowbuilderViewModel.cs(293,17): warning SA1413: Use trailing comma in multi-line initializers (https://github.com/DotNetAnalyzers/StyleCopAnalyzers/blob/master/documentation/SA1413.md) [C:\Users\siebe\Documents\GitHub\Interdisciplinair-Project\InterdisciplinairProject\InterdisciplinairProject_n5o14qfd_wpftmp.csproj]
C:\Users\siebe\Documents\GitHub\Interdisciplinair-Project\InterdisciplinairProject\Fixtures\ViewModels\FixtureListViewModel.cs(149,21): warning SA1413: Use trailing comma in multi-line initializers (https://github.com/DotNetAnalyzers/StyleCopAnalyzers/blob/master/documentation/SA1413.md) [C:\Users\siebe\Documents\GitHub\Interdisciplinair-Project\InterdisciplinairProject\InterdisciplinairProject_n5o14qfd_wpftmp.csproj]
C:\Users\siebe\Documents\GitHub\Interdisciplinair-Project\InterdisciplinairProject\Fixtures\ViewModels\FixtureListViewModel.cs(168,18): warning SA1108: Block statements should not contain embedded comments (https://github.com/DotNetAnalyzers/StyleCopAnalyzers/blob/master/documentation/SA1108.md) [C:\Users\siebe\Documents\GitHub\Interdisciplinair-Project\InterdisciplinairProject\InterdisciplinairProject_n5o14qfd_wpftmp.csproj]
C:\Users\siebe\Documents\GitHub\Interdisciplinair-Project\InterdisciplinairProject\Fixtures\ViewModels\FixtureListViewModel.cs(175,51): warning SA1122: Use string.Empty for empty strings (https://github.com/DotNetAnalyzers/StyleCopAnalyzers/blob/master/documentation/SA1122.md) [C:\Users\siebe\Documents\GitHub\Interdisciplinair-Project\InterdisciplinairProject\InterdisciplinairProject_n5o14qfd_wpftmp.csproj]
C:\Users\siebe\Documents\GitHub\Interdisciplinair-Project\InterdisciplinairProject\ViewModels\ShowbuilderViewModel.cs(254,1): warning SA1028: Code should not contain trailing whitespace (https://github.com/DotNetAnalyzers/StyleCopAnalyzers/blob/master/documentation/SA1028.md) [C:\Users\siebe\Documents\GitHub\Interdisciplinair-Project\InterdisciplinairProject\InterdisciplinairProject_n5o14qfd_wpftmp.csproj]
C:\Users\siebe\Documents\GitHub\Interdisciplinair-Project\InterdisciplinairProject\ViewModels\ShowbuilderViewModel.cs(263,1): warning SA1028: Code should not contain trailing whitespace (https://github.com/DotNetAnalyzers/StyleCopAnalyzers/blob/master/documentation/SA1028.md) [C:\Users\siebe\Documents\GitHub\Interdisciplinair-Project\InterdisciplinairProject\InterdisciplinairProject_n5o14qfd_wpftmp.csproj]
C:\Users\siebe\Documents\GitHub\Interdisciplinair-Project\InterdisciplinairProject\ViewModels\ShowbuilderViewModel.cs(369,1): warning SA1028: Code should not contain trailing whitespace (https://github.com/DotNetAnalyzers/StyleCopAnalyzers/blob/master/documentation/SA1028.md) [C:\Users\siebe\Documents\GitHub\Interdisciplinair-Project\InterdisciplinairProject\InterdisciplinairProject_n5o14qfd_wpftmp.csproj]
C:\Users\siebe\Documents\GitHub\Interdisciplinair-Project\InterdisciplinairProject\ViewModels\ShowbuilderViewModel.cs(403,1): warning SA1028: Code should not contain trailing whitespace (https://github.com/DotNetAnalyzers/StyleCopAnalyzers/blob/master/documentation/SA1028.md) [C:\Users\siebe\Documents\GitHub\Interdisciplinair-Project\InterdisciplinairProject\InterdisciplinairProject_n5o14qfd_wpftmp.csproj]
C:\Users\siebe\Documents\GitHub\Interdisciplinair-Project\InterdisciplinairProject\ViewModels\ShowbuilderViewModel.cs(511,1): warning SA1028: Code should not contain trailing whitespace (https://github.com/DotNetAnalyzers/StyleCopAnalyzers/blob/master/documentation/SA1028.md) [C:\Users\siebe\Documents\GitHub\Interdisciplinair-Project\InterdisciplinairProject\InterdisciplinairProject_n5o14qfd_wpftmp.csproj]
C:\Users\siebe\Documents\GitHub\Interdisciplinair-Project\InterdisciplinairProject\ViewModels\TimeLineViewModel.cs(18,1): warning SA1507: Code should not contain multiple blank lines in a row (https://github.com/DotNetAnalyzers/StyleCopAnalyzers/blob/master/documentation/SA1507.md) [C:\Users\siebe\Documents\GitHub\Interdisciplinair-Project\InterdisciplinairProject\InterdisciplinairProject_n5o14qfd_wpftmp.csproj]
C:\Users\siebe\Documents\GitHub\Interdisciplinair-Project\InterdisciplinairProject\Fixtures\ViewModels\ManufacturerGroup.cs(40,17): warning SA1519: Braces should not be omitted from multi-line child statement (https://github.com/DotNetAnalyzers/StyleCopAnalyzers/blob/master/documentation/SA1519.md) [C:\Users\siebe\Documents\GitHub\Interdisciplinair-Project\InterdisciplinairProject\InterdisciplinairProject_n5o14qfd_wpftmp.csproj]
C:\Users\siebe\Documents\GitHub\Interdisciplinair-Project\InterdisciplinairProject\Views\FixtureSelectionDialog.xaml.cs(20,1): warning SA1028: Code should not contain trailing whitespace (https://github.com/DotNetAnalyzers/StyleCopAnalyzers/blob/master/documentation/SA1028.md) [C:\Users\siebe\Documents\GitHub\Interdisciplinair-Project\InterdisciplinairProject\InterdisciplinairProject_n5o14qfd_wpftmp.csproj]
C:\Users\siebe\Documents\GitHub\Interdisciplinair-Project\InterdisciplinairProject\Views\SceneControl.xaml.cs(89,14): warning SA1513: Closing brace should be followed by blank line (https://github.com/DotNetAnalyzers/StyleCopAnalyzers/blob/master/documentation/SA1513.md) [C:\Users\siebe\Documents\GitHub\Interdisciplinair-Project\InterdisciplinairProject\InterdisciplinairProject_n5o14qfd_wpftmp.csproj]
C:\Users\siebe\Documents\GitHub\Interdisciplinair-Project\InterdisciplinairProject\Views\Scene\FixtureRegistryDialog.xaml.cs(308,1): warning SA1507: Code should not contain multiple blank lines in a row (https://github.com/DotNetAnalyzers/StyleCopAnalyzers/blob/master/documentation/SA1507.md) [C:\Users\siebe\Documents\GitHub\Interdisciplinair-Project\InterdisciplinairProject\InterdisciplinairProject_n5o14qfd_wpftmp.csproj]
C:\Users\siebe\Documents\GitHub\Interdisciplinair-Project\InterdisciplinairProject\Views\Scene\FixtureRegistryDialog.xaml.cs(135,14): warning SA1513: Closing brace should be followed by blank line (https://github.com/DotNetAnalyzers/StyleCopAnalyzers/blob/master/documentation/SA1513.md) [C:\Users\siebe\Documents\GitHub\Interdisciplinair-Project\InterdisciplinairProject\InterdisciplinairProject_n5o14qfd_wpftmp.csproj]
C:\Users\siebe\Documents\GitHub\Interdisciplinair-Project\InterdisciplinairProject\Views\Scene\FixtureRegistryDialog.xaml.cs(374,18): warning SA1513: Closing brace should be followed by blank line (https://github.com/DotNetAnalyzers/StyleCopAnalyzers/blob/master/documentation/SA1513.md) [C:\Users\siebe\Documents\GitHub\Interdisciplinair-Project\InterdisciplinairProject\InterdisciplinairProject_n5o14qfd_wpftmp.csproj]
C:\Users\siebe\Documents\GitHub\Interdisciplinair-Project\InterdisciplinairProject\Views\Scene\FixtureRegistryDialog.xaml.cs(136,13): warning SA1515: Single-line comment should be preceded by blank line (https://github.com/DotNetAnalyzers/StyleCopAnalyzers/blob/master/documentation/SA1515.md) [C:\Users\siebe\Documents\GitHub\Interdisciplinair-Project\InterdisciplinairProject\InterdisciplinairProject_n5o14qfd_wpftmp.csproj]
C:\Users\siebe\Documents\GitHub\Interdisciplinair-Project\InterdisciplinairProject\Views\Scene\FixtureRegistryDialog.xaml.cs(305,17): warning SA1515: Single-line comment should be preceded by blank line (https://github.com/DotNetAnalyzers/StyleCopAnalyzers/blob/master/documentation/SA1515.md) [C:\Users\siebe\Documents\GitHub\Interdisciplinair-Project\InterdisciplinairProject\InterdisciplinairProject_n5o14qfd_wpftmp.csproj]
C:\Users\siebe\Documents\GitHub\Interdisciplinair-Project\InterdisciplinairProject\ViewModels\ShowbuilderViewModel.cs(436,23): warning SA1501: Statement should not be on a single line (https://github.com/DotNetAnalyzers/StyleCopAnalyzers/blob/master/documentation/SA1501.md) [C:\Users\siebe\Documents\GitHub\Interdisciplinair-Project\InterdisciplinairProject\InterdisciplinairProject_n5o14qfd_wpftmp.csproj]
C:\Users\siebe\Documents\GitHub\Interdisciplinair-Project\InterdisciplinairProject\Views\Scene\FixtureRegistryDialog.xaml.cs(415,9): warning SA1005: Single line comment should begin with a space (https://github.com/DotNetAnalyzers/StyleCopAnalyzers/blob/master/documentation/SA1005.md) [C:\Users\siebe\Documents\GitHub\Interdisciplinair-Project\InterdisciplinairProject\InterdisciplinairProject_n5o14qfd_wpftmp.csproj]
C:\Users\siebe\Documents\GitHub\Interdisciplinair-Project\InterdisciplinairProject\ViewModels\ShowbuilderViewModel.cs(471,39): warning SA1407: Arithmetic expressions should declare precedence (https://github.com/DotNetAnalyzers/StyleCopAnalyzers/blob/master/documentation/SA1407.md) [C:\Users\siebe\Documents\GitHub\Interdisciplinair-Project\InterdisciplinairProject\InterdisciplinairProject_n5o14qfd_wpftmp.csproj]
C:\Users\siebe\Documents\GitHub\Interdisciplinair-Project\InterdisciplinairProject\ViewModels\ShowbuilderViewModel.cs(548,48): warning SA1501: Statement should not be on a single line (https://github.com/DotNetAnalyzers/StyleCopAnalyzers/blob/master/documentation/SA1501.md) [C:\Users\siebe\Documents\GitHub\Interdisciplinair-Project\InterdisciplinairProject\InterdisciplinairProject_n5o14qfd_wpftmp.csproj]
C:\Users\siebe\Documents\GitHub\Interdisciplinair-Project\InterdisciplinairProject\ViewModels\ShowbuilderViewModel.cs(595,48): warning SA1501: Statement should not be on a single line (https://github.com/DotNetAnalyzers/StyleCopAnalyzers/blob/master/documentation/SA1501.md) [C:\Users\siebe\Documents\GitHub\Interdisciplinair-Project\InterdisciplinairProject\InterdisciplinairProject_n5o14qfd_wpftmp.csproj]
C:\Users\siebe\Documents\GitHub\Interdisciplinair-Project\InterdisciplinairProject\ViewModels\ShowbuilderViewModel.cs(580,16): warning MVVMTK0034: The field InterdisciplinairProject.ViewModels.ShowbuilderViewModel.selectedScene is annotated with [ObservableProperty] and should not be directly referenced (use the generated property instead) (https://aka.ms/mvvmtoolkit/errors/mvvmtk0034) [C:\Users\siebe\Documents\GitHub\Interdisciplinair-Project\InterdisciplinairProject\InterdisciplinairProject_n5o14qfd_wpftmp.csproj]
C:\Users\siebe\Documents\GitHub\Interdisciplinair-Project\InterdisciplinairProject\ViewModels\ShowbuilderViewModel.cs(587,35): warning MVVMTK0034: The field InterdisciplinairProject.ViewModels.ShowbuilderViewModel.selectedScene is annotated with [ObservableProperty] and should not be directly referenced (use the generated property instead) (https://aka.ms/mvvmtoolkit/errors/mvvmtk0034) [C:\Users\siebe\Documents\GitHub\Interdisciplinair-Project\InterdisciplinairProject\InterdisciplinairProject_n5o14qfd_wpftmp.csproj]
C:\Users\siebe\Documents\GitHub\Interdisciplinair-Project\InterdisciplinairProject\Views\Scene\FixtureSettingsView.xaml.cs(35,13): warning SA1512: Single-line comments should not be followed by blank line (https://github.com/DotNetAnalyzers/StyleCopAnalyzers/blob/master/documentation/SA1512.md) [C:\Users\siebe\Documents\GitHub\Interdisciplinair-Project\InterdisciplinairProject\InterdisciplinairProject_n5o14qfd_wpftmp.csproj]
C:\Users\siebe\Documents\GitHub\Interdisciplinair-Project\InterdisciplinairProject\Views\TimelineScene.xaml.cs(18,10): warning SA1513: Closing brace should be followed by blank line (https://github.com/DotNetAnalyzers/StyleCopAnalyzers/blob/master/documentation/SA1513.md) [C:\Users\siebe\Documents\GitHub\Interdisciplinair-Project\InterdisciplinairProject\InterdisciplinairProject_n5o14qfd_wpftmp.csproj]
C:\Users\siebe\Documents\GitHub\Interdisciplinair-Project\InterdisciplinairProject\Views\TimelineScene.xaml.cs(40,14): warning SA1513: Closing brace should be followed by blank line (https://github.com/DotNetAnalyzers/StyleCopAnalyzers/blob/master/documentation/SA1513.md) [C:\Users\siebe\Documents\GitHub\Interdisciplinair-Project\InterdisciplinairProject\InterdisciplinairProject_n5o14qfd_wpftmp.csproj]
CSC : warning SA0001: XML comment analysis is disabled due to project configuration (https://github.com/DotNetAnalyzers/StyleCopAnalyzers/blob/master/documentation/SA0001.md) [C:\Users\siebe\Documents\GitHub\Interdisciplinair-Project\InterdisciplinairProject\InterdisciplinairProject_n5o14qfd_wpftmp.csproj]

Build FAILED.

C:\Users\siebe\Documents\GitHub\Interdisciplinair-Project\InterdisciplinairProject.Features\Show\Show.csproj : warning NU1701: Package 'Microsoft.Xaml.Behaviors.Wpf 1.1.135' was restored using '.NETFramework,Version=v4.6.1, .NETFramework,Version=v4.6.2, .NETFramework,Version=v4.7, .NETFramework,Version=v4.7.1, .NETFramework,Version=v4.7.2, .NETFramework,Version=v4.8, .NETFramework,Version=v4.8.1' instead of the project target framework 'net8.0'. This package may not be fully compatible with your project. [C:\Users\siebe\Documents\GitHub\Interdisciplinair-Project\InterdisciplinairProject\InterdisciplinairProject.csproj]
C:\Users\siebe\Documents\GitHub\Interdisciplinair-Project\InterdisciplinairProject.Features\Fixture\Fixture.csproj : warning NU1701: Package 'Microsoft.Xaml.Behaviors.Wpf 1.1.135' was restored using '.NETFramework,Version=v4.6.1, .NETFramework,Version=v4.6.2, .NETFramework,Version=v4.7, .NETFramework,Version=v4.7.1, .NETFramework,Version=v4.7.2, .NETFramework,Version=v4.8, .NETFramework,Version=v4.8.1' instead of the project target framework 'net8.0'. This package may not be fully compatible with your project. [C:\Users\siebe\Documents\GitHub\Interdisciplinair-Project\InterdisciplinairProject\InterdisciplinairProject.csproj]
C:\Users\siebe\Documents\GitHub\Interdisciplinair-Project\InterdisciplinairProject.Features\Scene\Scene.csproj : warning NU1701: Package 'Microsoft.Xaml.Behaviors.Wpf 1.1.135' was restored using '.NETFramework,Version=v4.6.1, .NETFramework,Version=v4.6.2, .NETFramework,Version=v4.7, .NETFramework,Version=v4.7.1, .NETFramework,Version=v4.7.2, .NETFramework,Version=v4.8, .NETFramework,Version=v4.8.1' instead of the project target framework 'net8.0'. This package may not be fully compatible with your project. [C:\Users\siebe\Documents\GitHub\Interdisciplinair-Project\InterdisciplinairProject\InterdisciplinairProject.csproj]
C:\Users\siebe\Documents\GitHub\Interdisciplinair-Project\InterdisciplinairProject.Core\InterdisciplinairProject.Core.csproj : warning NU1701: Package 'Microsoft.Xaml.Behaviors.Wpf 1.1.135' was restored using '.NETFramework,Version=v4.6.1, .NETFramework,Version=v4.6.2, .NETFramework,Version=v4.7, .NETFramework,Version=v4.7.1, .NETFramework,Version=v4.7.2, .NETFramework,Version=v4.8, .NETFramework,Version=v4.8.1' instead of the project target framework 'net8.0'. This package may not be fully compatible with your project. [C:\Users\siebe\Documents\GitHub\Interdisciplinair-Project\InterdisciplinairProject\InterdisciplinairProject.csproj]
C:\Users\siebe\Documents\GitHub\Interdisciplinair-Project\InterdisciplinairProject.Features\Scene\Scene.csproj : warning NU1701: Package 'Microsoft.Xaml.Behaviors.Wpf 1.1.135' was restored using '.NETFramework,Version=v4.6.1, .NETFramework,Version=v4.6.2, .NETFramework,Version=v4.7, .NETFramework,Version=v4.7.1, .NETFramework,Version=v4.7.2, .NETFramework,Version=v4.8, .NETFramework,Version=v4.8.1' instead of the project target framework 'net8.0'. This package may not be fully compatible with your project.
C:\Users\siebe\Documents\GitHub\Interdisciplinair-Project\InterdisciplinairProject.Core\InterdisciplinairProject.Core.csproj : warning NU1701: Package 'Microsoft.Xaml.Behaviors.Wpf 1.1.135' was restored using '.NETFramework,Version=v4.6.1, .NETFramework,Version=v4.6.2, .NETFramework,Version=v4.7, .NETFramework,Version=v4.7.1, .NETFramework,Version=v4.7.2, .NETFramework,Version=v4.8, .NETFramework,Version=v4.8.1' instead of the project target framework 'net8.0'. This package may not be fully compatible with your project.
C:\Users\siebe\Documents\GitHub\Interdisciplinair-Project\InterdisciplinairProject.Features\Fixture\Fixture.csproj : warning NU1701: Package 'Microsoft.Xaml.Behaviors.Wpf 1.1.135' was restored using '.NETFramework,Version=v4.6.1, .NETFramework,Version=v4.6.2, .NETFramework,Version=v4.7, .NETFramework,Version=v4.7.1, .NETFramework,Version=v4.7.2, .NETFramework,Version=v4.8, .NETFramework,Version=v4.8.1' instead of the project target framework 'net8.0'. This package may not be fully compatible with your project.
C:\Users\siebe\Documents\GitHub\Interdisciplinair-Project\InterdisciplinairProject.Features\Show\Show.csproj : warning NU1701: Package 'Microsoft.Xaml.Behaviors.Wpf 1.1.135' was restored using '.NETFramework,Version=v4.6.1, .NETFramework,Version=v4.6.2, .NETFramework,Version=v4.7, .NETFramework,Version=v4.7.1, .NETFramework,Version=v4.7.2, .NETFramework,Version=v4.8, .NETFramework,Version=v4.8.1' instead of the project target framework 'net8.0'. This package may not be fully compatible with your project.
C:\Users\siebe\Documents\GitHub\Interdisciplinair-Project\InterdisciplinairProject\App.xaml.cs(4,7): warning CS0105: The using directive for 'InterdisciplinairProject.ViewModels' appeared previously in this namespace [C:\Users\siebe\Documents\GitHub\Interdisciplinair-Project\InterdisciplinairProject\InterdisciplinairProject_n5o14qfd_wpftmp.csproj]
C:\Users\siebe\Documents\GitHub\Interdisciplinair-Project\InterdisciplinairProject\App.xaml.cs(5,7): warning CS0105: The using directive for 'Microsoft.Extensions.DependencyInjection' appeared previously in this namespace [C:\Users\siebe\Documents\GitHub\Interdisciplinair-Project\InterdisciplinairProject\InterdisciplinairProject_n5o14qfd_wpftmp.csproj]
C:\Users\siebe\Documents\GitHub\Interdisciplinair-Project\InterdisciplinairProject\Fixtures\Views\FixtureCreateView.xaml.cs(4,7): warning CS0105: The using directive for 'System.Windows' appeared previously in this namespace [C:\Users\siebe\Documents\GitHub\Interdisciplinair-Project\InterdisciplinairProject\InterdisciplinairProject_n5o14qfd_wpftmp.csproj]
C:\Users\siebe\Documents\GitHub\Interdisciplinair-Project\InterdisciplinairProject\ViewModels\FixtureChannelInfoViewModel.cs(3,7): warning CS0105: The using directive for 'InterdisciplinairProject.Core.Models' appeared previously in this namespace [C:\Users\siebe\Documents\GitHub\Interdisciplinair-Project\InterdisciplinairProject\InterdisciplinairProject_n5o14qfd_wpftmp.csproj]
C:\Users\siebe\Documents\GitHub\Interdisciplinair-Project\InterdisciplinairProject\ViewModels\CreateShowViewModel.cs(33,50): warning CS8612: Nullability of reference types in type of 'event PropertyChangedEventHandler CreateShowViewModel.PropertyChanged' doesn't match implicitly implemented member 'event PropertyChangedEventHandler? INotifyPropertyChanged.PropertyChanged'. [C:\Users\siebe\Documents\GitHub\Interdisciplinair-Project\InterdisciplinairProject\InterdisciplinairProject_n5o14qfd_wpftmp.csproj]
C:\Users\siebe\Documents\GitHub\Interdisciplinair-Project\InterdisciplinairProject\ViewModels\CreateShowViewModel.cs(62,54): warning CS8625: Cannot convert null literal to non-nullable reference type. [C:\Users\siebe\Documents\GitHub\Interdisciplinair-Project\InterdisciplinairProject\InterdisciplinairProject_n5o14qfd_wpftmp.csproj]
C:\Users\siebe\Documents\GitHub\Interdisciplinair-Project\InterdisciplinairProject\Views\Scene\FixtureRegistryDialog.xaml.cs(407,54): warning CS8612: Nullability of reference types in type of 'event PropertyChangedEventHandler EffectRow.PropertyChanged' doesn't match implicitly implemented member 'event PropertyChangedEventHandler? INotifyPropertyChanged.PropertyChanged'. [C:\Users\siebe\Documents\GitHub\Interdisciplinair-Project\InterdisciplinairProject\InterdisciplinairProject_n5o14qfd_wpftmp.csproj]
C:\Users\siebe\Documents\GitHub\Interdisciplinair-Project\InterdisciplinairProject\ViewModels\SceneControlViewModel.cs(168,60): warning CS8604: Possible null reference argument for parameter 'targetScene' in 'Task ShowbuilderViewModel.FadeToAndActivateAsync(Scene targetScene, int targetDimmer)'. [C:\Users\siebe\Documents\GitHub\Interdisciplinair-Project\InterdisciplinairProject\InterdisciplinairProject_n5o14qfd_wpftmp.csproj]
C:\Users\siebe\Documents\GitHub\Interdisciplinair-Project\InterdisciplinairProject\ViewModels\SceneControlViewModel.cs(182,36): warning CS8602: Dereference of a possibly null reference. [C:\Users\siebe\Documents\GitHub\Interdisciplinair-Project\InterdisciplinairProject\InterdisciplinairProject_n5o14qfd_wpftmp.csproj]
C:\Users\siebe\Documents\GitHub\Interdisciplinair-Project\InterdisciplinairProject\Fixtures\Converters\ByteArrayToImageConverter.cs(33,28): warning CS8603: Possible null reference return. [C:\Users\siebe\Documents\GitHub\Interdisciplinair-Project\InterdisciplinairProject\InterdisciplinairProject_n5o14qfd_wpftmp.csproj]
C:\Users\siebe\Documents\GitHub\Interdisciplinair-Project\InterdisciplinairProject\Fixtures\Converters\ByteArrayToImageConverter.cs(36,20): warning CS8603: Possible null reference return. [C:\Users\siebe\Documents\GitHub\Interdisciplinair-Project\InterdisciplinairProject\InterdisciplinairProject_n5o14qfd_wpftmp.csproj]
C:\Users\siebe\Documents\GitHub\Interdisciplinair-Project\InterdisciplinairProject\Fixtures\Views\FixtureCreateView.xaml.cs(155,20): warning CS8603: Possible null reference return. [C:\Users\siebe\Documents\GitHub\Interdisciplinair-Project\InterdisciplinairProject\InterdisciplinairProject_n5o14qfd_wpftmp.csproj]
C:\Users\siebe\Documents\GitHub\Interdisciplinair-Project\InterdisciplinairProject\Views\Scene\FixtureRegistryDialog.xaml.cs(302,20): warning CS8618: Non-nullable field '_availableChannels' must contain a non-null value when exiting constructor. Consider adding the 'required' modifier or declaring the field as nullable. [C:\Users\siebe\Documents\GitHub\Interdisciplinair-Project\InterdisciplinairProject\InterdisciplinairProject_n5o14qfd_wpftmp.csproj]
C:\Users\siebe\Documents\GitHub\Interdisciplinair-Project\InterdisciplinairProject\Views\Scene\FixtureRegistryDialog.xaml.cs(302,20): warning CS8618: Non-nullable event 'PropertyChanged' must contain a non-null value when exiting constructor. Consider adding the 'required' modifier or declaring the event as nullable. [C:\Users\siebe\Documents\GitHub\Interdisciplinair-Project\InterdisciplinairProject\InterdisciplinairProject_n5o14qfd_wpftmp.csproj]
C:\Users\siebe\Documents\GitHub\Interdisciplinair-Project\InterdisciplinairProject\ViewModels\TimeLineViewModel.cs(49,27): warning CS8602: Dereference of a possibly null reference. [C:\Users\siebe\Documents\GitHub\Interdisciplinair-Project\InterdisciplinairProject\InterdisciplinairProject_n5o14qfd_wpftmp.csproj]
C:\Users\siebe\Documents\GitHub\Interdisciplinair-Project\InterdisciplinairProject\ViewModels\TimeLineViewModel.cs(70,64): warning CS8602: Dereference of a possibly null reference. [C:\Users\siebe\Documents\GitHub\Interdisciplinair-Project\InterdisciplinairProject\InterdisciplinairProject_n5o14qfd_wpftmp.csproj]
C:\Users\siebe\Documents\GitHub\Interdisciplinair-Project\InterdisciplinairProject\ViewModels\CreateShowViewModel.cs(35,16): warning CS8618: Non-nullable field '_window' must contain a non-null value when exiting constructor. Consider adding the 'required' modifier or declaring the field as nullable. [C:\Users\siebe\Documents\GitHub\Interdisciplinair-Project\InterdisciplinairProject\InterdisciplinairProject_n5o14qfd_wpftmp.csproj]
C:\Users\siebe\Documents\GitHub\Interdisciplinair-Project\InterdisciplinairProject\ViewModels\CreateShowViewModel.cs(35,16): warning CS8618: Non-nullable field '_showName' must contain a non-null value when exiting constructor. Consider adding the 'required' modifier or declaring the field as nullable. [C:\Users\siebe\Documents\GitHub\Interdisciplinair-Project\InterdisciplinairProject\InterdisciplinairProject_n5o14qfd_wpftmp.csproj]
C:\Users\siebe\Documents\GitHub\Interdisciplinair-Project\InterdisciplinairProject\ViewModels\CreateShowViewModel.cs(35,16): warning CS8618: Non-nullable event 'PropertyChanged' must contain a non-null value when exiting constructor. Consider adding the 'required' modifier or declaring the event as nullable. [C:\Users\siebe\Documents\GitHub\Interdisciplinair-Project\InterdisciplinairProject\InterdisciplinairProject_n5o14qfd_wpftmp.csproj]
C:\Users\siebe\Documents\GitHub\Interdisciplinair-Project\InterdisciplinairProject\Fixtures\ViewModels\FixtureCreateViewModel.cs(128,16): warning CS8618: Non-nullable property 'AddTypeBtn' must contain a non-null value when exiting constructor. Consider adding the 'required' modifier or declaring the property as nullable. [C:\Users\siebe\Documents\GitHub\Interdisciplinair-Project\InterdisciplinairProject\InterdisciplinairProject_n5o14qfd_wpftmp.csproj]
C:\Users\siebe\Documents\GitHub\Interdisciplinair-Project\InterdisciplinairProject\ViewModels\ShowbuilderViewModel.cs(138,13): warning CS1717: Assignment made to same variable; did you mean to assign something else? [C:\Users\siebe\Documents\GitHub\Interdisciplinair-Project\InterdisciplinairProject\InterdisciplinairProject_n5o14qfd_wpftmp.csproj]
C:\Users\siebe\Documents\GitHub\Interdisciplinair-Project\InterdisciplinairProject\Fixtures\ViewModels\MainWindowFixturesViewModel.cs(113,68): warning CS8604: Possible null reference argument for parameter 'fixtureName' in 'void MainWindowFixturesViewModel.OnFixtureDelete(string fixtureName, string manufacturerName)'. [C:\Users\siebe\Documents\GitHub\Interdisciplinair-Project\InterdisciplinairProject\InterdisciplinairProject_n5o14qfd_wpftmp.csproj]
C:\Users\siebe\Documents\GitHub\Interdisciplinair-Project\InterdisciplinairProject\Fixtures\ViewModels\MainWindowFixturesViewModel.cs(113,83): warning CS8604: Possible null reference argument for parameter 'manufacturerName' in 'void MainWindowFixturesViewModel.OnFixtureDelete(string fixtureName, string manufacturerName)'. [C:\Users\siebe\Documents\GitHub\Interdisciplinair-Project\InterdisciplinairProject\InterdisciplinairProject_n5o14qfd_wpftmp.csproj]
C:\Users\siebe\Documents\GitHub\Interdisciplinair-Project\InterdisciplinairProject\Fixtures\ViewModels\FixtureListViewModel.cs(217,35): warning CS8600: Converting null literal or possible null value to non-nullable type. [C:\Users\siebe\Documents\GitHub\Interdisciplinair-Project\InterdisciplinairProject\InterdisciplinairProject_n5o14qfd_wpftmp.csproj]
C:\Users\siebe\Documents\GitHub\Interdisciplinair-Project\InterdisciplinairProject\Fixtures\Views\FixtureCreateView.xaml.cs(17,22): warning CS0169: The field 'FixtureCreateView._dragInitiatedFromHandle' is never used [C:\Users\siebe\Documents\GitHub\Interdisciplinair-Project\InterdisciplinairProject\InterdisciplinairProject_n5o14qfd_wpftmp.csproj]
C:\Users\siebe\Documents\GitHub\Interdisciplinair-Project\InterdisciplinairProject\Fixtures\ViewModels\ChannelItem.cs(58,22): warning CS0169: The field 'ChannelItem._isNameManuallyEdited' is never used [C:\Users\siebe\Documents\GitHub\Interdisciplinair-Project\InterdisciplinairProject\InterdisciplinairProject_n5o14qfd_wpftmp.csproj]
C:\Users\siebe\Documents\GitHub\Interdisciplinair-Project\InterdisciplinairProject\ViewModels\TimeLineViewModel.cs(21,42): warning CS0169: The field 'TimeLineViewModel._playCts' is never used [C:\Users\siebe\Documents\GitHub\Interdisciplinair-Project\InterdisciplinairProject\InterdisciplinairProject_n5o14qfd_wpftmp.csproj]
C:\Users\siebe\Documents\GitHub\Interdisciplinair-Project\InterdisciplinairProject\ViewModels\TimeLineViewModel.cs(24,22): warning CS0169: The field 'TimeLineViewModel._suppressParentUpdate' is never used [C:\Users\siebe\Documents\GitHub\Interdisciplinair-Project\InterdisciplinairProject\InterdisciplinairProject_n5o14qfd_wpftmp.csproj]
C:\Users\siebe\Documents\GitHub\Interdisciplinair-Project\InterdisciplinairProject\App.xaml.cs(2,1): warning SA1210: Using directives should be ordered alphabetically by the namespaces (https://github.com/DotNetAnalyzers/StyleCopAnalyzers/blob/master/documentation/SA1210.md) [C:\Users\siebe\Documents\GitHub\Interdisciplinair-Project\InterdisciplinairProject\InterdisciplinairProject_n5o14qfd_wpftmp.csproj]
C:\Users\siebe\Documents\GitHub\Interdisciplinair-Project\InterdisciplinairProject\Converters\StringNotEmptyToVisibilityConverter.cs(7,1): warning SA1516: Elements should be separated by blank line (https://github.com/DotNetAnalyzers/StyleCopAnalyzers/blob/master/documentation/SA1516.md) [C:\Users\siebe\Documents\GitHub\Interdisciplinair-Project\InterdisciplinairProject\InterdisciplinairProject_n5o14qfd_wpftmp.csproj]
C:\Users\siebe\Documents\GitHub\Interdisciplinair-Project\InterdisciplinairProject\Views\ShowbuilderView.xaml.cs(5,1): warning SA1505: An opening brace should not be followed by a blank line (https://github.com/DotNetAnalyzers/StyleCopAnalyzers/blob/master/documentation/SA1505.md) [C:\Users\siebe\Documents\GitHub\Interdisciplinair-Project\InterdisciplinairProject\InterdisciplinairProject_n5o14qfd_wpftmp.csproj]
C:\Users\siebe\Documents\GitHub\Interdisciplinair-Project\InterdisciplinairProject\Fixtures\Converters\ManufacturerBoolToVisibilityConverter.cs(10,1): warning SA1505: An opening brace should not be followed by a blank line (https://github.com/DotNetAnalyzers/StyleCopAnalyzers/blob/master/documentation/SA1505.md) [C:\Users\siebe\Documents\GitHub\Interdisciplinair-Project\InterdisciplinairProject\InterdisciplinairProject_n5o14qfd_wpftmp.csproj]
C:\Users\siebe\Documents\GitHub\Interdisciplinair-Project\InterdisciplinairProject\Fixtures\ViewModels\FixtureContentViewModel.cs(7,1): warning SA1210: Using directives should be ordered alphabetically by the namespaces (https://github.com/DotNetAnalyzers/StyleCopAnalyzers/blob/master/documentation/SA1210.md) [C:\Users\siebe\Documents\GitHub\Interdisciplinair-Project\InterdisciplinairProject\InterdisciplinairProject_n5o14qfd_wpftmp.csproj]
C:\Users\siebe\Documents\GitHub\Interdisciplinair-Project\InterdisciplinairProject\Fixtures\ViewModels\FixtureContentViewModel.cs(10,1): warning SA1210: Using directives should be ordered alphabetically by the namespaces (https://github.com/DotNetAnalyzers/StyleCopAnalyzers/blob/master/documentation/SA1210.md) [C:\Users\siebe\Documents\GitHub\Interdisciplinair-Project\InterdisciplinairProject\InterdisciplinairProject_n5o14qfd_wpftmp.csproj]
C:\Users\siebe\Documents\GitHub\Interdisciplinair-Project\InterdisciplinairProject\Fixtures\Converters\ByteArrayToImageConverter.cs(35,14): warning SA1513: Closing brace should be followed by blank line (https://github.com/DotNetAnalyzers/StyleCopAnalyzers/blob/master/documentation/SA1513.md) [C:\Users\siebe\Documents\GitHub\Interdisciplinair-Project\InterdisciplinairProject\InterdisciplinairProject_n5o14qfd_wpftmp.csproj]
C:\Users\siebe\Documents\GitHub\Interdisciplinair-Project\InterdisciplinairProject\ViewModels\SceneControlViewModel.cs(70,1): warning SA1516: Elements should be separated by blank line (https://github.com/DotNetAnalyzers/StyleCopAnalyzers/blob/master/documentation/SA1516.md) [C:\Users\siebe\Documents\GitHub\Interdisciplinair-Project\InterdisciplinairProject\InterdisciplinairProject_n5o14qfd_wpftmp.csproj]
C:\Users\siebe\Documents\GitHub\Interdisciplinair-Project\InterdisciplinairProject\ViewModels\SceneControlViewModel.cs(69,19): warning SA1201: A property should not follow a method (https://github.com/DotNetAnalyzers/StyleCopAnalyzers/blob/master/documentation/SA1201.md) [C:\Users\siebe\Documents\GitHub\Interdisciplinair-Project\InterdisciplinairProject\InterdisciplinairProject_n5o14qfd_wpftmp.csproj]
C:\Users\siebe\Documents\GitHub\Interdisciplinair-Project\InterdisciplinairProject\ViewModels\SceneControlViewModel.cs(73,20): warning SA1201: A field should not follow a property (https://github.com/DotNetAnalyzers/StyleCopAnalyzers/blob/master/documentation/SA1201.md) [C:\Users\siebe\Documents\GitHub\Interdisciplinair-Project\InterdisciplinairProject\InterdisciplinairProject_n5o14qfd_wpftmp.csproj]
C:\Users\siebe\Documents\GitHub\Interdisciplinair-Project\InterdisciplinairProject\ViewModels\SceneControlViewModel.cs(95,18): warning SA1201: A field should not follow a method (https://github.com/DotNetAnalyzers/StyleCopAnalyzers/blob/master/documentation/SA1201.md) [C:\Users\siebe\Documents\GitHub\Interdisciplinair-Project\InterdisciplinairProject\InterdisciplinairProject_n5o14qfd_wpftmp.csproj]
C:\Users\siebe\Documents\GitHub\Interdisciplinair-Project\InterdisciplinairProject\ViewModels\SceneControlViewModel.cs(106,17): warning SA1201: A field should not follow a method (https://github.com/DotNetAnalyzers/StyleCopAnalyzers/blob/master/documentation/SA1201.md) [C:\Users\siebe\Documents\GitHub\Interdisciplinair-Project\InterdisciplinairProject\InterdisciplinairProject_n5o14qfd_wpftmp.csproj]
C:\Users\siebe\Documents\GitHub\Interdisciplinair-Project\InterdisciplinairProject\ViewModels\SceneControlViewModel.cs(115,17): warning SA1201: A field should not follow a method (https://github.com/DotNetAnalyzers/StyleCopAnalyzers/blob/master/documentation/SA1201.md) [C:\Users\siebe\Documents\GitHub\Interdisciplinair-Project\InterdisciplinairProject\InterdisciplinairProject_n5o14qfd_wpftmp.csproj]
C:\Users\siebe\Documents\GitHub\Interdisciplinair-Project\InterdisciplinairProject\Fixtures\Converters\ImageHelpers.cs(14,25): warning SA1649: File name should match first type name (https://github.com/DotNetAnalyzers/StyleCopAnalyzers/blob/master/documentation/SA1649.md) [C:\Users\siebe\Documents\GitHub\Interdisciplinair-Project\InterdisciplinairProject\InterdisciplinairProject_n5o14qfd_wpftmp.csproj]
C:\Users\siebe\Documents\GitHub\Interdisciplinair-Project\InterdisciplinairProject\Fixtures\Converters\ImageHelpers.cs(24,14): warning SA1513: Closing brace should be followed by blank line (https://github.com/DotNetAnalyzers/StyleCopAnalyzers/blob/master/documentation/SA1513.md) [C:\Users\siebe\Documents\GitHub\Interdisciplinair-Project\InterdisciplinairProject\InterdisciplinairProject_n5o14qfd_wpftmp.csproj]
C:\Users\siebe\Documents\GitHub\Interdisciplinair-Project\InterdisciplinairProject\Fixtures\Converters\ImageHelpers.cs(39,18): warning SA1402: File may only contain a single type (https://github.com/DotNetAnalyzers/StyleCopAnalyzers/blob/master/documentation/SA1402.md) [C:\Users\siebe\Documents\GitHub\Interdisciplinair-Project\InterdisciplinairProject\InterdisciplinairProject_n5o14qfd_wpftmp.csproj]
C:\Users\siebe\Documents\GitHub\Interdisciplinair-Project\InterdisciplinairProject\MainWindow.xaml.cs(46,1): warning SA1516: Elements should be separated by blank line (https://github.com/DotNetAnalyzers/StyleCopAnalyzers/blob/master/documentation/SA1516.md) [C:\Users\siebe\Documents\GitHub\Interdisciplinair-Project\InterdisciplinairProject\InterdisciplinairProject_n5o14qfd_wpftmp.csproj]
C:\Users\siebe\Documents\GitHub\Interdisciplinair-Project\InterdisciplinairProject\Fixtures\Converters\ManufacturerBoolToVisibilityConverter.cs(7,1): warning SA1507: Code should not contain multiple blank lines in a row (https://github.com/DotNetAnalyzers/StyleCopAnalyzers/blob/master/documentation/SA1507.md) [C:\Users\siebe\Documents\GitHub\Interdisciplinair-Project\InterdisciplinairProject\InterdisciplinairProject_n5o14qfd_wpftmp.csproj]
C:\Users\siebe\Documents\GitHub\Interdisciplinair-Project\InterdisciplinairProject\Fixtures\Converters\ManufacturerBoolToVisibilityConverter.cs(28,1): warning SA1507: Code should not contain multiple blank lines in a row (https://github.com/DotNetAnalyzers/StyleCopAnalyzers/blob/master/documentation/SA1507.md) [C:\Users\siebe\Documents\GitHub\Interdisciplinair-Project\InterdisciplinairProject\InterdisciplinairProject_n5o14qfd_wpftmp.csproj]
C:\Users\siebe\Documents\GitHub\Interdisciplinair-Project\InterdisciplinairProject\Fixtures\Converters\ManufacturerBoolToVisibilityConverter.cs(19,14): warning SA1513: Closing brace should be followed by blank line (https://github.com/DotNetAnalyzers/StyleCopAnalyzers/blob/master/documentation/SA1513.md) [C:\Users\siebe\Documents\GitHub\Interdisciplinair-Project\InterdisciplinairProject\InterdisciplinairProject_n5o14qfd_wpftmp.csproj]
C:\Users\siebe\Documents\GitHub\Interdisciplinair-Project\InterdisciplinairProject\Fixtures\Converters\ManufacturerBoolToVisibilityConverter.cs(37,14): warning SA1513: Closing brace should be followed by blank line (https://github.com/DotNetAnalyzers/StyleCopAnalyzers/blob/master/documentation/SA1513.md) [C:\Users\siebe\Documents\GitHub\Interdisciplinair-Project\InterdisciplinairProject\InterdisciplinairProject_n5o14qfd_wpftmp.csproj]
C:\Users\siebe\Documents\GitHub\Interdisciplinair-Project\InterdisciplinairProject\Fixtures\Converters\ManufacturerBoolToVisibilityConverter.cs(30,18): warning SA1402: File may only contain a single type (https://github.com/DotNetAnalyzers/StyleCopAnalyzers/blob/master/documentation/SA1402.md) [C:\Users\siebe\Documents\GitHub\Interdisciplinair-Project\InterdisciplinairProject\InterdisciplinairProject_n5o14qfd_wpftmp.csproj]
C:\Users\siebe\Documents\GitHub\Interdisciplinair-Project\InterdisciplinairProject\Fixtures\Converters\ManufacturerBoolToVisibilityConverter.cs(47,18): warning SA1402: File may only contain a single type (https://github.com/DotNetAnalyzers/StyleCopAnalyzers/blob/master/documentation/SA1402.md) [C:\Users\siebe\Documents\GitHub\Interdisciplinair-Project\InterdisciplinairProject\InterdisciplinairProject_n5o14qfd_wpftmp.csproj]
C:\Users\siebe\Documents\GitHub\Interdisciplinair-Project\InterdisciplinairProject\Fixtures\Views\FixtureCreateView.xaml.cs(6,1): warning SA1210: Using directives should be ordered alphabetically by the namespaces (https://github.com/DotNetAnalyzers/StyleCopAnalyzers/blob/master/documentation/SA1210.md) [C:\Users\siebe\Documents\GitHub\Interdisciplinair-Project\InterdisciplinairProject\InterdisciplinairProject_n5o14qfd_wpftmp.csproj]
C:\Users\siebe\Documents\GitHub\Interdisciplinair-Project\InterdisciplinairProject\Fixtures\Views\FixtureCreateView.xaml.cs(3,1): warning SA1210: Using directives should be ordered alphabetically by the namespaces (https://github.com/DotNetAnalyzers/StyleCopAnalyzers/blob/master/documentation/SA1210.md) [C:\Users\siebe\Documents\GitHub\Interdisciplinair-Project\InterdisciplinairProject\InterdisciplinairProject_n5o14qfd_wpftmp.csproj]
C:\Users\siebe\Documents\GitHub\Interdisciplinair-Project\InterdisciplinairProject\Fixtures\ViewModels\ChannelItem.cs(174,1): warning SA1508: A closing brace should not be preceded by a blank line (https://github.com/DotNetAnalyzers/StyleCopAnalyzers/blob/master/documentation/SA1508.md) [C:\Users\siebe\Documents\GitHub\Interdisciplinair-Project\InterdisciplinairProject\InterdisciplinairProject_n5o14qfd_wpftmp.csproj]
C:\Users\siebe\Documents\GitHub\Interdisciplinair-Project\InterdisciplinairProject\Fixtures\Views\FixtureCreateView.xaml.cs(7,1): warning SA1216: Using static directives should be placed at the correct location (https://github.com/DotNetAnalyzers/StyleCopAnalyzers/blob/master/documentation/SA1216.md) [C:\Users\siebe\Documents\GitHub\Interdisciplinair-Project\InterdisciplinairProject\InterdisciplinairProject_n5o14qfd_wpftmp.csproj]
C:\Users\siebe\Documents\GitHub\Interdisciplinair-Project\InterdisciplinairProject\Fixtures\Services\ManufacturerService.cs(40,21): warning SA1202: 'public' members should come before 'private' members (https://github.com/DotNetAnalyzers/StyleCopAnalyzers/blob/master/documentation/SA1202.md) [C:\Users\siebe\Documents\GitHub\Interdisciplinair-Project\InterdisciplinairProject\InterdisciplinairProject_n5o14qfd_wpftmp.csproj]
C:\Users\siebe\Documents\GitHub\Interdisciplinair-Project\InterdisciplinairProject\Fixtures\Converters\ManufacturerBoolToVisibilityConverter.cs(11,1): warning SA1028: Code should not contain trailing whitespace (https://github.com/DotNetAnalyzers/StyleCopAnalyzers/blob/master/documentation/SA1028.md) [C:\Users\siebe\Documents\GitHub\Interdisciplinair-Project\InterdisciplinairProject\InterdisciplinairProject_n5o14qfd_wpftmp.csproj]
C:\Users\siebe\Documents\GitHub\Interdisciplinair-Project\InterdisciplinairProject\Fixtures\Converters\ManufacturerBoolToVisibilityConverter.cs(29,1): warning SA1028: Code should not contain trailing whitespace (https://github.com/DotNetAnalyzers/StyleCopAnalyzers/blob/master/documentation/SA1028.md) [C:\Users\siebe\Documents\GitHub\Interdisciplinair-Project\InterdisciplinairProject\InterdisciplinairProject_n5o14qfd_wpftmp.csproj]
C:\Users\siebe\Documents\GitHub\Interdisciplinair-Project\InterdisciplinairProject\Fixtures\Converters\ManufacturerBoolToVisibilityConverter.cs(54,1): warning SA1028: Code should not contain trailing whitespace (https://github.com/DotNetAnalyzers/StyleCopAnalyzers/blob/master/documentation/SA1028.md) [C:\Users\siebe\Documents\GitHub\Interdisciplinair-Project\InterdisciplinairProject\InterdisciplinairProject_n5o14qfd_wpftmp.csproj]
C:\Users\siebe\Documents\GitHub\Interdisciplinair-Project\InterdisciplinairProject\Fixtures\Services\TypeCatalogService.cs(68,45): warning SA1201: A property should not follow a method (https://github.com/DotNetAnalyzers/StyleCopAnalyzers/blob/master/documentation/SA1201.md) [C:\Users\siebe\Documents\GitHub\Interdisciplinair-Project\InterdisciplinairProject\InterdisciplinairProject_n5o14qfd_wpftmp.csproj]
C:\Users\siebe\Documents\GitHub\Interdisciplinair-Project\InterdisciplinairProject\Fixtures\Services\TypeCatalogService.cs(101,28): warning SA1202: 'public' members should come before 'private' members (https://github.com/DotNetAnalyzers/StyleCopAnalyzers/blob/master/documentation/SA1202.md) [C:\Users\siebe\Documents\GitHub\Interdisciplinair-Project\InterdisciplinairProject\InterdisciplinairProject_n5o14qfd_wpftmp.csproj]
C:\Users\siebe\Documents\GitHub\Interdisciplinair-Project\InterdisciplinairProject\Fixtures\Services\TypeCatalogService.cs(21,40): warning SA1214: Readonly fields should appear before non-readonly fields (https://github.com/DotNetAnalyzers/StyleCopAnalyzers/blob/master/documentation/SA1214.md) [C:\Users\siebe\Documents\GitHub\Interdisciplinair-Project\InterdisciplinairProject\InterdisciplinairProject_n5o14qfd_wpftmp.csproj]
C:\Users\siebe\Documents\GitHub\Interdisciplinair-Project\InterdisciplinairProject\Views\SceneControl.xaml.cs(51,29): warning SA1204: Static members should appear before non-static members (https://github.com/DotNetAnalyzers/StyleCopAnalyzers/blob/master/documentation/SA1204.md) [C:\Users\siebe\Documents\GitHub\Interdisciplinair-Project\InterdisciplinairProject\InterdisciplinairProject_n5o14qfd_wpftmp.csproj]
C:\Users\siebe\Documents\GitHub\Interdisciplinair-Project\InterdisciplinairProject\Fixtures\Services\TypeCatalogService.cs(25,19): warning SA1117: The parameters should all be placed on the same line or each parameter should be placed on its own line (https://github.com/DotNetAnalyzers/StyleCopAnalyzers/blob/master/documentation/SA1117.md) [C:\Users\siebe\Documents\GitHub\Interdisciplinair-Project\InterdisciplinairProject\InterdisciplinairProject_n5o14qfd_wpftmp.csproj]
C:\Users\siebe\Documents\GitHub\Interdisciplinair-Project\InterdisciplinairProject\Fixtures\Services\TypeCatalogService.cs(31,40): warning SA1003: Operator '=' should be preceded by whitespace. (https://github.com/DotNetAnalyzers/StyleCopAnalyzers/blob/master/documentation/SA1003.md) [C:\Users\siebe\Documents\GitHub\Interdisciplinair-Project\InterdisciplinairProject\InterdisciplinairProject_n5o14qfd_wpftmp.csproj]
C:\Users\siebe\Documents\GitHub\Interdisciplinair-Project\InterdisciplinairProject\Fixtures\Services\TypeCatalogService.cs(31,40): warning SA1003: Operator '=' should be followed by whitespace. (https://github.com/DotNetAnalyzers/StyleCopAnalyzers/blob/master/documentation/SA1003.md) [C:\Users\siebe\Documents\GitHub\Interdisciplinair-Project\InterdisciplinairProject\InterdisciplinairProject_n5o14qfd_wpftmp.csproj]
C:\Users\siebe\Documents\GitHub\Interdisciplinair-Project\InterdisciplinairProject\Fixtures\Services\TypeCatalogService.cs(31,56): warning SA1003: Operator '=' should be preceded by whitespace. (https://github.com/DotNetAnalyzers/StyleCopAnalyzers/blob/master/documentation/SA1003.md) [C:\Users\siebe\Documents\GitHub\Interdisciplinair-Project\InterdisciplinairProject\InterdisciplinairProject_n5o14qfd_wpftmp.csproj]
C:\Users\siebe\Documents\GitHub\Interdisciplinair-Project\InterdisciplinairProject\Fixtures\Services\TypeCatalogService.cs(31,56): warning SA1003: Operator '=' should be followed by whitespace. (https://github.com/DotNetAnalyzers/StyleCopAnalyzers/blob/master/documentation/SA1003.md) [C:\Users\siebe\Documents\GitHub\Interdisciplinair-Project\InterdisciplinairProject\InterdisciplinairProject_n5o14qfd_wpftmp.csproj]
C:\Users\siebe\Documents\GitHub\Interdisciplinair-Project\InterdisciplinairProject\Fixtures\Services\TypeCatalogService.cs(32,40): warning SA1003: Operator '=' should be preceded by whitespace. (https://github.com/DotNetAnalyzers/StyleCopAnalyzers/blob/master/documentation/SA1003.md) [C:\Users\siebe\Documents\GitHub\Interdisciplinair-Project\InterdisciplinairProject\InterdisciplinairProject_n5o14qfd_wpftmp.csproj]
C:\Users\siebe\Documents\GitHub\Interdisciplinair-Project\InterdisciplinairProject\Fixtures\Services\TypeCatalogService.cs(32,40): warning SA1003: Operator '=' should be followed by whitespace. (https://github.com/DotNetAnalyzers/StyleCopAnalyzers/blob/master/documentation/SA1003.md) [C:\Users\siebe\Documents\GitHub\Interdisciplinair-Project\InterdisciplinairProject\InterdisciplinairProject_n5o14qfd_wpftmp.csproj]
C:\Users\siebe\Documents\GitHub\Interdisciplinair-Project\InterdisciplinairProject\Fixtures\Services\TypeCatalogService.cs(32,67): warning SA1003: Operator '=' should be preceded by whitespace. (https://github.com/DotNetAnalyzers/StyleCopAnalyzers/blob/master/documentation/SA1003.md) [C:\Users\siebe\Documents\GitHub\Interdisciplinair-Project\InterdisciplinairProject\InterdisciplinairProject_n5o14qfd_wpftmp.csproj]
C:\Users\siebe\Documents\GitHub\Interdisciplinair-Project\InterdisciplinairProject\Fixtures\Services\TypeCatalogService.cs(32,67): warning SA1003: Operator '=' should be followed by whitespace. (https://github.com/DotNetAnalyzers/StyleCopAnalyzers/blob/master/documentation/SA1003.md) [C:\Users\siebe\Documents\GitHub\Interdisciplinair-Project\InterdisciplinairProject\InterdisciplinairProject_n5o14qfd_wpftmp.csproj]
C:\Users\siebe\Documents\GitHub\Interdisciplinair-Project\InterdisciplinairProject\Fixtures\Services\TypeCatalogService.cs(33,40): warning SA1003: Operator '=' should be preceded by whitespace. (https://github.com/DotNetAnalyzers/StyleCopAnalyzers/blob/master/documentation/SA1003.md) [C:\Users\siebe\Documents\GitHub\Interdisciplinair-Project\InterdisciplinairProject\InterdisciplinairProject_n5o14qfd_wpftmp.csproj]
C:\Users\siebe\Documents\GitHub\Interdisciplinair-Project\InterdisciplinairProject\Fixtures\Services\TypeCatalogService.cs(33,40): warning SA1003: Operator '=' should be followed by whitespace. (https://github.com/DotNetAnalyzers/StyleCopAnalyzers/blob/master/documentation/SA1003.md) [C:\Users\siebe\Documents\GitHub\Interdisciplinair-Project\InterdisciplinairProject\InterdisciplinairProject_n5o14qfd_wpftmp.csproj]
C:\Users\siebe\Documents\GitHub\Interdisciplinair-Project\InterdisciplinairProject\Fixtures\Services\TypeCatalogService.cs(33,54): warning SA1003: Operator '=' should be preceded by whitespace. (https://github.com/DotNetAnalyzers/StyleCopAnalyzers/blob/master/documentation/SA1003.md) [C:\Users\siebe\Documents\GitHub\Interdisciplinair-Project\InterdisciplinairProject\InterdisciplinairProject_n5o14qfd_wpftmp.csproj]
C:\Users\siebe\Documents\GitHub\Interdisciplinair-Project\InterdisciplinairProject\Fixtures\Services\TypeCatalogService.cs(33,54): warning SA1003: Operator '=' should be followed by whitespace. (https://github.com/DotNetAnalyzers/StyleCopAnalyzers/blob/master/documentation/SA1003.md) [C:\Users\siebe\Documents\GitHub\Interdisciplinair-Project\InterdisciplinairProject\InterdisciplinairProject_n5o14qfd_wpftmp.csproj]
C:\Users\siebe\Documents\GitHub\Interdisciplinair-Project\InterdisciplinairProject\Fixtures\Services\TypeCatalogService.cs(33,74): warning SA1003: Operator '=' should be preceded by whitespace. (https://github.com/DotNetAnalyzers/StyleCopAnalyzers/blob/master/documentation/SA1003.md) [C:\Users\siebe\Documents\GitHub\Interdisciplinair-Project\InterdisciplinairProject\InterdisciplinairProject_n5o14qfd_wpftmp.csproj]
C:\Users\siebe\Documents\GitHub\Interdisciplinair-Project\InterdisciplinairProject\Fixtures\Services\TypeCatalogService.cs(33,74): warning SA1003: Operator '=' should be followed by whitespace. (https://github.com/DotNetAnalyzers/StyleCopAnalyzers/blob/master/documentation/SA1003.md) [C:\Users\siebe\Documents\GitHub\Interdisciplinair-Project\InterdisciplinairProject\InterdisciplinairProject_n5o14qfd_wpftmp.csproj]
C:\Users\siebe\Documents\GitHub\Interdisciplinair-Project\InterdisciplinairProject\Fixtures\Services\TypeCatalogService.cs(34,40): warning SA1003: Operator '=' should be preceded by whitespace. (https://github.com/DotNetAnalyzers/StyleCopAnalyzers/blob/master/documentation/SA1003.md) [C:\Users\siebe\Documents\GitHub\Interdisciplinair-Project\InterdisciplinairProject\InterdisciplinairProject_n5o14qfd_wpftmp.csproj]
C:\Users\siebe\Documents\GitHub\Interdisciplinair-Project\InterdisciplinairProject\Fixtures\Services\TypeCatalogService.cs(34,40): warning SA1003: Operator '=' should be followed by whitespace. (https://github.com/DotNetAnalyzers/StyleCopAnalyzers/blob/master/documentation/SA1003.md) [C:\Users\siebe\Documents\GitHub\Interdisciplinair-Project\InterdisciplinairProject\InterdisciplinairProject_n5o14qfd_wpftmp.csproj]
C:\Users\siebe\Documents\GitHub\Interdisciplinair-Project\InterdisciplinairProject\Fixtures\Services\TypeCatalogService.cs(34,54): warning SA1003: Operator '=' should be preceded by whitespace. (https://github.com/DotNetAnalyzers/StyleCopAnalyzers/blob/master/documentation/SA1003.md) [C:\Users\siebe\Documents\GitHub\Interdisciplinair-Project\InterdisciplinairProject\InterdisciplinairProject_n5o14qfd_wpftmp.csproj]
C:\Users\siebe\Documents\GitHub\Interdisciplinair-Project\InterdisciplinairProject\Fixtures\Services\TypeCatalogService.cs(34,54): warning SA1003: Operator '=' should be followed by whitespace. (https://github.com/DotNetAnalyzers/StyleCopAnalyzers/blob/master/documentation/SA1003.md) [C:\Users\siebe\Documents\GitHub\Interdisciplinair-Project\InterdisciplinairProject\InterdisciplinairProject_n5o14qfd_wpftmp.csproj]
C:\Users\siebe\Documents\GitHub\Interdisciplinair-Project\InterdisciplinairProject\Fixtures\Services\TypeCatalogService.cs(34,74): warning SA1003: Operator '=' should be preceded by whitespace. (https://github.com/DotNetAnalyzers/StyleCopAnalyzers/blob/master/documentation/SA1003.md) [C:\Users\siebe\Documents\GitHub\Interdisciplinair-Project\InterdisciplinairProject\InterdisciplinairProject_n5o14qfd_wpftmp.csproj]
C:\Users\siebe\Documents\GitHub\Interdisciplinair-Project\InterdisciplinairProject\Fixtures\Services\TypeCatalogService.cs(34,74): warning SA1003: Operator '=' should be followed by whitespace. (https://github.com/DotNetAnalyzers/StyleCopAnalyzers/blob/master/documentation/SA1003.md) [C:\Users\siebe\Documents\GitHub\Interdisciplinair-Project\InterdisciplinairProject\InterdisciplinairProject_n5o14qfd_wpftmp.csproj]
C:\Users\siebe\Documents\GitHub\Interdisciplinair-Project\InterdisciplinairProject\Fixtures\Services\TypeCatalogService.cs(35,40): warning SA1003: Operator '=' should be preceded by whitespace. (https://github.com/DotNetAnalyzers/StyleCopAnalyzers/blob/master/documentation/SA1003.md) [C:\Users\siebe\Documents\GitHub\Interdisciplinair-Project\InterdisciplinairProject\InterdisciplinairProject_n5o14qfd_wpftmp.csproj]
C:\Users\siebe\Documents\GitHub\Interdisciplinair-Project\InterdisciplinairProject\Fixtures\Services\TypeCatalogService.cs(35,40): warning SA1003: Operator '=' should be followed by whitespace. (https://github.com/DotNetAnalyzers/StyleCopAnalyzers/blob/master/documentation/SA1003.md) [C:\Users\siebe\Documents\GitHub\Interdisciplinair-Project\InterdisciplinairProject\InterdisciplinairProject_n5o14qfd_wpftmp.csproj]
C:\Users\siebe\Documents\GitHub\Interdisciplinair-Project\InterdisciplinairProject\Fixtures\Services\TypeCatalogService.cs(35,55): warning SA1003: Operator '=' should be preceded by whitespace. (https://github.com/DotNetAnalyzers/StyleCopAnalyzers/blob/master/documentation/SA1003.md) [C:\Users\siebe\Documents\GitHub\Interdisciplinair-Project\InterdisciplinairProject\InterdisciplinairProject_n5o14qfd_wpftmp.csproj]
C:\Users\siebe\Documents\GitHub\Interdisciplinair-Project\InterdisciplinairProject\Fixtures\Services\TypeCatalogService.cs(35,55): warning SA1003: Operator '=' should be followed by whitespace. (https://github.com/DotNetAnalyzers/StyleCopAnalyzers/blob/master/documentation/SA1003.md) [C:\Users\siebe\Documents\GitHub\Interdisciplinair-Project\InterdisciplinairProject\InterdisciplinairProject_n5o14qfd_wpftmp.csproj]
C:\Users\siebe\Documents\GitHub\Interdisciplinair-Project\InterdisciplinairProject\Fixtures\Services\TypeCatalogService.cs(35,75): warning SA1003: Operator '=' should be preceded by whitespace. (https://github.com/DotNetAnalyzers/StyleCopAnalyzers/blob/master/documentation/SA1003.md) [C:\Users\siebe\Documents\GitHub\Interdisciplinair-Project\InterdisciplinairProject\InterdisciplinairProject_n5o14qfd_wpftmp.csproj]
C:\Users\siebe\Documents\GitHub\Interdisciplinair-Project\InterdisciplinairProject\Fixtures\Services\TypeCatalogService.cs(35,75): warning SA1003: Operator '=' should be followed by whitespace. (https://github.com/DotNetAnalyzers/StyleCopAnalyzers/blob/master/documentation/SA1003.md) [C:\Users\siebe\Documents\GitHub\Interdisciplinair-Project\InterdisciplinairProject\InterdisciplinairProject_n5o14qfd_wpftmp.csproj]
C:\Users\siebe\Documents\GitHub\Interdisciplinair-Project\InterdisciplinairProject\Fixtures\Services\TypeCatalogService.cs(36,40): warning SA1003: Operator '=' should be preceded by whitespace. (https://github.com/DotNetAnalyzers/StyleCopAnalyzers/blob/master/documentation/SA1003.md) [C:\Users\siebe\Documents\GitHub\Interdisciplinair-Project\InterdisciplinairProject\InterdisciplinairProject_n5o14qfd_wpftmp.csproj]
C:\Users\siebe\Documents\GitHub\Interdisciplinair-Project\InterdisciplinairProject\Fixtures\Services\TypeCatalogService.cs(36,40): warning SA1003: Operator '=' should be followed by whitespace. (https://github.com/DotNetAnalyzers/StyleCopAnalyzers/blob/master/documentation/SA1003.md) [C:\Users\siebe\Documents\GitHub\Interdisciplinair-Project\InterdisciplinairProject\InterdisciplinairProject_n5o14qfd_wpftmp.csproj]
C:\Users\siebe\Documents\GitHub\Interdisciplinair-Project\InterdisciplinairProject\Fixtures\Services\TypeCatalogService.cs(37,40): warning SA1003: Operator '=' should be preceded by whitespace. (https://github.com/DotNetAnalyzers/StyleCopAnalyzers/blob/master/documentation/SA1003.md) [C:\Users\siebe\Documents\GitHub\Interdisciplinair-Project\InterdisciplinairProject\InterdisciplinairProject_n5o14qfd_wpftmp.csproj]
C:\Users\siebe\Documents\GitHub\Interdisciplinair-Project\InterdisciplinairProject\Fixtures\Services\TypeCatalogService.cs(37,40): warning SA1003: Operator '=' should be followed by whitespace. (https://github.com/DotNetAnalyzers/StyleCopAnalyzers/blob/master/documentation/SA1003.md) [C:\Users\siebe\Documents\GitHub\Interdisciplinair-Project\InterdisciplinairProject\InterdisciplinairProject_n5o14qfd_wpftmp.csproj]
C:\Users\siebe\Documents\GitHub\Interdisciplinair-Project\InterdisciplinairProject\Fixtures\Services\TypeCatalogService.cs(38,40): warning SA1003: Operator '=' should be preceded by whitespace. (https://github.com/DotNetAnalyzers/StyleCopAnalyzers/blob/master/documentation/SA1003.md) [C:\Users\siebe\Documents\GitHub\Interdisciplinair-Project\InterdisciplinairProject\InterdisciplinairProject_n5o14qfd_wpftmp.csproj]
C:\Users\siebe\Documents\GitHub\Interdisciplinair-Project\InterdisciplinairProject\Fixtures\Services\TypeCatalogService.cs(38,40): warning SA1003: Operator '=' should be followed by whitespace. (https://github.com/DotNetAnalyzers/StyleCopAnalyzers/blob/master/documentation/SA1003.md) [C:\Users\siebe\Documents\GitHub\Interdisciplinair-Project\InterdisciplinairProject\InterdisciplinairProject_n5o14qfd_wpftmp.csproj]
C:\Users\siebe\Documents\GitHub\Interdisciplinair-Project\InterdisciplinairProject\Fixtures\Services\TypeCatalogService.cs(38,53): warning SA1003: Operator '=' should be preceded by whitespace. (https://github.com/DotNetAnalyzers/StyleCopAnalyzers/blob/master/documentation/SA1003.md) [C:\Users\siebe\Documents\GitHub\Interdisciplinair-Project\InterdisciplinairProject\InterdisciplinairProject_n5o14qfd_wpftmp.csproj]
C:\Users\siebe\Documents\GitHub\Interdisciplinair-Project\InterdisciplinairProject\Fixtures\Services\TypeCatalogService.cs(38,53): warning SA1003: Operator '=' should be followed by whitespace. (https://github.com/DotNetAnalyzers/StyleCopAnalyzers/blob/master/documentation/SA1003.md) [C:\Users\siebe\Documents\GitHub\Interdisciplinair-Project\InterdisciplinairProject\InterdisciplinairProject_n5o14qfd_wpftmp.csproj]
C:\Users\siebe\Documents\GitHub\Interdisciplinair-Project\InterdisciplinairProject\Fixtures\Services\TypeCatalogService.cs(38,73): warning SA1003: Operator '=' should be preceded by whitespace. (https://github.com/DotNetAnalyzers/StyleCopAnalyzers/blob/master/documentation/SA1003.md) [C:\Users\siebe\Documents\GitHub\Interdisciplinair-Project\InterdisciplinairProject\InterdisciplinairProject_n5o14qfd_wpftmp.csproj]
C:\Users\siebe\Documents\GitHub\Interdisciplinair-Project\InterdisciplinairProject\Fixtures\Services\TypeCatalogService.cs(38,73): warning SA1003: Operator '=' should be followed by whitespace. (https://github.com/DotNetAnalyzers/StyleCopAnalyzers/blob/master/documentation/SA1003.md) [C:\Users\siebe\Documents\GitHub\Interdisciplinair-Project\InterdisciplinairProject\InterdisciplinairProject_n5o14qfd_wpftmp.csproj]
C:\Users\siebe\Documents\GitHub\Interdisciplinair-Project\InterdisciplinairProject\Fixtures\Services\TypeCatalogService.cs(39,40): warning SA1003: Operator '=' should be preceded by whitespace. (https://github.com/DotNetAnalyzers/StyleCopAnalyzers/blob/master/documentation/SA1003.md) [C:\Users\siebe\Documents\GitHub\Interdisciplinair-Project\InterdisciplinairProject\InterdisciplinairProject_n5o14qfd_wpftmp.csproj]
C:\Users\siebe\Documents\GitHub\Interdisciplinair-Project\InterdisciplinairProject\Fixtures\Services\TypeCatalogService.cs(39,40): warning SA1003: Operator '=' should be followed by whitespace. (https://github.com/DotNetAnalyzers/StyleCopAnalyzers/blob/master/documentation/SA1003.md) [C:\Users\siebe\Documents\GitHub\Interdisciplinair-Project\InterdisciplinairProject\InterdisciplinairProject_n5o14qfd_wpftmp.csproj]
C:\Users\siebe\Documents\GitHub\Interdisciplinair-Project\InterdisciplinairProject\Fixtures\Services\TypeCatalogService.cs(39,55): warning SA1003: Operator '=' should be preceded by whitespace. (https://github.com/DotNetAnalyzers/StyleCopAnalyzers/blob/master/documentation/SA1003.md) [C:\Users\siebe\Documents\GitHub\Interdisciplinair-Project\InterdisciplinairProject\InterdisciplinairProject_n5o14qfd_wpftmp.csproj]
C:\Users\siebe\Documents\GitHub\Interdisciplinair-Project\InterdisciplinairProject\Fixtures\Services\TypeCatalogService.cs(39,55): warning SA1003: Operator '=' should be followed by whitespace. (https://github.com/DotNetAnalyzers/StyleCopAnalyzers/blob/master/documentation/SA1003.md) [C:\Users\siebe\Documents\GitHub\Interdisciplinair-Project\InterdisciplinairProject\InterdisciplinairProject_n5o14qfd_wpftmp.csproj]
C:\Users\siebe\Documents\GitHub\Interdisciplinair-Project\InterdisciplinairProject\Fixtures\Services\TypeCatalogService.cs(39,75): warning SA1003: Operator '=' should be preceded by whitespace. (https://github.com/DotNetAnalyzers/StyleCopAnalyzers/blob/master/documentation/SA1003.md) [C:\Users\siebe\Documents\GitHub\Interdisciplinair-Project\InterdisciplinairProject\InterdisciplinairProject_n5o14qfd_wpftmp.csproj]
C:\Users\siebe\Documents\GitHub\Interdisciplinair-Project\InterdisciplinairProject\Fixtures\Services\TypeCatalogService.cs(39,75): warning SA1003: Operator '=' should be followed by whitespace. (https://github.com/DotNetAnalyzers/StyleCopAnalyzers/blob/master/documentation/SA1003.md) [C:\Users\siebe\Documents\GitHub\Interdisciplinair-Project\InterdisciplinairProject\InterdisciplinairProject_n5o14qfd_wpftmp.csproj]
C:\Users\siebe\Documents\GitHub\Interdisciplinair-Project\InterdisciplinairProject\Fixtures\Services\TypeCatalogService.cs(40,40): warning SA1003: Operator '=' should be preceded by whitespace. (https://github.com/DotNetAnalyzers/StyleCopAnalyzers/blob/master/documentation/SA1003.md) [C:\Users\siebe\Documents\GitHub\Interdisciplinair-Project\InterdisciplinairProject\InterdisciplinairProject_n5o14qfd_wpftmp.csproj]
C:\Users\siebe\Documents\GitHub\Interdisciplinair-Project\InterdisciplinairProject\Fixtures\Services\TypeCatalogService.cs(40,40): warning SA1003: Operator '=' should be followed by whitespace. (https://github.com/DotNetAnalyzers/StyleCopAnalyzers/blob/master/documentation/SA1003.md) [C:\Users\siebe\Documents\GitHub\Interdisciplinair-Project\InterdisciplinairProject\InterdisciplinairProject_n5o14qfd_wpftmp.csproj]
C:\Users\siebe\Documents\GitHub\Interdisciplinair-Project\InterdisciplinairProject\Fixtures\Services\TypeCatalogService.cs(40,54): warning SA1003: Operator '=' should be preceded by whitespace. (https://github.com/DotNetAnalyzers/StyleCopAnalyzers/blob/master/documentation/SA1003.md) [C:\Users\siebe\Documents\GitHub\Interdisciplinair-Project\InterdisciplinairProject\InterdisciplinairProject_n5o14qfd_wpftmp.csproj]
C:\Users\siebe\Documents\GitHub\Interdisciplinair-Project\InterdisciplinairProject\Fixtures\Services\TypeCatalogService.cs(40,54): warning SA1003: Operator '=' should be followed by whitespace. (https://github.com/DotNetAnalyzers/StyleCopAnalyzers/blob/master/documentation/SA1003.md) [C:\Users\siebe\Documents\GitHub\Interdisciplinair-Project\InterdisciplinairProject\InterdisciplinairProject_n5o14qfd_wpftmp.csproj]
C:\Users\siebe\Documents\GitHub\Interdisciplinair-Project\InterdisciplinairProject\Fixtures\Services\TypeCatalogService.cs(40,74): warning SA1003: Operator '=' should be preceded by whitespace. (https://github.com/DotNetAnalyzers/StyleCopAnalyzers/blob/master/documentation/SA1003.md) [C:\Users\siebe\Documents\GitHub\Interdisciplinair-Project\InterdisciplinairProject\InterdisciplinairProject_n5o14qfd_wpftmp.csproj]
C:\Users\siebe\Documents\GitHub\Interdisciplinair-Project\InterdisciplinairProject\Fixtures\Services\TypeCatalogService.cs(40,74): warning SA1003: Operator '=' should be followed by whitespace. (https://github.com/DotNetAnalyzers/StyleCopAnalyzers/blob/master/documentation/SA1003.md) [C:\Users\siebe\Documents\GitHub\Interdisciplinair-Project\InterdisciplinairProject\InterdisciplinairProject_n5o14qfd_wpftmp.csproj]
C:\Users\siebe\Documents\GitHub\Interdisciplinair-Project\InterdisciplinairProject\Fixtures\Services\TypeCatalogService.cs(41,40): warning SA1003: Operator '=' should be preceded by whitespace. (https://github.com/DotNetAnalyzers/StyleCopAnalyzers/blob/master/documentation/SA1003.md) [C:\Users\siebe\Documents\GitHub\Interdisciplinair-Project\InterdisciplinairProject\InterdisciplinairProject_n5o14qfd_wpftmp.csproj]
C:\Users\siebe\Documents\GitHub\Interdisciplinair-Project\InterdisciplinairProject\Fixtures\Services\TypeCatalogService.cs(41,40): warning SA1003: Operator '=' should be followed by whitespace. (https://github.com/DotNetAnalyzers/StyleCopAnalyzers/blob/master/documentation/SA1003.md) [C:\Users\siebe\Documents\GitHub\Interdisciplinair-Project\InterdisciplinairProject\InterdisciplinairProject_n5o14qfd_wpftmp.csproj]
C:\Users\siebe\Documents\GitHub\Interdisciplinair-Project\InterdisciplinairProject\Fixtures\Services\TypeCatalogService.cs(41,55): warning SA1003: Operator '=' should be preceded by whitespace. (https://github.com/DotNetAnalyzers/StyleCopAnalyzers/blob/master/documentation/SA1003.md) [C:\Users\siebe\Documents\GitHub\Interdisciplinair-Project\InterdisciplinairProject\InterdisciplinairProject_n5o14qfd_wpftmp.csproj]
C:\Users\siebe\Documents\GitHub\Interdisciplinair-Project\InterdisciplinairProject\Fixtures\Services\TypeCatalogService.cs(41,55): warning SA1003: Operator '=' should be followed by whitespace. (https://github.com/DotNetAnalyzers/StyleCopAnalyzers/blob/master/documentation/SA1003.md) [C:\Users\siebe\Documents\GitHub\Interdisciplinair-Project\InterdisciplinairProject\InterdisciplinairProject_n5o14qfd_wpftmp.csproj]
C:\Users\siebe\Documents\GitHub\Interdisciplinair-Project\InterdisciplinairProject\Fixtures\Services\TypeCatalogService.cs(41,75): warning SA1003: Operator '=' should be preceded by whitespace. (https://github.com/DotNetAnalyzers/StyleCopAnalyzers/blob/master/documentation/SA1003.md) [C:\Users\siebe\Documents\GitHub\Interdisciplinair-Project\InterdisciplinairProject\InterdisciplinairProject_n5o14qfd_wpftmp.csproj]
C:\Users\siebe\Documents\GitHub\Interdisciplinair-Project\InterdisciplinairProject\Fixtures\Services\TypeCatalogService.cs(41,75): warning SA1003: Operator '=' should be followed by whitespace. (https://github.com/DotNetAnalyzers/StyleCopAnalyzers/blob/master/documentation/SA1003.md) [C:\Users\siebe\Documents\GitHub\Interdisciplinair-Project\InterdisciplinairProject\InterdisciplinairProject_n5o14qfd_wpftmp.csproj]
C:\Users\siebe\Documents\GitHub\Interdisciplinair-Project\InterdisciplinairProject\Fixtures\Services\TypeSpecification.cs(12,1): warning SA1516: Elements should be separated by blank line (https://github.com/DotNetAnalyzers/StyleCopAnalyzers/blob/master/documentation/SA1516.md) [C:\Users\siebe\Documents\GitHub\Interdisciplinair-Project\InterdisciplinairProject\InterdisciplinairProject_n5o14qfd_wpftmp.csproj]
C:\Users\siebe\Documents\GitHub\Interdisciplinair-Project\InterdisciplinairProject\Fixtures\Services\TypeSpecification.cs(13,1): warning SA1516: Elements should be separated by blank line (https://github.com/DotNetAnalyzers/StyleCopAnalyzers/blob/master/documentation/SA1516.md) [C:\Users\siebe\Documents\GitHub\Interdisciplinair-Project\InterdisciplinairProject\InterdisciplinairProject_n5o14qfd_wpftmp.csproj]
C:\Users\siebe\Documents\GitHub\Interdisciplinair-Project\InterdisciplinairProject\Fixtures\Services\TypeSpecification.cs(11,44): warning SA1122: Use string.Empty for empty strings (https://github.com/DotNetAnalyzers/StyleCopAnalyzers/blob/master/documentation/SA1122.md) [C:\Users\siebe\Documents\GitHub\Interdisciplinair-Project\InterdisciplinairProject\InterdisciplinairProject_n5o14qfd_wpftmp.csproj]
C:\Users\siebe\Documents\GitHub\Interdisciplinair-Project\InterdisciplinairProject\ViewModels\SceneControlViewModel.cs(3,1): warning SA1210: Using directives should be ordered alphabetically by the namespaces (https://github.com/DotNetAnalyzers/StyleCopAnalyzers/blob/master/documentation/SA1210.md) [C:\Users\siebe\Documents\GitHub\Interdisciplinair-Project\InterdisciplinairProject\InterdisciplinairProject_n5o14qfd_wpftmp.csproj]
C:\Users\siebe\Documents\GitHub\Interdisciplinair-Project\InterdisciplinairProject\Fixtures\DMXCommunication\DMXCommunication.cs(70,17): warning SA1515: Single-line comment should be preceded by blank line (https://github.com/DotNetAnalyzers/StyleCopAnalyzers/blob/master/documentation/SA1515.md) [C:\Users\siebe\Documents\GitHub\Interdisciplinair-Project\InterdisciplinairProject\InterdisciplinairProject_n5o14qfd_wpftmp.csproj]
C:\Users\siebe\Documents\GitHub\Interdisciplinair-Project\InterdisciplinairProject\Fixtures\DMXCommunication\DMXCommunication.cs(70,17): warning SA1005: Single line comment should begin with a space (https://github.com/DotNetAnalyzers/StyleCopAnalyzers/blob/master/documentation/SA1005.md) [C:\Users\siebe\Documents\GitHub\Interdisciplinair-Project\InterdisciplinairProject\InterdisciplinairProject_n5o14qfd_wpftmp.csproj]
C:\Users\siebe\Documents\GitHub\Interdisciplinair-Project\InterdisciplinairProject\ViewModels\CreateShowViewModel.cs(31,1): warning SA1516: Elements should be separated by blank line (https://github.com/DotNetAnalyzers/StyleCopAnalyzers/blob/master/documentation/SA1516.md) [C:\Users\siebe\Documents\GitHub\Interdisciplinair-Project\InterdisciplinairProject\InterdisciplinairProject_n5o14qfd_wpftmp.csproj]
C:\Users\siebe\Documents\GitHub\Interdisciplinair-Project\InterdisciplinairProject\ViewModels\CreateShowViewModel.cs(33,9): warning SA1201: A event should not follow a property (https://github.com/DotNetAnalyzers/StyleCopAnalyzers/blob/master/documentation/SA1201.md) [C:\Users\siebe\Documents\GitHub\Interdisciplinair-Project\InterdisciplinairProject\InterdisciplinairProject_n5o14qfd_wpftmp.csproj]
C:\Users\siebe\Documents\GitHub\Interdisciplinair-Project\InterdisciplinairProject\ViewModels\CreateShowViewModel.cs(35,16): warning SA1201: A constructor should not follow a event (https://github.com/DotNetAnalyzers/StyleCopAnalyzers/blob/master/documentation/SA1201.md) [C:\Users\siebe\Documents\GitHub\Interdisciplinair-Project\InterdisciplinairProject\InterdisciplinairProject_n5o14qfd_wpftmp.csproj]
C:\Users\siebe\Documents\GitHub\Interdisciplinair-Project\InterdisciplinairProject\ViewModels\CreateShowViewModel.cs(61,24): warning SA1202: 'protected' members should come before 'private' members (https://github.com/DotNetAnalyzers/StyleCopAnalyzers/blob/master/documentation/SA1202.md) [C:\Users\siebe\Documents\GitHub\Interdisciplinair-Project\InterdisciplinairProject\InterdisciplinairProject_n5o14qfd_wpftmp.csproj]
C:\Users\siebe\Documents\GitHub\Interdisciplinair-Project\InterdisciplinairProject\ViewModels\ShowbuilderViewModel.cs(3,1): warning SA1210: Using directives should be ordered alphabetically by the namespaces (https://github.com/DotNetAnalyzers/StyleCopAnalyzers/blob/master/documentation/SA1210.md) [C:\Users\siebe\Documents\GitHub\Interdisciplinair-Project\InterdisciplinairProject\InterdisciplinairProject_n5o14qfd_wpftmp.csproj]
C:\Users\siebe\Documents\GitHub\Interdisciplinair-Project\InterdisciplinairProject\ViewModels\ShowbuilderViewModel.cs(14,1): warning SA1210: Using directives should be ordered alphabetically by the namespaces (https://github.com/DotNetAnalyzers/StyleCopAnalyzers/blob/master/documentation/SA1210.md) [C:\Users\siebe\Documents\GitHub\Interdisciplinair-Project\InterdisciplinairProject\InterdisciplinairProject_n5o14qfd_wpftmp.csproj]
C:\Users\siebe\Documents\GitHub\Interdisciplinair-Project\InterdisciplinairProject\ViewModels\TimeLineViewModel.cs(3,1): warning SA1210: Using directives should be ordered alphabetically by the namespaces (https://github.com/DotNetAnalyzers/StyleCopAnalyzers/blob/master/documentation/SA1210.md) [C:\Users\siebe\Documents\GitHub\Interdisciplinair-Project\InterdisciplinairProject\InterdisciplinairProject_n5o14qfd_wpftmp.csproj]
C:\Users\siebe\Documents\GitHub\Interdisciplinair-Project\InterdisciplinairProject\ViewModels\TimeLineViewModel.cs(9,1): warning SA1210: Using directives should be ordered alphabetically by the namespaces (https://github.com/DotNetAnalyzers/StyleCopAnalyzers/blob/master/documentation/SA1210.md) [C:\Users\siebe\Documents\GitHub\Interdisciplinair-Project\InterdisciplinairProject\InterdisciplinairProject_n5o14qfd_wpftmp.csproj]
C:\Users\siebe\Documents\GitHub\Interdisciplinair-Project\InterdisciplinairProject\Views\Scene\FixtureRegistryDialog.xaml.cs(38,51): warning SA1201: A field should not follow a property (https://github.com/DotNetAnalyzers/StyleCopAnalyzers/blob/master/documentation/SA1201.md) [C:\Users\siebe\Documents\GitHub\Interdisciplinair-Project\InterdisciplinairProject\InterdisciplinairProject_n5o14qfd_wpftmp.csproj]
C:\Users\siebe\Documents\GitHub\Interdisciplinair-Project\InterdisciplinairProject\Views\Scene\FixtureRegistryDialog.xaml.cs(73,16): warning SA1201: A constructor should not follow a property (https://github.com/DotNetAnalyzers/StyleCopAnalyzers/blob/master/documentation/SA1201.md) [C:\Users\siebe\Documents\GitHub\Interdisciplinair-Project\InterdisciplinairProject\InterdisciplinairProject_n5o14qfd_wpftmp.csproj]
C:\Users\siebe\Documents\GitHub\Interdisciplinair-Project\InterdisciplinairProject\Views\Scene\FixtureRegistryDialog.xaml.cs(416,48): warning SA1201: A property should not follow a class (https://github.com/DotNetAnalyzers/StyleCopAnalyzers/blob/master/documentation/SA1201.md) [C:\Users\siebe\Documents\GitHub\Interdisciplinair-Project\InterdisciplinairProject\InterdisciplinairProject_n5o14qfd_wpftmp.csproj]
C:\Users\siebe\Documents\GitHub\Interdisciplinair-Project\InterdisciplinairProject\Views\Scene\FixtureRegistryDialog.xaml.cs(434,9): warning SA1201: A event should not follow a method (https://github.com/DotNetAnalyzers/StyleCopAnalyzers/blob/master/documentation/SA1201.md) [C:\Users\siebe\Documents\GitHub\Interdisciplinair-Project\InterdisciplinairProject\InterdisciplinairProject_n5o14qfd_wpftmp.csproj]
C:\Users\siebe\Documents\GitHub\Interdisciplinair-Project\InterdisciplinairProject\Views\SceneControl.xaml.cs(1,1): warning SA1210: Using directives should be ordered alphabetically by the namespaces (https://github.com/DotNetAnalyzers/StyleCopAnalyzers/blob/master/documentation/SA1210.md) [C:\Users\siebe\Documents\GitHub\Interdisciplinair-Project\InterdisciplinairProject\InterdisciplinairProject_n5o14qfd_wpftmp.csproj]
C:\Users\siebe\Documents\GitHub\Interdisciplinair-Project\InterdisciplinairProject\Views\SceneControl.xaml.cs(4,1): warning SA1210: Using directives should be ordered alphabetically by the namespaces (https://github.com/DotNetAnalyzers/StyleCopAnalyzers/blob/master/documentation/SA1210.md) [C:\Users\siebe\Documents\GitHub\Interdisciplinair-Project\InterdisciplinairProject\InterdisciplinairProject_n5o14qfd_wpftmp.csproj]
C:\Users\siebe\Documents\GitHub\Interdisciplinair-Project\InterdisciplinairProject\Views\SceneControl.xaml.cs(5,1): warning SA1210: Using directives should be ordered alphabetically by the namespaces (https://github.com/DotNetAnalyzers/StyleCopAnalyzers/blob/master/documentation/SA1210.md) [C:\Users\siebe\Documents\GitHub\Interdisciplinair-Project\InterdisciplinairProject\InterdisciplinairProject_n5o14qfd_wpftmp.csproj]
C:\Users\siebe\Documents\GitHub\Interdisciplinair-Project\InterdisciplinairProject\Views\SceneControl.xaml.cs(7,1): warning SA1210: Using directives should be ordered alphabetically by the namespaces (https://github.com/DotNetAnalyzers/StyleCopAnalyzers/blob/master/documentation/SA1210.md) [C:\Users\siebe\Documents\GitHub\Interdisciplinair-Project\InterdisciplinairProject\InterdisciplinairProject_n5o14qfd_wpftmp.csproj]
C:\Users\siebe\Documents\GitHub\Interdisciplinair-Project\InterdisciplinairProject\Views\Scene\FixtureRegistryDialog.xaml.cs(10,1): warning SA1210: Using directives should be ordered alphabetically by the namespaces (https://github.com/DotNetAnalyzers/StyleCopAnalyzers/blob/master/documentation/SA1210.md) [C:\Users\siebe\Documents\GitHub\Interdisciplinair-Project\InterdisciplinairProject\InterdisciplinairProject_n5o14qfd_wpftmp.csproj]
C:\Users\siebe\Documents\GitHub\Interdisciplinair-Project\InterdisciplinairProject\Views\Scene\FixtureRegistryDialog.xaml.cs(43,13): warning SA1504: All accessors should be single-line or multi-line (https://github.com/DotNetAnalyzers/StyleCopAnalyzers/blob/master/documentation/SA1504.md) [C:\Users\siebe\Documents\GitHub\Interdisciplinair-Project\InterdisciplinairProject\InterdisciplinairProject_n5o14qfd_wpftmp.csproj]
C:\Users\siebe\Documents\GitHub\Interdisciplinair-Project\InterdisciplinairProject\Views\Scene\FixtureRegistryDialog.xaml.cs(44,1): warning SA1516: Elements should be separated by blank line (https://github.com/DotNetAnalyzers/StyleCopAnalyzers/blob/master/documentation/SA1516.md) [C:\Users\siebe\Documents\GitHub\Interdisciplinair-Project\InterdisciplinairProject\InterdisciplinairProject_n5o14qfd_wpftmp.csproj]
C:\Users\siebe\Documents\GitHub\Interdisciplinair-Project\InterdisciplinairProject\Views\ShowbuilderView.xaml.cs(2,1): warning SA1137: Elements should have the same indentation (https://github.com/DotNetAnalyzers/StyleCopAnalyzers/blob/master/documentation/SA1137.md) [C:\Users\siebe\Documents\GitHub\Interdisciplinair-Project\InterdisciplinairProject\InterdisciplinairProject_n5o14qfd_wpftmp.csproj]
C:\Users\siebe\Documents\GitHub\Interdisciplinair-Project\InterdisciplinairProject\Views\ShowbuilderView.xaml.cs(4,1): warning SA1137: Elements should have the same indentation (https://github.com/DotNetAnalyzers/StyleCopAnalyzers/blob/master/documentation/SA1137.md) [C:\Users\siebe\Documents\GitHub\Interdisciplinair-Project\InterdisciplinairProject\InterdisciplinairProject_n5o14qfd_wpftmp.csproj]
C:\Users\siebe\Documents\GitHub\Interdisciplinair-Project\InterdisciplinairProject\Views\Scene\FixtureRegistryDialog.xaml.cs(62,13): warning SA1504: All accessors should be single-line or multi-line (https://github.com/DotNetAnalyzers/StyleCopAnalyzers/blob/master/documentation/SA1504.md) [C:\Users\siebe\Documents\GitHub\Interdisciplinair-Project\InterdisciplinairProject\InterdisciplinairProject_n5o14qfd_wpftmp.csproj]
C:\Users\siebe\Documents\GitHub\Interdisciplinair-Project\InterdisciplinairProject\Views\Scene\FixtureRegistryDialog.xaml.cs(63,1): warning SA1516: Elements should be separated by blank line (https://github.com/DotNetAnalyzers/StyleCopAnalyzers/blob/master/documentation/SA1516.md) [C:\Users\siebe\Documents\GitHub\Interdisciplinair-Project\InterdisciplinairProject\InterdisciplinairProject_n5o14qfd_wpftmp.csproj]
C:\Users\siebe\Documents\GitHub\Interdisciplinair-Project\InterdisciplinairProject\Fixtures\ViewModels\ChannelItem.cs(172,5): warning SA1508: A closing brace should not be preceded by a blank line (https://github.com/DotNetAnalyzers/StyleCopAnalyzers/blob/master/documentation/SA1508.md) [C:\Users\siebe\Documents\GitHub\Interdisciplinair-Project\InterdisciplinairProject\InterdisciplinairProject_n5o14qfd_wpftmp.csproj]
C:\Users\siebe\Documents\GitHub\Interdisciplinair-Project\InterdisciplinairProject\Fixtures\ViewModels\ChannelItem.cs(58,22): warning SA1201: A field should not follow a property (https://github.com/DotNetAnalyzers/StyleCopAnalyzers/blob/master/documentation/SA1201.md) [C:\Users\siebe\Documents\GitHub\Interdisciplinair-Project\InterdisciplinairProject\InterdisciplinairProject_n5o14qfd_wpftmp.csproj]
C:\Users\siebe\Documents\GitHub\Interdisciplinair-Project\InterdisciplinairProject\Fixtures\ViewModels\ChannelItem.cs(165,28): warning SA1204: Static members should appear before non-static members (https://github.com/DotNetAnalyzers/StyleCopAnalyzers/blob/master/documentation/SA1204.md) [C:\Users\siebe\Documents\GitHub\Interdisciplinair-Project\InterdisciplinairProject\InterdisciplinairProject_n5o14qfd_wpftmp.csproj]
C:\Users\siebe\Documents\GitHub\Interdisciplinair-Project\InterdisciplinairProject\Fixtures\ViewModels\ChannelItem.cs(61,34): warning SA1214: Readonly fields should appear before non-readonly fields (https://github.com/DotNetAnalyzers/StyleCopAnalyzers/blob/master/documentation/SA1214.md) [C:\Users\siebe\Documents\GitHub\Interdisciplinair-Project\InterdisciplinairProject\InterdisciplinairProject_n5o14qfd_wpftmp.csproj]
C:\Users\siebe\Documents\GitHub\Interdisciplinair-Project\InterdisciplinairProject\Fixtures\ViewModels\ChannelItem.cs(17,9): warning SA1134: Each attribute should be placed on its own line of code (https://github.com/DotNetAnalyzers/StyleCopAnalyzers/blob/master/documentation/SA1134.md) [C:\Users\siebe\Documents\GitHub\Interdisciplinair-Project\InterdisciplinairProject\InterdisciplinairProject_n5o14qfd_wpftmp.csproj]
C:\Users\siebe\Documents\GitHub\Interdisciplinair-Project\InterdisciplinairProject\Fixtures\ViewModels\ChannelItem.cs(18,9): warning SA1134: Each attribute should be placed on its own line of code (https://github.com/DotNetAnalyzers/StyleCopAnalyzers/blob/master/documentation/SA1134.md) [C:\Users\siebe\Documents\GitHub\Interdisciplinair-Project\InterdisciplinairProject\InterdisciplinairProject_n5o14qfd_wpftmp.csproj]
C:\Users\siebe\Documents\GitHub\Interdisciplinair-Project\InterdisciplinairProject\Fixtures\ViewModels\ChannelItem.cs(21,9): warning SA1134: Each attribute should be placed on its own line of code (https://github.com/DotNetAnalyzers/StyleCopAnalyzers/blob/master/documentation/SA1134.md) [C:\Users\siebe\Documents\GitHub\Interdisciplinair-Project\InterdisciplinairProject\InterdisciplinairProject_n5o14qfd_wpftmp.csproj]
C:\Users\siebe\Documents\GitHub\Interdisciplinair-Project\InterdisciplinairProject\Fixtures\ViewModels\ChannelItem.cs(22,9): warning SA1134: Each attribute should be placed on its own line of code (https://github.com/DotNetAnalyzers/StyleCopAnalyzers/blob/master/documentation/SA1134.md) [C:\Users\siebe\Documents\GitHub\Interdisciplinair-Project\InterdisciplinairProject\InterdisciplinairProject_n5o14qfd_wpftmp.csproj]
C:\Users\siebe\Documents\GitHub\Interdisciplinair-Project\InterdisciplinairProject\Fixtures\ViewModels\ChannelItem.cs(23,9): warning SA1134: Each attribute should be placed on its own line of code (https://github.com/DotNetAnalyzers/StyleCopAnalyzers/blob/master/documentation/SA1134.md) [C:\Users\siebe\Documents\GitHub\Interdisciplinair-Project\InterdisciplinairProject\InterdisciplinairProject_n5o14qfd_wpftmp.csproj]
C:\Users\siebe\Documents\GitHub\Interdisciplinair-Project\InterdisciplinairProject\Fixtures\ViewModels\ChannelItem.cs(24,9): warning SA1134: Each attribute should be placed on its own line of code (https://github.com/DotNetAnalyzers/StyleCopAnalyzers/blob/master/documentation/SA1134.md) [C:\Users\siebe\Documents\GitHub\Interdisciplinair-Project\InterdisciplinairProject\InterdisciplinairProject_n5o14qfd_wpftmp.csproj]
C:\Users\siebe\Documents\GitHub\Interdisciplinair-Project\InterdisciplinairProject\Fixtures\ViewModels\ChannelItem.cs(27,9): warning SA1134: Each attribute should be placed on its own line of code (https://github.com/DotNetAnalyzers/StyleCopAnalyzers/blob/master/documentation/SA1134.md) [C:\Users\siebe\Documents\GitHub\Interdisciplinair-Project\InterdisciplinairProject\InterdisciplinairProject_n5o14qfd_wpftmp.csproj]
C:\Users\siebe\Documents\GitHub\Interdisciplinair-Project\InterdisciplinairProject\Fixtures\ViewModels\ChannelItem.cs(28,9): warning SA1134: Each attribute should be placed on its own line of code (https://github.com/DotNetAnalyzers/StyleCopAnalyzers/blob/master/documentation/SA1134.md) [C:\Users\siebe\Documents\GitHub\Interdisciplinair-Project\InterdisciplinairProject\InterdisciplinairProject_n5o14qfd_wpftmp.csproj]
C:\Users\siebe\Documents\GitHub\Interdisciplinair-Project\InterdisciplinairProject\Fixtures\ViewModels\ChannelItem.cs(29,9): warning SA1134: Each attribute should be placed on its own line of code (https://github.com/DotNetAnalyzers/StyleCopAnalyzers/blob/master/documentation/SA1134.md) [C:\Users\siebe\Documents\GitHub\Interdisciplinair-Project\InterdisciplinairProject\InterdisciplinairProject_n5o14qfd_wpftmp.csproj]
C:\Users\siebe\Documents\GitHub\Interdisciplinair-Project\InterdisciplinairProject\Fixtures\ViewModels\ChannelItem.cs(30,9): warning SA1134: Each attribute should be placed on its own line of code (https://github.com/DotNetAnalyzers/StyleCopAnalyzers/blob/master/documentation/SA1134.md) [C:\Users\siebe\Documents\GitHub\Interdisciplinair-Project\InterdisciplinairProject\InterdisciplinairProject_n5o14qfd_wpftmp.csproj]
C:\Users\siebe\Documents\GitHub\Interdisciplinair-Project\InterdisciplinairProject\Fixtures\ViewModels\ChannelItem.cs(31,9): warning SA1134: Each attribute should be placed on its own line of code (https://github.com/DotNetAnalyzers/StyleCopAnalyzers/blob/master/documentation/SA1134.md) [C:\Users\siebe\Documents\GitHub\Interdisciplinair-Project\InterdisciplinairProject\InterdisciplinairProject_n5o14qfd_wpftmp.csproj]
C:\Users\siebe\Documents\GitHub\Interdisciplinair-Project\InterdisciplinairProject\Fixtures\ViewModels\ChannelItem.cs(34,9): warning SA1134: Each attribute should be placed on its own line of code (https://github.com/DotNetAnalyzers/StyleCopAnalyzers/blob/master/documentation/SA1134.md) [C:\Users\siebe\Documents\GitHub\Interdisciplinair-Project\InterdisciplinairProject\InterdisciplinairProject_n5o14qfd_wpftmp.csproj]
C:\Users\siebe\Documents\GitHub\Interdisciplinair-Project\InterdisciplinairProject\Fixtures\ViewModels\ChannelItem.cs(35,9): warning SA1134: Each attribute should be placed on its own line of code (https://github.com/DotNetAnalyzers/StyleCopAnalyzers/blob/master/documentation/SA1134.md) [C:\Users\siebe\Documents\GitHub\Interdisciplinair-Project\InterdisciplinairProject\InterdisciplinairProject_n5o14qfd_wpftmp.csproj]
C:\Users\siebe\Documents\GitHub\Interdisciplinair-Project\InterdisciplinairProject\Fixtures\ViewModels\ChannelItem.cs(36,9): warning SA1134: Each attribute should be placed on its own line of code (https://github.com/DotNetAnalyzers/StyleCopAnalyzers/blob/master/documentation/SA1134.md) [C:\Users\siebe\Documents\GitHub\Interdisciplinair-Project\InterdisciplinairProject\InterdisciplinairProject_n5o14qfd_wpftmp.csproj]
C:\Users\siebe\Documents\GitHub\Interdisciplinair-Project\InterdisciplinairProject\Fixtures\ViewModels\ChannelItem.cs(37,9): warning SA1134: Each attribute should be placed on its own line of code (https://github.com/DotNetAnalyzers/StyleCopAnalyzers/blob/master/documentation/SA1134.md) [C:\Users\siebe\Documents\GitHub\Interdisciplinair-Project\InterdisciplinairProject\InterdisciplinairProject_n5o14qfd_wpftmp.csproj]
C:\Users\siebe\Documents\GitHub\Interdisciplinair-Project\InterdisciplinairProject\Fixtures\ViewModels\ChannelItem.cs(38,9): warning SA1134: Each attribute should be placed on its own line of code (https://github.com/DotNetAnalyzers/StyleCopAnalyzers/blob/master/documentation/SA1134.md) [C:\Users\siebe\Documents\GitHub\Interdisciplinair-Project\InterdisciplinairProject\InterdisciplinairProject_n5o14qfd_wpftmp.csproj]
C:\Users\siebe\Documents\GitHub\Interdisciplinair-Project\InterdisciplinairProject\Fixtures\ViewModels\ChannelItem.cs(41,9): warning SA1134: Each attribute should be placed on its own line of code (https://github.com/DotNetAnalyzers/StyleCopAnalyzers/blob/master/documentation/SA1134.md) [C:\Users\siebe\Documents\GitHub\Interdisciplinair-Project\InterdisciplinairProject\InterdisciplinairProject_n5o14qfd_wpftmp.csproj]
C:\Users\siebe\Documents\GitHub\Interdisciplinair-Project\InterdisciplinairProject\Fixtures\ViewModels\ChannelItem.cs(42,9): warning SA1134: Each attribute should be placed on its own line of code (https://github.com/DotNetAnalyzers/StyleCopAnalyzers/blob/master/documentation/SA1134.md) [C:\Users\siebe\Documents\GitHub\Interdisciplinair-Project\InterdisciplinairProject\InterdisciplinairProject_n5o14qfd_wpftmp.csproj]
C:\Users\siebe\Documents\GitHub\Interdisciplinair-Project\InterdisciplinairProject\Fixtures\ViewModels\ChannelItem.cs(43,9): warning SA1134: Each attribute should be placed on its own line of code (https://github.com/DotNetAnalyzers/StyleCopAnalyzers/blob/master/documentation/SA1134.md) [C:\Users\siebe\Documents\GitHub\Interdisciplinair-Project\InterdisciplinairProject\InterdisciplinairProject_n5o14qfd_wpftmp.csproj]
C:\Users\siebe\Documents\GitHub\Interdisciplinair-Project\InterdisciplinairProject\Fixtures\ViewModels\ChannelItem.cs(44,9): warning SA1134: Each attribute should be placed on its own line of code (https://github.com/DotNetAnalyzers/StyleCopAnalyzers/blob/master/documentation/SA1134.md) [C:\Users\siebe\Documents\GitHub\Interdisciplinair-Project\InterdisciplinairProject\InterdisciplinairProject_n5o14qfd_wpftmp.csproj]
C:\Users\siebe\Documents\GitHub\Interdisciplinair-Project\InterdisciplinairProject\Fixtures\ViewModels\ChannelItem.cs(45,9): warning SA1134: Each attribute should be placed on its own line of code (https://github.com/DotNetAnalyzers/StyleCopAnalyzers/blob/master/documentation/SA1134.md) [C:\Users\siebe\Documents\GitHub\Interdisciplinair-Project\InterdisciplinairProject\InterdisciplinairProject_n5o14qfd_wpftmp.csproj]
C:\Users\siebe\Documents\GitHub\Interdisciplinair-Project\InterdisciplinairProject\Fixtures\ViewModels\ChannelItem.cs(48,9): warning SA1134: Each attribute should be placed on its own line of code (https://github.com/DotNetAnalyzers/StyleCopAnalyzers/blob/master/documentation/SA1134.md) [C:\Users\siebe\Documents\GitHub\Interdisciplinair-Project\InterdisciplinairProject\InterdisciplinairProject_n5o14qfd_wpftmp.csproj]
C:\Users\siebe\Documents\GitHub\Interdisciplinair-Project\InterdisciplinairProject\Views\TimelineScene.xaml.cs(19,1): warning SA1516: Elements should be separated by blank line (https://github.com/DotNetAnalyzers/StyleCopAnalyzers/blob/master/documentation/SA1516.md) [C:\Users\siebe\Documents\GitHub\Interdisciplinair-Project\InterdisciplinairProject\InterdisciplinairProject_n5o14qfd_wpftmp.csproj]
C:\Users\siebe\Documents\GitHub\Interdisciplinair-Project\InterdisciplinairProject\Fixtures\Services\TypeCatalogService.cs(27,1): warning SA1507: Code should not contain multiple blank lines in a row (https://github.com/DotNetAnalyzers/StyleCopAnalyzers/blob/master/documentation/SA1507.md) [C:\Users\siebe\Documents\GitHub\Interdisciplinair-Project\InterdisciplinairProject\InterdisciplinairProject_n5o14qfd_wpftmp.csproj]
C:\Users\siebe\Documents\GitHub\Interdisciplinair-Project\InterdisciplinairProject\Fixtures\Services\TypeCatalogService.cs(46,1): warning SA1507: Code should not contain multiple blank lines in a row (https://github.com/DotNetAnalyzers/StyleCopAnalyzers/blob/master/documentation/SA1507.md) [C:\Users\siebe\Documents\GitHub\Interdisciplinair-Project\InterdisciplinairProject\InterdisciplinairProject_n5o14qfd_wpftmp.csproj]
C:\Users\siebe\Documents\GitHub\Interdisciplinair-Project\InterdisciplinairProject\Fixtures\Services\TypeCatalogService.cs(19,9): warning SA1512: Single-line comments should not be followed by blank line (https://github.com/DotNetAnalyzers/StyleCopAnalyzers/blob/master/documentation/SA1512.md) [C:\Users\siebe\Documents\GitHub\Interdisciplinair-Project\InterdisciplinairProject\InterdisciplinairProject_n5o14qfd_wpftmp.csproj]
C:\Users\siebe\Documents\GitHub\Interdisciplinair-Project\InterdisciplinairProject\ViewModels\SceneSettingsViewModel.cs(43,1): warning SA1516: Elements should be separated by blank line (https://github.com/DotNetAnalyzers/StyleCopAnalyzers/blob/master/documentation/SA1516.md) [C:\Users\siebe\Documents\GitHub\Interdisciplinair-Project\InterdisciplinairProject\InterdisciplinairProject_n5o14qfd_wpftmp.csproj]
C:\Users\siebe\Documents\GitHub\Interdisciplinair-Project\InterdisciplinairProject\ViewModels\SceneSettingsViewModel.cs(123,1): warning SA1516: Elements should be separated by blank line (https://github.com/DotNetAnalyzers/StyleCopAnalyzers/blob/master/documentation/SA1516.md) [C:\Users\siebe\Documents\GitHub\Interdisciplinair-Project\InterdisciplinairProject\InterdisciplinairProject_n5o14qfd_wpftmp.csproj]
C:\Users\siebe\Documents\GitHub\Interdisciplinair-Project\InterdisciplinairProject\ViewModels\SceneSettingsViewModel.cs(250,24): warning SA1202: 'protected' members should come before 'private' members (https://github.com/DotNetAnalyzers/StyleCopAnalyzers/blob/master/documentation/SA1202.md) [C:\Users\siebe\Documents\GitHub\Interdisciplinair-Project\InterdisciplinairProject\InterdisciplinairProject_n5o14qfd_wpftmp.csproj]
C:\Users\siebe\Documents\GitHub\Interdisciplinair-Project\InterdisciplinairProject\Fixtures\Services\TypeCatalogService.cs(16,9): warning SA1515: Single-line comment should be preceded by blank line (https://github.com/DotNetAnalyzers/StyleCopAnalyzers/blob/master/documentation/SA1515.md) [C:\Users\siebe\Documents\GitHub\Interdisciplinair-Project\InterdisciplinairProject\InterdisciplinairProject_n5o14qfd_wpftmp.csproj]
C:\Users\siebe\Documents\GitHub\Interdisciplinair-Project\InterdisciplinairProject\Fixtures\Services\TypeCatalogService.cs(97,17): warning SA1515: Single-line comment should be preceded by blank line (https://github.com/DotNetAnalyzers/StyleCopAnalyzers/blob/master/documentation/SA1515.md) [C:\Users\siebe\Documents\GitHub\Interdisciplinair-Project\InterdisciplinairProject\InterdisciplinairProject_n5o14qfd_wpftmp.csproj]
C:\Users\siebe\Documents\GitHub\Interdisciplinair-Project\InterdisciplinairProject\Fixtures\Services\TypeCatalogService.cs(16,9): warning SA1005: Single line comment should begin with a space (https://github.com/DotNetAnalyzers/StyleCopAnalyzers/blob/master/documentation/SA1005.md) [C:\Users\siebe\Documents\GitHub\Interdisciplinair-Project\InterdisciplinairProject\InterdisciplinairProject_n5o14qfd_wpftmp.csproj]
C:\Users\siebe\Documents\GitHub\Interdisciplinair-Project\InterdisciplinairProject\Fixtures\Services\TypeCatalogService.cs(18,9): warning SA1005: Single line comment should begin with a space (https://github.com/DotNetAnalyzers/StyleCopAnalyzers/blob/master/documentation/SA1005.md) [C:\Users\siebe\Documents\GitHub\Interdisciplinair-Project\InterdisciplinairProject\InterdisciplinairProject_n5o14qfd_wpftmp.csproj]
C:\Users\siebe\Documents\GitHub\Interdisciplinair-Project\InterdisciplinairProject\Fixtures\Services\TypeCatalogService.cs(31,34): warning SA1012: Opening brace should be preceded by a space (https://github.com/DotNetAnalyzers/StyleCopAnalyzers/blob/master/documentation/SA1012.md) [C:\Users\siebe\Documents\GitHub\Interdisciplinair-Project\InterdisciplinairProject\InterdisciplinairProject_n5o14qfd_wpftmp.csproj]
C:\Users\siebe\Documents\GitHub\Interdisciplinair-Project\InterdisciplinairProject\Fixtures\Services\TypeCatalogService.cs(32,34): warning SA1012: Opening brace should be preceded by a space (https://github.com/DotNetAnalyzers/StyleCopAnalyzers/blob/master/documentation/SA1012.md) [C:\Users\siebe\Documents\GitHub\Interdisciplinair-Project\InterdisciplinairProject\InterdisciplinairProject_n5o14qfd_wpftmp.csproj]
C:\Users\siebe\Documents\GitHub\Interdisciplinair-Project\InterdisciplinairProject\Fixtures\Services\TypeCatalogService.cs(33,34): warning SA1012: Opening brace should be preceded by a space (https://github.com/DotNetAnalyzers/StyleCopAnalyzers/blob/master/documentation/SA1012.md) [C:\Users\siebe\Documents\GitHub\Interdisciplinair-Project\InterdisciplinairProject\InterdisciplinairProject_n5o14qfd_wpftmp.csproj]
C:\Users\siebe\Documents\GitHub\Interdisciplinair-Project\InterdisciplinairProject\Fixtures\Services\TypeCatalogService.cs(34,34): warning SA1012: Opening brace should be preceded by a space (https://github.com/DotNetAnalyzers/StyleCopAnalyzers/blob/master/documentation/SA1012.md) [C:\Users\siebe\Documents\GitHub\Interdisciplinair-Project\InterdisciplinairProject\InterdisciplinairProject_n5o14qfd_wpftmp.csproj]
C:\Users\siebe\Documents\GitHub\Interdisciplinair-Project\InterdisciplinairProject\Fixtures\Services\TypeCatalogService.cs(35,34): warning SA1012: Opening brace should be preceded by a space (https://github.com/DotNetAnalyzers/StyleCopAnalyzers/blob/master/documentation/SA1012.md) [C:\Users\siebe\Documents\GitHub\Interdisciplinair-Project\InterdisciplinairProject\InterdisciplinairProject_n5o14qfd_wpftmp.csproj]
C:\Users\siebe\Documents\GitHub\Interdisciplinair-Project\InterdisciplinairProject\Fixtures\Services\TypeCatalogService.cs(36,34): warning SA1012: Opening brace should be preceded by a space (https://github.com/DotNetAnalyzers/StyleCopAnalyzers/blob/master/documentation/SA1012.md) [C:\Users\siebe\Documents\GitHub\Interdisciplinair-Project\InterdisciplinairProject\InterdisciplinairProject_n5o14qfd_wpftmp.csproj]
C:\Users\siebe\Documents\GitHub\Interdisciplinair-Project\InterdisciplinairProject\Fixtures\Services\TypeCatalogService.cs(37,34): warning SA1012: Opening brace should be preceded by a space (https://github.com/DotNetAnalyzers/StyleCopAnalyzers/blob/master/documentation/SA1012.md) [C:\Users\siebe\Documents\GitHub\Interdisciplinair-Project\InterdisciplinairProject\InterdisciplinairProject_n5o14qfd_wpftmp.csproj]
C:\Users\siebe\Documents\GitHub\Interdisciplinair-Project\InterdisciplinairProject\Fixtures\Services\TypeCatalogService.cs(38,34): warning SA1012: Opening brace should be preceded by a space (https://github.com/DotNetAnalyzers/StyleCopAnalyzers/blob/master/documentation/SA1012.md) [C:\Users\siebe\Documents\GitHub\Interdisciplinair-Project\InterdisciplinairProject\InterdisciplinairProject_n5o14qfd_wpftmp.csproj]
C:\Users\siebe\Documents\GitHub\Interdisciplinair-Project\InterdisciplinairProject\Fixtures\Services\TypeCatalogService.cs(39,34): warning SA1012: Opening brace should be preceded by a space (https://github.com/DotNetAnalyzers/StyleCopAnalyzers/blob/master/documentation/SA1012.md) [C:\Users\siebe\Documents\GitHub\Interdisciplinair-Project\InterdisciplinairProject\InterdisciplinairProject_n5o14qfd_wpftmp.csproj]
C:\Users\siebe\Documents\GitHub\Interdisciplinair-Project\InterdisciplinairProject\Fixtures\Services\TypeCatalogService.cs(40,34): warning SA1012: Opening brace should be preceded by a space (https://github.com/DotNetAnalyzers/StyleCopAnalyzers/blob/master/documentation/SA1012.md) [C:\Users\siebe\Documents\GitHub\Interdisciplinair-Project\InterdisciplinairProject\InterdisciplinairProject_n5o14qfd_wpftmp.csproj]
C:\Users\siebe\Documents\GitHub\Interdisciplinair-Project\InterdisciplinairProject\Fixtures\Services\TypeCatalogService.cs(41,34): warning SA1012: Opening brace should be preceded by a space (https://github.com/DotNetAnalyzers/StyleCopAnalyzers/blob/master/documentation/SA1012.md) [C:\Users\siebe\Documents\GitHub\Interdisciplinair-Project\InterdisciplinairProject\InterdisciplinairProject_n5o14qfd_wpftmp.csproj]
C:\Users\siebe\Documents\GitHub\Interdisciplinair-Project\InterdisciplinairProject\Fixtures\Services\TypeCatalogService.cs(31,65): warning SA1013: Closing brace should be preceded by a space (https://github.com/DotNetAnalyzers/StyleCopAnalyzers/blob/master/documentation/SA1013.md) [C:\Users\siebe\Documents\GitHub\Interdisciplinair-Project\InterdisciplinairProject\InterdisciplinairProject_n5o14qfd_wpftmp.csproj]
C:\Users\siebe\Documents\GitHub\Interdisciplinair-Project\InterdisciplinairProject\Fixtures\Services\TypeCatalogService.cs(32,81): warning SA1013: Closing brace should be preceded by a space (https://github.com/DotNetAnalyzers/StyleCopAnalyzers/blob/master/documentation/SA1013.md) [C:\Users\siebe\Documents\GitHub\Interdisciplinair-Project\InterdisciplinairProject\InterdisciplinairProject_n5o14qfd_wpftmp.csproj]
C:\Users\siebe\Documents\GitHub\Interdisciplinair-Project\InterdisciplinairProject\Fixtures\Services\TypeCatalogService.cs(33,78): warning SA1013: Closing brace should be preceded by a space (https://github.com/DotNetAnalyzers/StyleCopAnalyzers/blob/master/documentation/SA1013.md) [C:\Users\siebe\Documents\GitHub\Interdisciplinair-Project\InterdisciplinairProject\InterdisciplinairProject_n5o14qfd_wpftmp.csproj]
C:\Users\siebe\Documents\GitHub\Interdisciplinair-Project\InterdisciplinairProject\Fixtures\Services\TypeCatalogService.cs(34,78): warning SA1013: Closing brace should be preceded by a space (https://github.com/DotNetAnalyzers/StyleCopAnalyzers/blob/master/documentation/SA1013.md) [C:\Users\siebe\Documents\GitHub\Interdisciplinair-Project\InterdisciplinairProject\InterdisciplinairProject_n5o14qfd_wpftmp.csproj]
C:\Users\siebe\Documents\GitHub\Interdisciplinair-Project\InterdisciplinairProject\Fixtures\Services\TypeCatalogService.cs(35,79): warning SA1013: Closing brace should be preceded by a space (https://github.com/DotNetAnalyzers/StyleCopAnalyzers/blob/master/documentation/SA1013.md) [C:\Users\siebe\Documents\GitHub\Interdisciplinair-Project\InterdisciplinairProject\InterdisciplinairProject_n5o14qfd_wpftmp.csproj]
C:\Users\siebe\Documents\GitHub\Interdisciplinair-Project\InterdisciplinairProject\Fixtures\Services\TypeCatalogService.cs(36,88): warning SA1013: Closing brace should be preceded by a space (https://github.com/DotNetAnalyzers/StyleCopAnalyzers/blob/master/documentation/SA1013.md) [C:\Users\siebe\Documents\GitHub\Interdisciplinair-Project\InterdisciplinairProject\InterdisciplinairProject_n5o14qfd_wpftmp.csproj]
C:\Users\siebe\Documents\GitHub\Interdisciplinair-Project\InterdisciplinairProject\Fixtures\Services\TypeCatalogService.cs(37,94): warning SA1013: Closing brace should be preceded by a space (https://github.com/DotNetAnalyzers/StyleCopAnalyzers/blob/master/documentation/SA1013.md) [C:\Users\siebe\Documents\GitHub\Interdisciplinair-Project\InterdisciplinairProject\InterdisciplinairProject_n5o14qfd_wpftmp.csproj]
C:\Users\siebe\Documents\GitHub\Interdisciplinair-Project\InterdisciplinairProject\Fixtures\Services\TypeCatalogService.cs(38,77): warning SA1013: Closing brace should be preceded by a space (https://github.com/DotNetAnalyzers/StyleCopAnalyzers/blob/master/documentation/SA1013.md) [C:\Users\siebe\Documents\GitHub\Interdisciplinair-Project\InterdisciplinairProject\InterdisciplinairProject_n5o14qfd_wpftmp.csproj]
C:\Users\siebe\Documents\GitHub\Interdisciplinair-Project\InterdisciplinairProject\Fixtures\Services\TypeCatalogService.cs(39,79): warning SA1013: Closing brace should be preceded by a space (https://github.com/DotNetAnalyzers/StyleCopAnalyzers/blob/master/documentation/SA1013.md) [C:\Users\siebe\Documents\GitHub\Interdisciplinair-Project\InterdisciplinairProject\InterdisciplinairProject_n5o14qfd_wpftmp.csproj]
C:\Users\siebe\Documents\GitHub\Interdisciplinair-Project\InterdisciplinairProject\Fixtures\Services\TypeCatalogService.cs(40,78): warning SA1013: Closing brace should be preceded by a space (https://github.com/DotNetAnalyzers/StyleCopAnalyzers/blob/master/documentation/SA1013.md) [C:\Users\siebe\Documents\GitHub\Interdisciplinair-Project\InterdisciplinairProject\InterdisciplinairProject_n5o14qfd_wpftmp.csproj]
C:\Users\siebe\Documents\GitHub\Interdisciplinair-Project\InterdisciplinairProject\Fixtures\Services\TypeCatalogService.cs(41,79): warning SA1013: Closing brace should be preceded by a space (https://github.com/DotNetAnalyzers/StyleCopAnalyzers/blob/master/documentation/SA1013.md) [C:\Users\siebe\Documents\GitHub\Interdisciplinair-Project\InterdisciplinairProject\InterdisciplinairProject_n5o14qfd_wpftmp.csproj]
C:\Users\siebe\Documents\GitHub\Interdisciplinair-Project\InterdisciplinairProject\Views\Scene\FixtureRegistryDialog.xaml.cs(325,1): warning SA1516: Elements should be separated by blank line (https://github.com/DotNetAnalyzers/StyleCopAnalyzers/blob/master/documentation/SA1516.md) [C:\Users\siebe\Documents\GitHub\Interdisciplinair-Project\InterdisciplinairProject\InterdisciplinairProject_n5o14qfd_wpftmp.csproj]
C:\Users\siebe\Documents\GitHub\Interdisciplinair-Project\InterdisciplinairProject\Views\Scene\FixtureRegistryDialog.xaml.cs(326,1): warning SA1516: Elements should be separated by blank line (https://github.com/DotNetAnalyzers/StyleCopAnalyzers/blob/master/documentation/SA1516.md) [C:\Users\siebe\Documents\GitHub\Interdisciplinair-Project\InterdisciplinairProject\InterdisciplinairProject_n5o14qfd_wpftmp.csproj]
C:\Users\siebe\Documents\GitHub\Interdisciplinair-Project\InterdisciplinairProject\Views\Scene\FixtureRegistryDialog.xaml.cs(407,13): warning SA1201: A event should not follow a method (https://github.com/DotNetAnalyzers/StyleCopAnalyzers/blob/master/documentation/SA1201.md) [C:\Users\siebe\Documents\GitHub\Interdisciplinair-Project\InterdisciplinairProject\InterdisciplinairProject_n5o14qfd_wpftmp.csproj]
C:\Users\siebe\Documents\GitHub\Interdisciplinair-Project\InterdisciplinairProject\Views\Scene\FixtureRegistryDialog.xaml.cs(280,74): warning SA1204: Static members should appear before non-static members (https://github.com/DotNetAnalyzers/StyleCopAnalyzers/blob/master/documentation/SA1204.md) [C:\Users\siebe\Documents\GitHub\Interdisciplinair-Project\InterdisciplinairProject\InterdisciplinairProject_n5o14qfd_wpftmp.csproj]
C:\Users\siebe\Documents\GitHub\Interdisciplinair-Project\InterdisciplinairProject\Fixtures\Services\TypeCatalogService.cs(46,1): warning SA1028: Code should not contain trailing whitespace (https://github.com/DotNetAnalyzers/StyleCopAnalyzers/blob/master/documentation/SA1028.md) [C:\Users\siebe\Documents\GitHub\Interdisciplinair-Project\InterdisciplinairProject\InterdisciplinairProject_n5o14qfd_wpftmp.csproj]
C:\Users\siebe\Documents\GitHub\Interdisciplinair-Project\InterdisciplinairProject\Fixtures\ViewModels\ChannelItem.cs(59,1): warning SA1507: Code should not contain multiple blank lines in a row (https://github.com/DotNetAnalyzers/StyleCopAnalyzers/blob/master/documentation/SA1507.md) [C:\Users\siebe\Documents\GitHub\Interdisciplinair-Project\InterdisciplinairProject\InterdisciplinairProject_n5o14qfd_wpftmp.csproj]
C:\Users\siebe\Documents\GitHub\Interdisciplinair-Project\InterdisciplinairProject\Fixtures\ViewModels\FixtureContentViewModel.cs(26,1): warning SA1516: Elements should be separated by blank line (https://github.com/DotNetAnalyzers/StyleCopAnalyzers/blob/master/documentation/SA1516.md) [C:\Users\siebe\Documents\GitHub\Interdisciplinair-Project\InterdisciplinairProject\InterdisciplinairProject_n5o14qfd_wpftmp.csproj]
C:\Users\siebe\Documents\GitHub\Interdisciplinair-Project\InterdisciplinairProject\Fixtures\ViewModels\FixtureContentViewModel.cs(27,1): warning SA1516: Elements should be separated by blank line (https://github.com/DotNetAnalyzers/StyleCopAnalyzers/blob/master/documentation/SA1516.md) [C:\Users\siebe\Documents\GitHub\Interdisciplinair-Project\InterdisciplinairProject\InterdisciplinairProject_n5o14qfd_wpftmp.csproj]
C:\Users\siebe\Documents\GitHub\Interdisciplinair-Project\InterdisciplinairProject\Fixtures\ViewModels\FixtureContentViewModel.cs(30,1): warning SA1516: Elements should be separated by blank line (https://github.com/DotNetAnalyzers/StyleCopAnalyzers/blob/master/documentation/SA1516.md) [C:\Users\siebe\Documents\GitHub\Interdisciplinair-Project\InterdisciplinairProject\InterdisciplinairProject_n5o14qfd_wpftmp.csproj]
C:\Users\siebe\Documents\GitHub\Interdisciplinair-Project\InterdisciplinairProject\Fixtures\ViewModels\FixtureContentViewModel.cs(31,1): warning SA1516: Elements should be separated by blank line (https://github.com/DotNetAnalyzers/StyleCopAnalyzers/blob/master/documentation/SA1516.md) [C:\Users\siebe\Documents\GitHub\Interdisciplinair-Project\InterdisciplinairProject\InterdisciplinairProject_n5o14qfd_wpftmp.csproj]
C:\Users\siebe\Documents\GitHub\Interdisciplinair-Project\InterdisciplinairProject\Fixtures\ViewModels\FixtureContentViewModel.cs(32,1): warning SA1516: Elements should be separated by blank line (https://github.com/DotNetAnalyzers/StyleCopAnalyzers/blob/master/documentation/SA1516.md) [C:\Users\siebe\Documents\GitHub\Interdisciplinair-Project\InterdisciplinairProject\InterdisciplinairProject_n5o14qfd_wpftmp.csproj]
C:\Users\siebe\Documents\GitHub\Interdisciplinair-Project\InterdisciplinairProject\Fixtures\ViewModels\FixtureContentViewModel.cs(33,1): warning SA1516: Elements should be separated by blank line (https://github.com/DotNetAnalyzers/StyleCopAnalyzers/blob/master/documentation/SA1516.md) [C:\Users\siebe\Documents\GitHub\Interdisciplinair-Project\InterdisciplinairProject\InterdisciplinairProject_n5o14qfd_wpftmp.csproj]
C:\Users\siebe\Documents\GitHub\Interdisciplinair-Project\InterdisciplinairProject\Fixtures\ViewModels\FixtureContentViewModel.cs(45,1): warning SA1516: Elements should be separated by blank line (https://github.com/DotNetAnalyzers/StyleCopAnalyzers/blob/master/documentation/SA1516.md) [C:\Users\siebe\Documents\GitHub\Interdisciplinair-Project\InterdisciplinairProject\InterdisciplinairProject_n5o14qfd_wpftmp.csproj]
C:\Users\siebe\Documents\GitHub\Interdisciplinair-Project\InterdisciplinairProject\Fixtures\ViewModels\FixtureContentViewModel.cs(48,1): warning SA1516: Elements should be separated by blank line (https://github.com/DotNetAnalyzers/StyleCopAnalyzers/blob/master/documentation/SA1516.md) [C:\Users\siebe\Documents\GitHub\Interdisciplinair-Project\InterdisciplinairProject\InterdisciplinairProject_n5o14qfd_wpftmp.csproj]
C:\Users\siebe\Documents\GitHub\Interdisciplinair-Project\InterdisciplinairProject\Fixtures\ViewModels\FixtureContentViewModel.cs(49,1): warning SA1516: Elements should be separated by blank line (https://github.com/DotNetAnalyzers/StyleCopAnalyzers/blob/master/documentation/SA1516.md) [C:\Users\siebe\Documents\GitHub\Interdisciplinair-Project\InterdisciplinairProject\InterdisciplinairProject_n5o14qfd_wpftmp.csproj]
C:\Users\siebe\Documents\GitHub\Interdisciplinair-Project\InterdisciplinairProject\Fixtures\ViewModels\FixtureContentViewModel.cs(50,1): warning SA1516: Elements should be separated by blank line (https://github.com/DotNetAnalyzers/StyleCopAnalyzers/blob/master/documentation/SA1516.md) [C:\Users\siebe\Documents\GitHub\Interdisciplinair-Project\InterdisciplinairProject\InterdisciplinairProject_n5o14qfd_wpftmp.csproj]
C:\Users\siebe\Documents\GitHub\Interdisciplinair-Project\InterdisciplinairProject\Fixtures\ViewModels\FixtureContentViewModel.cs(52,16): warning SA1201: A constructor should not follow a property (https://github.com/DotNetAnalyzers/StyleCopAnalyzers/blob/master/documentation/SA1201.md) [C:\Users\siebe\Documents\GitHub\Interdisciplinair-Project\InterdisciplinairProject\InterdisciplinairProject_n5o14qfd_wpftmp.csproj]
C:\Users\siebe\Documents\GitHub\Interdisciplinair-Project\InterdisciplinairProject\Fixtures\ViewModels\FixtureContentViewModel.cs(118,21): warning SA1202: 'public' members should come before 'private' members (https://github.com/DotNetAnalyzers/StyleCopAnalyzers/blob/master/documentation/SA1202.md) [C:\Users\siebe\Documents\GitHub\Interdisciplinair-Project\InterdisciplinairProject\InterdisciplinairProject_n5o14qfd_wpftmp.csproj]
C:\Users\siebe\Documents\GitHub\Interdisciplinair-Project\InterdisciplinairProject\Fixtures\ViewModels\ChannelItem.cs(139,14): warning SA1513: Closing brace should be followed by blank line (https://github.com/DotNetAnalyzers/StyleCopAnalyzers/blob/master/documentation/SA1513.md) [C:\Users\siebe\Documents\GitHub\Interdisciplinair-Project\InterdisciplinairProject\InterdisciplinairProject_n5o14qfd_wpftmp.csproj]
C:\Users\siebe\Documents\GitHub\Interdisciplinair-Project\InterdisciplinairProject\Fixtures\ViewModels\ChannelItem.cs(146,14): warning SA1513: Closing brace should be followed by blank line (https://github.com/DotNetAnalyzers/StyleCopAnalyzers/blob/master/documentation/SA1513.md) [C:\Users\siebe\Documents\GitHub\Interdisciplinair-Project\InterdisciplinairProject\InterdisciplinairProject_n5o14qfd_wpftmp.csproj]
C:\Users\siebe\Documents\GitHub\Interdisciplinair-Project\InterdisciplinairProject\Fixtures\ViewModels\ChannelItem.cs(153,14): warning SA1513: Closing brace should be followed by blank line (https://github.com/DotNetAnalyzers/StyleCopAnalyzers/blob/master/documentation/SA1513.md) [C:\Users\siebe\Documents\GitHub\Interdisciplinair-Project\InterdisciplinairProject\InterdisciplinairProject_n5o14qfd_wpftmp.csproj]
C:\Users\siebe\Documents\GitHub\Interdisciplinair-Project\InterdisciplinairProject\Fixtures\ViewModels\ChannelItem.cs(161,14): warning SA1513: Closing brace should be followed by blank line (https://github.com/DotNetAnalyzers/StyleCopAnalyzers/blob/master/documentation/SA1513.md) [C:\Users\siebe\Documents\GitHub\Interdisciplinair-Project\InterdisciplinairProject\InterdisciplinairProject_n5o14qfd_wpftmp.csproj]
C:\Users\siebe\Documents\GitHub\Interdisciplinair-Project\InterdisciplinairProject\Fixtures\ViewModels\ChannelItem.cs(162,13): warning SA1515: Single-line comment should be preceded by blank line (https://github.com/DotNetAnalyzers/StyleCopAnalyzers/blob/master/documentation/SA1515.md) [C:\Users\siebe\Documents\GitHub\Interdisciplinair-Project\InterdisciplinairProject\InterdisciplinairProject_n5o14qfd_wpftmp.csproj]
C:\Users\siebe\Documents\GitHub\Interdisciplinair-Project\InterdisciplinairProject\Fixtures\ViewModels\ChannelItem.cs(174,2): warning SA1518: Code should not contain blank lines at the end of the file (https://github.com/DotNetAnalyzers/StyleCopAnalyzers/blob/master/documentation/SA1518.md) [C:\Users\siebe\Documents\GitHub\Interdisciplinair-Project\InterdisciplinairProject\InterdisciplinairProject_n5o14qfd_wpftmp.csproj]
C:\Users\siebe\Documents\GitHub\Interdisciplinair-Project\InterdisciplinairProject\Fixtures\ViewModels\FixtureContentViewModel.cs(39,13): warning SA1413: Use trailing comma in multi-line initializers (https://github.com/DotNetAnalyzers/StyleCopAnalyzers/blob/master/documentation/SA1413.md) [C:\Users\siebe\Documents\GitHub\Interdisciplinair-Project\InterdisciplinairProject\InterdisciplinairProject_n5o14qfd_wpftmp.csproj]
C:\Users\siebe\Documents\GitHub\Interdisciplinair-Project\InterdisciplinairProject\Fixtures\ViewModels\FixtureCreateViewModel.cs(29,1): warning SA1516: Elements should be separated by blank line (https://github.com/DotNetAnalyzers/StyleCopAnalyzers/blob/master/documentation/SA1516.md) [C:\Users\siebe\Documents\GitHub\Interdisciplinair-Project\InterdisciplinairProject\InterdisciplinairProject_n5o14qfd_wpftmp.csproj]
C:\Users\siebe\Documents\GitHub\Interdisciplinair-Project\InterdisciplinairProject\Fixtures\ViewModels\FixtureCreateViewModel.cs(110,24): warning SA1201: A field should not follow a property (https://github.com/DotNetAnalyzers/StyleCopAnalyzers/blob/master/documentation/SA1201.md) [C:\Users\siebe\Documents\GitHub\Interdisciplinair-Project\InterdisciplinairProject\InterdisciplinairProject_n5o14qfd_wpftmp.csproj]
C:\Users\siebe\Documents\GitHub\Interdisciplinair-Project\InterdisciplinairProject\Fixtures\ViewModels\FixtureCreateViewModel.cs(128,16): warning SA1201: A constructor should not follow a property (https://github.com/DotNetAnalyzers/StyleCopAnalyzers/blob/master/documentation/SA1201.md) [C:\Users\siebe\Documents\GitHub\Interdisciplinair-Project\InterdisciplinairProject\InterdisciplinairProject_n5o14qfd_wpftmp.csproj]
C:\Users\siebe\Documents\GitHub\Interdisciplinair-Project\InterdisciplinairProject\Fixtures\ViewModels\FixtureListViewModel.cs(23,9): warning SA1413: Use trailing comma in multi-line initializers (https://github.com/DotNetAnalyzers/StyleCopAnalyzers/blob/master/documentation/SA1413.md) [C:\Users\siebe\Documents\GitHub\Interdisciplinair-Project\InterdisciplinairProject\InterdisciplinairProject_n5o14qfd_wpftmp.csproj]
C:\Users\siebe\Documents\GitHub\Interdisciplinair-Project\InterdisciplinairProject\Fixtures\ViewModels\FixtureCreateViewModel.cs(294,1): warning SA1507: Code should not contain multiple blank lines in a row (https://github.com/DotNetAnalyzers/StyleCopAnalyzers/blob/master/documentation/SA1507.md) [C:\Users\siebe\Documents\GitHub\Interdisciplinair-Project\InterdisciplinairProject\InterdisciplinairProject_n5o14qfd_wpftmp.csproj]
C:\Users\siebe\Documents\GitHub\Interdisciplinair-Project\InterdisciplinairProject\Fixtures\ViewModels\FixtureListViewModel.cs(235,5): warning SA1508: A closing brace should not be preceded by a blank line (https://github.com/DotNetAnalyzers/StyleCopAnalyzers/blob/master/documentation/SA1508.md) [C:\Users\siebe\Documents\GitHub\Interdisciplinair-Project\InterdisciplinairProject\InterdisciplinairProject_n5o14qfd_wpftmp.csproj]
C:\Users\siebe\Documents\GitHub\Interdisciplinair-Project\InterdisciplinairProject\Fixtures\ViewModels\FixtureListViewModel.cs(72,1): warning SA1516: Elements should be separated by blank line (https://github.com/DotNetAnalyzers/StyleCopAnalyzers/blob/master/documentation/SA1516.md) [C:\Users\siebe\Documents\GitHub\Interdisciplinair-Project\InterdisciplinairProject\InterdisciplinairProject_n5o14qfd_wpftmp.csproj]
C:\Users\siebe\Documents\GitHub\Interdisciplinair-Project\InterdisciplinairProject\Fixtures\ViewModels\FixtureListViewModel.cs(33,9): warning SA1201: A event should not follow a property (https://github.com/DotNetAnalyzers/StyleCopAnalyzers/blob/master/documentation/SA1201.md) [C:\Users\siebe\Documents\GitHub\Interdisciplinair-Project\InterdisciplinairProject\InterdisciplinairProject_n5o14qfd_wpftmp.csproj]
C:\Users\siebe\Documents\GitHub\Interdisciplinair-Project\InterdisciplinairProject\Fixtures\ViewModels\FixtureListViewModel.cs(39,24): warning SA1201: A field should not follow a property (https://github.com/DotNetAnalyzers/StyleCopAnalyzers/blob/master/documentation/SA1201.md) [C:\Users\siebe\Documents\GitHub\Interdisciplinair-Project\InterdisciplinairProject\InterdisciplinairProject_n5o14qfd_wpftmp.csproj]
C:\Users\siebe\Documents\GitHub\Interdisciplinair-Project\InterdisciplinairProject\Fixtures\ViewModels\FixtureListViewModel.cs(55,28): warning SA1201: A field should not follow a property (https://github.com/DotNetAnalyzers/StyleCopAnalyzers/blob/master/documentation/SA1201.md) [C:\Users\siebe\Documents\GitHub\Interdisciplinair-Project\InterdisciplinairProject\InterdisciplinairProject_n5o14qfd_wpftmp.csproj]
C:\Users\siebe\Documents\GitHub\Interdisciplinair-Project\InterdisciplinairProject\Fixtures\ViewModels\FixtureListViewModel.cs(71,26): warning SA1201: A field should not follow a property (https://github.com/DotNetAnalyzers/StyleCopAnalyzers/blob/master/documentation/SA1201.md) [C:\Users\siebe\Documents\GitHub\Interdisciplinair-Project\InterdisciplinairProject\InterdisciplinairProject_n5o14qfd_wpftmp.csproj]
C:\Users\siebe\Documents\GitHub\Interdisciplinair-Project\InterdisciplinairProject\Fixtures\ViewModels\FixtureListViewModel.cs(87,16): warning SA1201: A constructor should not follow a property (https://github.com/DotNetAnalyzers/StyleCopAnalyzers/blob/master/documentation/SA1201.md) [C:\Users\siebe\Documents\GitHub\Interdisciplinair-Project\InterdisciplinairProject\InterdisciplinairProject_n5o14qfd_wpftmp.csproj]
C:\Users\siebe\Documents\GitHub\Interdisciplinair-Project\InterdisciplinairProject\Fixtures\ViewModels\FixtureListViewModel.cs(232,24): warning SA1202: 'protected' members should come before 'private' members (https://github.com/DotNetAnalyzers/StyleCopAnalyzers/blob/master/documentation/SA1202.md) [C:\Users\siebe\Documents\GitHub\Interdisciplinair-Project\InterdisciplinairProject\InterdisciplinairProject_n5o14qfd_wpftmp.csproj]
C:\Users\siebe\Documents\GitHub\Interdisciplinair-Project\InterdisciplinairProject\Fixtures\Views\FixtureCreateView.xaml.cs(13,5): warning SA1505: An opening brace should not be followed by a blank line (https://github.com/DotNetAnalyzers/StyleCopAnalyzers/blob/master/documentation/SA1505.md) [C:\Users\siebe\Documents\GitHub\Interdisciplinair-Project\InterdisciplinairProject\InterdisciplinairProject_n5o14qfd_wpftmp.csproj]
C:\Users\siebe\Documents\GitHub\Interdisciplinair-Project\InterdisciplinairProject\Fixtures\Views\FixtureCreateView.xaml.cs(174,5): warning SA1508: A closing brace should not be preceded by a blank line (https://github.com/DotNetAnalyzers/StyleCopAnalyzers/blob/master/documentation/SA1508.md) [C:\Users\siebe\Documents\GitHub\Interdisciplinair-Project\InterdisciplinairProject\InterdisciplinairProject_n5o14qfd_wpftmp.csproj]
C:\Users\siebe\Documents\GitHub\Interdisciplinair-Project\InterdisciplinairProject\Fixtures\Views\FixtureCreateView.xaml.cs(80,27): warning SA1204: Static members should appear before non-static members (https://github.com/DotNetAnalyzers/StyleCopAnalyzers/blob/master/documentation/SA1204.md) [C:\Users\siebe\Documents\GitHub\Interdisciplinair-Project\InterdisciplinairProject\InterdisciplinairProject_n5o14qfd_wpftmp.csproj]
C:\Users\siebe\Documents\GitHub\Interdisciplinair-Project\InterdisciplinairProject\ViewModels\TimeLineViewModel.cs(49,1): warning SA1516: Elements should be separated by blank line (https://github.com/DotNetAnalyzers/StyleCopAnalyzers/blob/master/documentation/SA1516.md) [C:\Users\siebe\Documents\GitHub\Interdisciplinair-Project\InterdisciplinairProject\InterdisciplinairProject_n5o14qfd_wpftmp.csproj]
C:\Users\siebe\Documents\GitHub\Interdisciplinair-Project\InterdisciplinairProject\ViewModels\TimeLineViewModel.cs(50,1): warning SA1516: Elements should be separated by blank line (https://github.com/DotNetAnalyzers/StyleCopAnalyzers/blob/master/documentation/SA1516.md) [C:\Users\siebe\Documents\GitHub\Interdisciplinair-Project\InterdisciplinairProject\InterdisciplinairProject_n5o14qfd_wpftmp.csproj]
C:\Users\siebe\Documents\GitHub\Interdisciplinair-Project\InterdisciplinairProject\ViewModels\TimeLineViewModel.cs(48,35): warning SA1201: A property should not follow a method (https://github.com/DotNetAnalyzers/StyleCopAnalyzers/blob/master/documentation/SA1201.md) [C:\Users\siebe\Documents\GitHub\Interdisciplinair-Project\InterdisciplinairProject\InterdisciplinairProject_n5o14qfd_wpftmp.csproj]
C:\Users\siebe\Documents\GitHub\Interdisciplinair-Project\InterdisciplinairProject\Fixtures\Views\FixtureListView.xaml.cs(36,5): warning SA1508: A closing brace should not be preceded by a blank line (https://github.com/DotNetAnalyzers/StyleCopAnalyzers/blob/master/documentation/SA1508.md) [C:\Users\siebe\Documents\GitHub\Interdisciplinair-Project\InterdisciplinairProject\InterdisciplinairProject_n5o14qfd_wpftmp.csproj]
C:\Users\siebe\Documents\GitHub\Interdisciplinair-Project\InterdisciplinairProject\Fixtures\Views\FixtureListView.xaml.cs(24,1): warning SA1516: Elements should be separated by blank line (https://github.com/DotNetAnalyzers/StyleCopAnalyzers/blob/master/documentation/SA1516.md) [C:\Users\siebe\Documents\GitHub\Interdisciplinair-Project\InterdisciplinairProject\InterdisciplinairProject_n5o14qfd_wpftmp.csproj]
C:\Users\siebe\Documents\GitHub\Interdisciplinair-Project\InterdisciplinairProject\Fixtures\ViewModels\FixtureCreateViewModel.cs(255,13): warning SA1009: Closing parenthesis should not be preceded by a space (https://github.com/DotNetAnalyzers/StyleCopAnalyzers/blob/master/documentation/SA1009.md) [C:\Users\siebe\Documents\GitHub\Interdisciplinair-Project\InterdisciplinairProject\InterdisciplinairProject_n5o14qfd_wpftmp.csproj]
C:\Users\siebe\Documents\GitHub\Interdisciplinair-Project\InterdisciplinairProject\Fixtures\ViewModels\MainWindowFixturesViewModel.cs(49,1): warning SA1516: Elements should be separated by blank line (https://github.com/DotNetAnalyzers/StyleCopAnalyzers/blob/master/documentation/SA1516.md) [C:\Users\siebe\Documents\GitHub\Interdisciplinair-Project\InterdisciplinairProject\InterdisciplinairProject_n5o14qfd_wpftmp.csproj]
C:\Users\siebe\Documents\GitHub\Interdisciplinair-Project\InterdisciplinairProject\Fixtures\ViewModels\MainWindowFixturesViewModel.cs(109,1): warning SA1516: Elements should be separated by blank line (https://github.com/DotNetAnalyzers/StyleCopAnalyzers/blob/master/documentation/SA1516.md) [C:\Users\siebe\Documents\GitHub\Interdisciplinair-Project\InterdisciplinairProject\InterdisciplinairProject_n5o14qfd_wpftmp.csproj]
C:\Users\siebe\Documents\GitHub\Interdisciplinair-Project\InterdisciplinairProject\Fixtures\ViewModels\MainWindowFixturesViewModel.cs(52,16): warning SA1201: A constructor should not follow a property (https://github.com/DotNetAnalyzers/StyleCopAnalyzers/blob/master/documentation/SA1201.md) [C:\Users\siebe\Documents\GitHub\Interdisciplinair-Project\InterdisciplinairProject\InterdisciplinairProject_n5o14qfd_wpftmp.csproj]
C:\Users\siebe\Documents\GitHub\Interdisciplinair-Project\InterdisciplinairProject\Fixtures\ViewModels\ManufacturerGroup.cs(12,52): warning SA1122: Use string.Empty for empty strings (https://github.com/DotNetAnalyzers/StyleCopAnalyzers/blob/master/documentation/SA1122.md) [C:\Users\siebe\Documents\GitHub\Interdisciplinair-Project\InterdisciplinairProject\InterdisciplinairProject_n5o14qfd_wpftmp.csproj]
C:\Users\siebe\Documents\GitHub\Interdisciplinair-Project\InterdisciplinairProject\Fixtures\ViewModels\ManufacturerGroup.cs(13,1): warning SA1516: Elements should be separated by blank line (https://github.com/DotNetAnalyzers/StyleCopAnalyzers/blob/master/documentation/SA1516.md) [C:\Users\siebe\Documents\GitHub\Interdisciplinair-Project\InterdisciplinairProject\InterdisciplinairProject_n5o14qfd_wpftmp.csproj]
C:\Users\siebe\Documents\GitHub\Interdisciplinair-Project\InterdisciplinairProject\Fixtures\ViewModels\ManufacturerGroup.cs(14,1): warning SA1516: Elements should be separated by blank line (https://github.com/DotNetAnalyzers/StyleCopAnalyzers/blob/master/documentation/SA1516.md) [C:\Users\siebe\Documents\GitHub\Interdisciplinair-Project\InterdisciplinairProject\InterdisciplinairProject_n5o14qfd_wpftmp.csproj]
C:\Users\siebe\Documents\GitHub\Interdisciplinair-Project\InterdisciplinairProject\Fixtures\ViewModels\ManufacturerGroup.cs(17,1): warning SA1516: Elements should be separated by blank line (https://github.com/DotNetAnalyzers/StyleCopAnalyzers/blob/master/documentation/SA1516.md) [C:\Users\siebe\Documents\GitHub\Interdisciplinair-Project\InterdisciplinairProject\InterdisciplinairProject_n5o14qfd_wpftmp.csproj]
C:\Users\siebe\Documents\GitHub\Interdisciplinair-Project\InterdisciplinairProject\Fixtures\ViewModels\ManufacturerGroup.cs(16,22): warning SA1201: A field should not follow a property (https://github.com/DotNetAnalyzers/StyleCopAnalyzers/blob/master/documentation/SA1201.md) [C:\Users\siebe\Documents\GitHub\Interdisciplinair-Project\InterdisciplinairProject\InterdisciplinairProject_n5o14qfd_wpftmp.csproj]
C:\Users\siebe\Documents\GitHub\Interdisciplinair-Project\InterdisciplinairProject\Fixtures\ViewModels\ManufacturerGroup.cs(30,9): warning SA1201: A event should not follow a property (https://github.com/DotNetAnalyzers/StyleCopAnalyzers/blob/master/documentation/SA1201.md) [C:\Users\siebe\Documents\GitHub\Interdisciplinair-Project\InterdisciplinairProject\InterdisciplinairProject_n5o14qfd_wpftmp.csproj]
C:\Users\siebe\Documents\GitHub\Interdisciplinair-Project\InterdisciplinairProject\Fixtures\ViewModels\ManufacturerViewmodel.cs(30,16): warning SA1201: A constructor should not follow a property (https://github.com/DotNetAnalyzers/StyleCopAnalyzers/blob/master/documentation/SA1201.md) [C:\Users\siebe\Documents\GitHub\Interdisciplinair-Project\InterdisciplinairProject\InterdisciplinairProject_n5o14qfd_wpftmp.csproj]
C:\Users\siebe\Documents\GitHub\Interdisciplinair-Project\InterdisciplinairProject\Fixtures\ViewModels\ManufacturerViewmodel.cs(63,1): warning SA1516: Elements should be separated by blank line (https://github.com/DotNetAnalyzers/StyleCopAnalyzers/blob/master/documentation/SA1516.md) [C:\Users\siebe\Documents\GitHub\Interdisciplinair-Project\InterdisciplinairProject\InterdisciplinairProject_n5o14qfd_wpftmp.csproj]
C:\Users\siebe\Documents\GitHub\Interdisciplinair-Project\InterdisciplinairProject\Fixtures\ViewModels\ManufacturerViewmodel.cs(64,1): warning SA1516: Elements should be separated by blank line (https://github.com/DotNetAnalyzers/StyleCopAnalyzers/blob/master/documentation/SA1516.md) [C:\Users\siebe\Documents\GitHub\Interdisciplinair-Project\InterdisciplinairProject\InterdisciplinairProject_n5o14qfd_wpftmp.csproj]
C:\Users\siebe\Documents\GitHub\Interdisciplinair-Project\InterdisciplinairProject\Fixtures\ViewModels\ManufacturerViewmodel.cs(65,1): warning SA1516: Elements should be separated by blank line (https://github.com/DotNetAnalyzers/StyleCopAnalyzers/blob/master/documentation/SA1516.md) [C:\Users\siebe\Documents\GitHub\Interdisciplinair-Project\InterdisciplinairProject\InterdisciplinairProject_n5o14qfd_wpftmp.csproj]
C:\Users\siebe\Documents\GitHub\Interdisciplinair-Project\InterdisciplinairProject\Fixtures\ViewModels\ManufacturerViewmodel.cs(66,1): warning SA1516: Elements should be separated by blank line (https://github.com/DotNetAnalyzers/StyleCopAnalyzers/blob/master/documentation/SA1516.md) [C:\Users\siebe\Documents\GitHub\Interdisciplinair-Project\InterdisciplinairProject\InterdisciplinairProject_n5o14qfd_wpftmp.csproj]
C:\Users\siebe\Documents\GitHub\Interdisciplinair-Project\InterdisciplinairProject\Fixtures\ViewModels\ManufacturerViewmodel.cs(51,9): warning SA1111: Closing parenthesis should be on line of last parameter (https://github.com/DotNetAnalyzers/StyleCopAnalyzers/blob/master/documentation/SA1111.md) [C:\Users\siebe\Documents\GitHub\Interdisciplinair-Project\InterdisciplinairProject\InterdisciplinairProject_n5o14qfd_wpftmp.csproj]
C:\Users\siebe\Documents\GitHub\Interdisciplinair-Project\InterdisciplinairProject\Fixtures\ViewModels\ManufacturerViewmodel.cs(47,33): warning SA1201: A field should not follow a event (https://github.com/DotNetAnalyzers/StyleCopAnalyzers/blob/master/documentation/SA1201.md) [C:\Users\siebe\Documents\GitHub\Interdisciplinair-Project\InterdisciplinairProject\InterdisciplinairProject_n5o14qfd_wpftmp.csproj]
C:\Users\siebe\Documents\GitHub\Interdisciplinair-Project\InterdisciplinairProject\Fixtures\ViewModels\ManufacturerViewmodel.cs(68,16): warning SA1201: A constructor should not follow a property (https://github.com/DotNetAnalyzers/StyleCopAnalyzers/blob/master/documentation/SA1201.md) [C:\Users\siebe\Documents\GitHub\Interdisciplinair-Project\InterdisciplinairProject\InterdisciplinairProject_n5o14qfd_wpftmp.csproj]
C:\Users\siebe\Documents\GitHub\Interdisciplinair-Project\InterdisciplinairProject\Fixtures\ViewModels\ManufacturerViewmodel.cs(59,57): warning SA1214: Readonly fields should appear before non-readonly fields (https://github.com/DotNetAnalyzers/StyleCopAnalyzers/blob/master/documentation/SA1214.md) [C:\Users\siebe\Documents\GitHub\Interdisciplinair-Project\InterdisciplinairProject\InterdisciplinairProject_n5o14qfd_wpftmp.csproj]
C:\Users\siebe\Documents\GitHub\Interdisciplinair-Project\InterdisciplinairProject\ViewModels\ShowbuilderViewModel.cs(639,5): warning SA1508: A closing brace should not be preceded by a blank line (https://github.com/DotNetAnalyzers/StyleCopAnalyzers/blob/master/documentation/SA1508.md) [C:\Users\siebe\Documents\GitHub\Interdisciplinair-Project\InterdisciplinairProject\InterdisciplinairProject_n5o14qfd_wpftmp.csproj]
C:\Users\siebe\Documents\GitHub\Interdisciplinair-Project\InterdisciplinairProject\ViewModels\ShowbuilderViewModel.cs(26,1): warning SA1516: Elements should be separated by blank line (https://github.com/DotNetAnalyzers/StyleCopAnalyzers/blob/master/documentation/SA1516.md) [C:\Users\siebe\Documents\GitHub\Interdisciplinair-Project\InterdisciplinairProject\InterdisciplinairProject_n5o14qfd_wpftmp.csproj]
C:\Users\siebe\Documents\GitHub\Interdisciplinair-Project\InterdisciplinairProject\ViewModels\ShowbuilderViewModel.cs(577,1): warning SA1516: Elements should be separated by blank line (https://github.com/DotNetAnalyzers/StyleCopAnalyzers/blob/master/documentation/SA1516.md) [C:\Users\siebe\Documents\GitHub\Interdisciplinair-Project\InterdisciplinairProject\InterdisciplinairProject_n5o14qfd_wpftmp.csproj]
C:\Users\siebe\Documents\GitHub\Interdisciplinair-Project\InterdisciplinairProject\ViewModels\ShowbuilderViewModel.cs(28,21): warning SA1201: A field should not follow a property (https://github.com/DotNetAnalyzers/StyleCopAnalyzers/blob/master/documentation/SA1201.md) [C:\Users\siebe\Documents\GitHub\Interdisciplinair-Project\InterdisciplinairProject\InterdisciplinairProject_n5o14qfd_wpftmp.csproj]
C:\Users\siebe\Documents\GitHub\Interdisciplinair-Project\InterdisciplinairProject\ViewModels\ShowbuilderViewModel.cs(338,21): warning SA1202: 'public' members should come before 'private' members (https://github.com/DotNetAnalyzers/StyleCopAnalyzers/blob/master/documentation/SA1202.md) [C:\Users\siebe\Documents\GitHub\Interdisciplinair-Project\InterdisciplinairProject\InterdisciplinairProject_n5o14qfd_wpftmp.csproj]
C:\Users\siebe\Documents\GitHub\Interdisciplinair-Project\InterdisciplinairProject\ViewModels\ShowbuilderViewModel.cs(522,27): warning SA1202: 'public' members should come before 'private' members (https://github.com/DotNetAnalyzers/StyleCopAnalyzers/blob/master/documentation/SA1202.md) [C:\Users\siebe\Documents\GitHub\Interdisciplinair-Project\InterdisciplinairProject\InterdisciplinairProject_n5o14qfd_wpftmp.csproj]
C:\Users\siebe\Documents\GitHub\Interdisciplinair-Project\InterdisciplinairProject\ViewModels\ShowbuilderViewModel.cs(598,21): warning SA1202: 'public' members should come before 'private' members (https://github.com/DotNetAnalyzers/StyleCopAnalyzers/blob/master/documentation/SA1202.md) [C:\Users\siebe\Documents\GitHub\Interdisciplinair-Project\InterdisciplinairProject\InterdisciplinairProject_n5o14qfd_wpftmp.csproj]
C:\Users\siebe\Documents\GitHub\Interdisciplinair-Project\InterdisciplinairProject\ViewModels\ShowbuilderViewModel.cs(46,69): warning SA1214: Readonly fields should appear before non-readonly fields (https://github.com/DotNetAnalyzers/StyleCopAnalyzers/blob/master/documentation/SA1214.md) [C:\Users\siebe\Documents\GitHub\Interdisciplinair-Project\InterdisciplinairProject\InterdisciplinairProject_n5o14qfd_wpftmp.csproj]
C:\Users\siebe\Documents\GitHub\Interdisciplinair-Project\InterdisciplinairProject\Fixtures\ViewModels\MainWindowFixturesViewModel.cs(331,1): warning SA1507: Code should not contain multiple blank lines in a row (https://github.com/DotNetAnalyzers/StyleCopAnalyzers/blob/master/documentation/SA1507.md) [C:\Users\siebe\Documents\GitHub\Interdisciplinair-Project\InterdisciplinairProject\InterdisciplinairProject_n5o14qfd_wpftmp.csproj]
C:\Users\siebe\Documents\GitHub\Interdisciplinair-Project\InterdisciplinairProject\Fixtures\ViewModels\MainWindowFixturesViewModel.cs(98,14): warning SA1513: Closing brace should be followed by blank line (https://github.com/DotNetAnalyzers/StyleCopAnalyzers/blob/master/documentation/SA1513.md) [C:\Users\siebe\Documents\GitHub\Interdisciplinair-Project\InterdisciplinairProject\InterdisciplinairProject_n5o14qfd_wpftmp.csproj]
C:\Users\siebe\Documents\GitHub\Interdisciplinair-Project\InterdisciplinairProject\Fixtures\ViewModels\MainWindowFixturesViewModel.cs(108,10): warning SA1513: Closing brace should be followed by blank line (https://github.com/DotNetAnalyzers/StyleCopAnalyzers/blob/master/documentation/SA1513.md) [C:\Users\siebe\Documents\GitHub\Interdisciplinair-Project\InterdisciplinairProject\InterdisciplinairProject_n5o14qfd_wpftmp.csproj]
C:\Users\siebe\Documents\GitHub\Interdisciplinair-Project\InterdisciplinairProject\Fixtures\ViewModels\MainWindowFixturesViewModel.cs(20,9): warning SA1515: Single-line comment should be preceded by blank line (https://github.com/DotNetAnalyzers/StyleCopAnalyzers/blob/master/documentation/SA1515.md) [C:\Users\siebe\Documents\GitHub\Interdisciplinair-Project\InterdisciplinairProject\InterdisciplinairProject_n5o14qfd_wpftmp.csproj]
C:\Users\siebe\Documents\GitHub\Interdisciplinair-Project\InterdisciplinairProject\Fixtures\ViewModels\MainWindowFixturesViewModel.cs(49,9): warning SA1515: Single-line comment should be preceded by blank line (https://github.com/DotNetAnalyzers/StyleCopAnalyzers/blob/master/documentation/SA1515.md) [C:\Users\siebe\Documents\GitHub\Interdisciplinair-Project\InterdisciplinairProject\InterdisciplinairProject_n5o14qfd_wpftmp.csproj]
C:\Users\siebe\Documents\GitHub\Interdisciplinair-Project\InterdisciplinairProject\Fixtures\ViewModels\MainWindowFixturesViewModel.cs(58,13): warning SA1515: Single-line comment should be preceded by blank line (https://github.com/DotNetAnalyzers/StyleCopAnalyzers/blob/master/documentation/SA1515.md) [C:\Users\siebe\Documents\GitHub\Interdisciplinair-Project\InterdisciplinairProject\InterdisciplinairProject_n5o14qfd_wpftmp.csproj]
C:\Users\siebe\Documents\GitHub\Interdisciplinair-Project\InterdisciplinairProject\Fixtures\ViewModels\MainWindowFixturesViewModel.cs(96,17): warning SA1515: Single-line comment should be preceded by blank line (https://github.com/DotNetAnalyzers/StyleCopAnalyzers/blob/master/documentation/SA1515.md) [C:\Users\siebe\Documents\GitHub\Interdisciplinair-Project\InterdisciplinairProject\InterdisciplinairProject_n5o14qfd_wpftmp.csproj]
C:\Users\siebe\Documents\GitHub\Interdisciplinair-Project\InterdisciplinairProject\Fixtures\ViewModels\MainWindowFixturesViewModel.cs(117,17): warning SA1515: Single-line comment should be preceded by blank line (https://github.com/DotNetAnalyzers/StyleCopAnalyzers/blob/master/documentation/SA1515.md) [C:\Users\siebe\Documents\GitHub\Interdisciplinair-Project\InterdisciplinairProject\InterdisciplinairProject_n5o14qfd_wpftmp.csproj]
C:\Users\siebe\Documents\GitHub\Interdisciplinair-Project\InterdisciplinairProject\Fixtures\ViewModels\MainWindowFixturesViewModel.cs(117,17): warning SA1005: Single line comment should begin with a space (https://github.com/DotNetAnalyzers/StyleCopAnalyzers/blob/master/documentation/SA1005.md) [C:\Users\siebe\Documents\GitHub\Interdisciplinair-Project\InterdisciplinairProject\InterdisciplinairProject_n5o14qfd_wpftmp.csproj]
C:\Users\siebe\Documents\GitHub\Interdisciplinair-Project\InterdisciplinairProject\Fixtures\ViewModels\MainWindowFixturesViewModel.cs(118,17): warning SA1005: Single line comment should begin with a space (https://github.com/DotNetAnalyzers/StyleCopAnalyzers/blob/master/documentation/SA1005.md) [C:\Users\siebe\Documents\GitHub\Interdisciplinair-Project\InterdisciplinairProject\InterdisciplinairProject_n5o14qfd_wpftmp.csproj]
C:\Users\siebe\Documents\GitHub\Interdisciplinair-Project\InterdisciplinairProject\Fixtures\ViewModels\MainWindowFixturesViewModel.cs(119,17): warning SA1005: Single line comment should begin with a space (https://github.com/DotNetAnalyzers/StyleCopAnalyzers/blob/master/documentation/SA1005.md) [C:\Users\siebe\Documents\GitHub\Interdisciplinair-Project\InterdisciplinairProject\InterdisciplinairProject_n5o14qfd_wpftmp.csproj]
C:\Users\siebe\Documents\GitHub\Interdisciplinair-Project\InterdisciplinairProject\Fixtures\ViewModels\MainWindowFixturesViewModel.cs(122,17): warning SA1005: Single line comment should begin with a space (https://github.com/DotNetAnalyzers/StyleCopAnalyzers/blob/master/documentation/SA1005.md) [C:\Users\siebe\Documents\GitHub\Interdisciplinair-Project\InterdisciplinairProject\InterdisciplinairProject_n5o14qfd_wpftmp.csproj]
C:\Users\siebe\Documents\GitHub\Interdisciplinair-Project\InterdisciplinairProject\Fixtures\ViewModels\ManufacturerViewmodel.cs(128,1): warning SA1507: Code should not contain multiple blank lines in a row (https://github.com/DotNetAnalyzers/StyleCopAnalyzers/blob/master/documentation/SA1507.md) [C:\Users\siebe\Documents\GitHub\Interdisciplinair-Project\InterdisciplinairProject\InterdisciplinairProject_n5o14qfd_wpftmp.csproj]
C:\Users\siebe\Documents\GitHub\Interdisciplinair-Project\InterdisciplinairProject\Fixtures\ViewModels\ManufacturerViewmodel.cs(258,14): warning SA1513: Closing brace should be followed by blank line (https://github.com/DotNetAnalyzers/StyleCopAnalyzers/blob/master/documentation/SA1513.md) [C:\Users\siebe\Documents\GitHub\Interdisciplinair-Project\InterdisciplinairProject\InterdisciplinairProject_n5o14qfd_wpftmp.csproj]
C:\Users\siebe\Documents\GitHub\Interdisciplinair-Project\InterdisciplinairProject\Fixtures\ViewModels\ManufacturerViewmodel.cs(267,14): warning SA1513: Closing brace should be followed by blank line (https://github.com/DotNetAnalyzers/StyleCopAnalyzers/blob/master/documentation/SA1513.md) [C:\Users\siebe\Documents\GitHub\Interdisciplinair-Project\InterdisciplinairProject\InterdisciplinairProject_n5o14qfd_wpftmp.csproj]
C:\Users\siebe\Documents\GitHub\Interdisciplinair-Project\InterdisciplinairProject\Fixtures\ViewModels\ManufacturerViewmodel.cs(43,26): warning SA1402: File may only contain a single type (https://github.com/DotNetAnalyzers/StyleCopAnalyzers/blob/master/documentation/SA1402.md) [C:\Users\siebe\Documents\GitHub\Interdisciplinair-Project\InterdisciplinairProject\InterdisciplinairProject_n5o14qfd_wpftmp.csproj]
C:\Users\siebe\Documents\GitHub\Interdisciplinair-Project\InterdisciplinairProject\Fixtures\ViewModels\ManufacturerViewmodel.cs(51,9): warning SA1009: Closing parenthesis should not be preceded by a space (https://github.com/DotNetAnalyzers/StyleCopAnalyzers/blob/master/documentation/SA1009.md) [C:\Users\siebe\Documents\GitHub\Interdisciplinair-Project\InterdisciplinairProject\InterdisciplinairProject_n5o14qfd_wpftmp.csproj]
C:\Users\siebe\Documents\GitHub\Interdisciplinair-Project\InterdisciplinairProject\Fixtures\Views\FixtureCreateView.xaml.cs(18,1): warning SA1507: Code should not contain multiple blank lines in a row (https://github.com/DotNetAnalyzers/StyleCopAnalyzers/blob/master/documentation/SA1507.md) [C:\Users\siebe\Documents\GitHub\Interdisciplinair-Project\InterdisciplinairProject\InterdisciplinairProject_n5o14qfd_wpftmp.csproj]
C:\Users\siebe\Documents\GitHub\Interdisciplinair-Project\InterdisciplinairProject\Fixtures\Views\FixtureCreateView.xaml.cs(159,1): warning SA1507: Code should not contain multiple blank lines in a row (https://github.com/DotNetAnalyzers/StyleCopAnalyzers/blob/master/documentation/SA1507.md) [C:\Users\siebe\Documents\GitHub\Interdisciplinair-Project\InterdisciplinairProject\InterdisciplinairProject_n5o14qfd_wpftmp.csproj]
C:\Users\siebe\Documents\GitHub\Interdisciplinair-Project\InterdisciplinairProject\Fixtures\Views\FixtureCreateView.xaml.cs(74,18): warning SA1513: Closing brace should be followed by blank line (https://github.com/DotNetAnalyzers/StyleCopAnalyzers/blob/master/documentation/SA1513.md) [C:\Users\siebe\Documents\GitHub\Interdisciplinair-Project\InterdisciplinairProject\InterdisciplinairProject_n5o14qfd_wpftmp.csproj]
C:\Users\siebe\Documents\GitHub\Interdisciplinair-Project\InterdisciplinairProject\Fixtures\Views\FixtureCreateView.xaml.cs(16,41): warning SA1005: Single line comment should begin with a space (https://github.com/DotNetAnalyzers/StyleCopAnalyzers/blob/master/documentation/SA1005.md) [C:\Users\siebe\Documents\GitHub\Interdisciplinair-Project\InterdisciplinairProject\InterdisciplinairProject_n5o14qfd_wpftmp.csproj]
C:\Users\siebe\Documents\GitHub\Interdisciplinair-Project\InterdisciplinairProject\Fixtures\Views\FixtureCreateView.xaml.cs(96,68): warning SA1028: Code should not contain trailing whitespace (https://github.com/DotNetAnalyzers/StyleCopAnalyzers/blob/master/documentation/SA1028.md) [C:\Users\siebe\Documents\GitHub\Interdisciplinair-Project\InterdisciplinairProject\InterdisciplinairProject_n5o14qfd_wpftmp.csproj]
C:\Users\siebe\Documents\GitHub\Interdisciplinair-Project\InterdisciplinairProject\Fixtures\Views\FixtureCreateView.xaml.cs(158,66): warning SA1028: Code should not contain trailing whitespace (https://github.com/DotNetAnalyzers/StyleCopAnalyzers/blob/master/documentation/SA1028.md) [C:\Users\siebe\Documents\GitHub\Interdisciplinair-Project\InterdisciplinairProject\InterdisciplinairProject_n5o14qfd_wpftmp.csproj]
C:\Users\siebe\Documents\GitHub\Interdisciplinair-Project\InterdisciplinairProject\Fixtures\Views\FixtureListView.xaml.cs(23,10): warning SA1513: Closing brace should be followed by blank line (https://github.com/DotNetAnalyzers/StyleCopAnalyzers/blob/master/documentation/SA1513.md) [C:\Users\siebe\Documents\GitHub\Interdisciplinair-Project\InterdisciplinairProject\InterdisciplinairProject_n5o14qfd_wpftmp.csproj]
C:\Users\siebe\Documents\GitHub\Interdisciplinair-Project\InterdisciplinairProject\MainWindow.xaml.cs(45,6): warning SA1513: Closing brace should be followed by blank line (https://github.com/DotNetAnalyzers/StyleCopAnalyzers/blob/master/documentation/SA1513.md) [C:\Users\siebe\Documents\GitHub\Interdisciplinair-Project\InterdisciplinairProject\InterdisciplinairProject_n5o14qfd_wpftmp.csproj]
C:\Users\siebe\Documents\GitHub\Interdisciplinair-Project\InterdisciplinairProject\MainWindow.xaml.cs(57,17): warning SA1009: Closing parenthesis should not be preceded by a space (https://github.com/DotNetAnalyzers/StyleCopAnalyzers/blob/master/documentation/SA1009.md) [C:\Users\siebe\Documents\GitHub\Interdisciplinair-Project\InterdisciplinairProject\InterdisciplinairProject_n5o14qfd_wpftmp.csproj]
C:\Users\siebe\Documents\GitHub\Interdisciplinair-Project\InterdisciplinairProject\ViewModels\SceneControlViewModel.cs(144,13): warning SA1413: Use trailing comma in multi-line initializers (https://github.com/DotNetAnalyzers/StyleCopAnalyzers/blob/master/documentation/SA1413.md) [C:\Users\siebe\Documents\GitHub\Interdisciplinair-Project\InterdisciplinairProject\InterdisciplinairProject_n5o14qfd_wpftmp.csproj]
C:\Users\siebe\Documents\GitHub\Interdisciplinair-Project\InterdisciplinairProject\MainWindow.xaml.cs(48,47): warning SA1028: Code should not contain trailing whitespace (https://github.com/DotNetAnalyzers/StyleCopAnalyzers/blob/master/documentation/SA1028.md) [C:\Users\siebe\Documents\GitHub\Interdisciplinair-Project\InterdisciplinairProject\InterdisciplinairProject_n5o14qfd_wpftmp.csproj]
C:\Users\siebe\Documents\GitHub\Interdisciplinair-Project\InterdisciplinairProject\Fixtures\Views\FixtureListView.xaml.cs(29,17): warning SA1413: Use trailing comma in multi-line initializers (https://github.com/DotNetAnalyzers/StyleCopAnalyzers/blob/master/documentation/SA1413.md) [C:\Users\siebe\Documents\GitHub\Interdisciplinair-Project\InterdisciplinairProject\InterdisciplinairProject_n5o14qfd_wpftmp.csproj]
C:\Users\siebe\Documents\GitHub\Interdisciplinair-Project\InterdisciplinairProject\MainWindow.xaml.cs(48,46): warning SA1500: Braces for multi-line statements should not share line (https://github.com/DotNetAnalyzers/StyleCopAnalyzers/blob/master/documentation/SA1500.md) [C:\Users\siebe\Documents\GitHub\Interdisciplinair-Project\InterdisciplinairProject\InterdisciplinairProject_n5o14qfd_wpftmp.csproj]
C:\Users\siebe\Documents\GitHub\Interdisciplinair-Project\InterdisciplinairProject\MainWindow.xaml.cs(50,13): warning SA1505: An opening brace should not be followed by a blank line (https://github.com/DotNetAnalyzers/StyleCopAnalyzers/blob/master/documentation/SA1505.md) [C:\Users\siebe\Documents\GitHub\Interdisciplinair-Project\InterdisciplinairProject\InterdisciplinairProject_n5o14qfd_wpftmp.csproj]
C:\Users\siebe\Documents\GitHub\Interdisciplinair-Project\InterdisciplinairProject\MainWindow.xaml.cs(75,5): warning SA1508: A closing brace should not be preceded by a blank line (https://github.com/DotNetAnalyzers/StyleCopAnalyzers/blob/master/documentation/SA1508.md) [C:\Users\siebe\Documents\GitHub\Interdisciplinair-Project\InterdisciplinairProject\InterdisciplinairProject_n5o14qfd_wpftmp.csproj]
C:\Users\siebe\Documents\GitHub\Interdisciplinair-Project\InterdisciplinairProject\MainWindow.xaml.cs(63,17): warning SA1508: A closing brace should not be preceded by a blank line (https://github.com/DotNetAnalyzers/StyleCopAnalyzers/blob/master/documentation/SA1508.md) [C:\Users\siebe\Documents\GitHub\Interdisciplinair-Project\InterdisciplinairProject\InterdisciplinairProject_n5o14qfd_wpftmp.csproj]
C:\Users\siebe\Documents\GitHub\Interdisciplinair-Project\InterdisciplinairProject\MainWindow.xaml.cs(57,17): warning SA1111: Closing parenthesis should be on line of last parameter (https://github.com/DotNetAnalyzers/StyleCopAnalyzers/blob/master/documentation/SA1111.md) [C:\Users\siebe\Documents\GitHub\Interdisciplinair-Project\InterdisciplinairProject\InterdisciplinairProject_n5o14qfd_wpftmp.csproj]
C:\Users\siebe\Documents\GitHub\Interdisciplinair-Project\InterdisciplinairProject\ViewModels\SceneControlViewModel.cs(170,48): warning SA1501: Statement should not be on a single line (https://github.com/DotNetAnalyzers/StyleCopAnalyzers/blob/master/documentation/SA1501.md) [C:\Users\siebe\Documents\GitHub\Interdisciplinair-Project\InterdisciplinairProject\InterdisciplinairProject_n5o14qfd_wpftmp.csproj]
C:\Users\siebe\Documents\GitHub\Interdisciplinair-Project\InterdisciplinairProject\ViewModels\SceneControlViewModel.cs(222,35): warning SA1407: Arithmetic expressions should declare precedence (https://github.com/DotNetAnalyzers/StyleCopAnalyzers/blob/master/documentation/SA1407.md) [C:\Users\siebe\Documents\GitHub\Interdisciplinair-Project\InterdisciplinairProject\InterdisciplinairProject_n5o14qfd_wpftmp.csproj]
C:\Users\siebe\Documents\GitHub\Interdisciplinair-Project\InterdisciplinairProject\Fixtures\Views\FixtureCreateView.xaml.cs(80,65): warning SA1127: Generic type constraints should be on their own line (https://github.com/DotNetAnalyzers/StyleCopAnalyzers/blob/master/documentation/SA1127.md) [C:\Users\siebe\Documents\GitHub\Interdisciplinair-Project\InterdisciplinairProject\InterdisciplinairProject_n5o14qfd_wpftmp.csproj]
C:\Users\siebe\Documents\GitHub\Interdisciplinair-Project\InterdisciplinairProject\ViewModels\CreateShowViewModel.cs(23,21): warning SA1515: Single-line comment should be preceded by blank line (https://github.com/DotNetAnalyzers/StyleCopAnalyzers/blob/master/documentation/SA1515.md) [C:\Users\siebe\Documents\GitHub\Interdisciplinair-Project\InterdisciplinairProject\InterdisciplinairProject_n5o14qfd_wpftmp.csproj]
C:\Users\siebe\Documents\GitHub\Interdisciplinair-Project\InterdisciplinairProject\ViewModels\CreateShowViewModel.cs(63,9): warning SA1009: Closing parenthesis should not be preceded by a space (https://github.com/DotNetAnalyzers/StyleCopAnalyzers/blob/master/documentation/SA1009.md) [C:\Users\siebe\Documents\GitHub\Interdisciplinair-Project\InterdisciplinairProject\InterdisciplinairProject_n5o14qfd_wpftmp.csproj]
C:\Users\siebe\Documents\GitHub\Interdisciplinair-Project\InterdisciplinairProject\Fixtures\Converters\ManufacturerBoolToVisibilityConverter.cs(50,9): warning SA1505: An opening brace should not be followed by a blank line (https://github.com/DotNetAnalyzers/StyleCopAnalyzers/blob/master/documentation/SA1505.md) [C:\Users\siebe\Documents\GitHub\Interdisciplinair-Project\InterdisciplinairProject\InterdisciplinairProject_n5o14qfd_wpftmp.csproj]
C:\Users\siebe\Documents\GitHub\Interdisciplinair-Project\InterdisciplinairProject\Fixtures\Converters\ManufacturerBoolToVisibilityConverter.cs(53,13): warning SA1505: An opening brace should not be followed by a blank line (https://github.com/DotNetAnalyzers/StyleCopAnalyzers/blob/master/documentation/SA1505.md) [C:\Users\siebe\Documents\GitHub\Interdisciplinair-Project\InterdisciplinairProject\InterdisciplinairProject_n5o14qfd_wpftmp.csproj]
C:\Users\siebe\Documents\GitHub\Interdisciplinair-Project\InterdisciplinairProject\Fixtures\Converters\ManufacturerBoolToVisibilityConverter.cs(58,13): warning SA1505: An opening brace should not be followed by a blank line (https://github.com/DotNetAnalyzers/StyleCopAnalyzers/blob/master/documentation/SA1505.md) [C:\Users\siebe\Documents\GitHub\Interdisciplinair-Project\InterdisciplinairProject\InterdisciplinairProject_n5o14qfd_wpftmp.csproj]
C:\Users\siebe\Documents\GitHub\Interdisciplinair-Project\InterdisciplinairProject\ViewModels\SceneControlViewModel.cs(229,17): warning SA1515: Single-line comment should be preceded by blank line (https://github.com/DotNetAnalyzers/StyleCopAnalyzers/blob/master/documentation/SA1515.md) [C:\Users\siebe\Documents\GitHub\Interdisciplinair-Project\InterdisciplinairProject\InterdisciplinairProject_n5o14qfd_wpftmp.csproj]
C:\Users\siebe\Documents\GitHub\Interdisciplinair-Project\InterdisciplinairProject\Views\Scene\FixtureRegistryDialog.xaml.cs(99,21): warning SA1413: Use trailing comma in multi-line initializers (https://github.com/DotNetAnalyzers/StyleCopAnalyzers/blob/master/documentation/SA1413.md) [C:\Users\siebe\Documents\GitHub\Interdisciplinair-Project\InterdisciplinairProject\InterdisciplinairProject_n5o14qfd_wpftmp.csproj]
C:\Users\siebe\Documents\GitHub\Interdisciplinair-Project\InterdisciplinairProject\Views\Scene\FixtureRegistryDialog.xaml.cs(117,38): warning SA1116: The parameters should begin on the line after the declaration, whenever the parameter span across multiple lines (https://github.com/DotNetAnalyzers/StyleCopAnalyzers/blob/master/documentation/SA1116.md) [C:\Users\siebe\Documents\GitHub\Interdisciplinair-Project\InterdisciplinairProject\InterdisciplinairProject_n5o14qfd_wpftmp.csproj]
C:\Users\siebe\Documents\GitHub\Interdisciplinair-Project\InterdisciplinairProject\Fixtures\ViewModels\ChannelItem.cs(110,50): warning SA1501: Statement should not be on a single line (https://github.com/DotNetAnalyzers/StyleCopAnalyzers/blob/master/documentation/SA1501.md) [C:\Users\siebe\Documents\GitHub\Interdisciplinair-Project\InterdisciplinairProject\InterdisciplinairProject_n5o14qfd_wpftmp.csproj]
C:\Users\siebe\Documents\GitHub\Interdisciplinair-Project\InterdisciplinairProject\Fixtures\ViewModels\ChannelItem.cs(111,52): warning SA1501: Statement should not be on a single line (https://github.com/DotNetAnalyzers/StyleCopAnalyzers/blob/master/documentation/SA1501.md) [C:\Users\siebe\Documents\GitHub\Interdisciplinair-Project\InterdisciplinairProject\InterdisciplinairProject_n5o14qfd_wpftmp.csproj]
C:\Users\siebe\Documents\GitHub\Interdisciplinair-Project\InterdisciplinairProject\Fixtures\ViewModels\ChannelItem.cs(112,84): warning SA1501: Statement should not be on a single line (https://github.com/DotNetAnalyzers/StyleCopAnalyzers/blob/master/documentation/SA1501.md) [C:\Users\siebe\Documents\GitHub\Interdisciplinair-Project\InterdisciplinairProject\InterdisciplinairProject_n5o14qfd_wpftmp.csproj]
C:\Users\siebe\Documents\GitHub\Interdisciplinair-Project\InterdisciplinairProject\Fixtures\ViewModels\ChannelItem.cs(115,56): warning SA1501: Statement should not be on a single line (https://github.com/DotNetAnalyzers/StyleCopAnalyzers/blob/master/documentation/SA1501.md) [C:\Users\siebe\Documents\GitHub\Interdisciplinair-Project\InterdisciplinairProject\InterdisciplinairProject_n5o14qfd_wpftmp.csproj]
C:\Users\siebe\Documents\GitHub\Interdisciplinair-Project\InterdisciplinairProject\Fixtures\ViewModels\ChannelItem.cs(104,9): warning SA1505: An opening brace should not be followed by a blank line (https://github.com/DotNetAnalyzers/StyleCopAnalyzers/blob/master/documentation/SA1505.md) [C:\Users\siebe\Documents\GitHub\Interdisciplinair-Project\InterdisciplinairProject\InterdisciplinairProject_n5o14qfd_wpftmp.csproj]
C:\Users\siebe\Documents\GitHub\Interdisciplinair-Project\InterdisciplinairProject\Fixtures\ViewModels\ChannelItem.cs(110,92): warning SA1107: Code should not contain multiple statements on one line (https://github.com/DotNetAnalyzers/StyleCopAnalyzers/blob/master/documentation/SA1107.md) [C:\Users\siebe\Documents\GitHub\Interdisciplinair-Project\InterdisciplinairProject\InterdisciplinairProject_n5o14qfd_wpftmp.csproj]
C:\Users\siebe\Documents\GitHub\Interdisciplinair-Project\InterdisciplinairProject\Fixtures\ViewModels\ChannelItem.cs(111,112): warning SA1107: Code should not contain multiple statements on one line (https://github.com/DotNetAnalyzers/StyleCopAnalyzers/blob/master/documentation/SA1107.md) [C:\Users\siebe\Documents\GitHub\Interdisciplinair-Project\InterdisciplinairProject\InterdisciplinairProject_n5o14qfd_wpftmp.csproj]
C:\Users\siebe\Documents\GitHub\Interdisciplinair-Project\InterdisciplinairProject\Fixtures\ViewModels\ChannelItem.cs(112,141): warning SA1107: Code should not contain multiple statements on one line (https://github.com/DotNetAnalyzers/StyleCopAnalyzers/blob/master/documentation/SA1107.md) [C:\Users\siebe\Documents\GitHub\Interdisciplinair-Project\InterdisciplinairProject\InterdisciplinairProject_n5o14qfd_wpftmp.csproj]
C:\Users\siebe\Documents\GitHub\Interdisciplinair-Project\InterdisciplinairProject\Fixtures\ViewModels\ChannelItem.cs(115,103): warning SA1107: Code should not contain multiple statements on one line (https://github.com/DotNetAnalyzers/StyleCopAnalyzers/blob/master/documentation/SA1107.md) [C:\Users\siebe\Documents\GitHub\Interdisciplinair-Project\InterdisciplinairProject\InterdisciplinairProject_n5o14qfd_wpftmp.csproj]
C:\Users\siebe\Documents\GitHub\Interdisciplinair-Project\InterdisciplinairProject\Fixtures\ViewModels\ChannelItem.cs(107,43): warning SA1122: Use string.Empty for empty strings (https://github.com/DotNetAnalyzers/StyleCopAnalyzers/blob/master/documentation/SA1122.md) [C:\Users\siebe\Documents\GitHub\Interdisciplinair-Project\InterdisciplinairProject\InterdisciplinairProject_n5o14qfd_wpftmp.csproj]
C:\Users\siebe\Documents\GitHub\Interdisciplinair-Project\InterdisciplinairProject\Views\Scene\FixtureRegistryDialog.xaml.cs(173,21): warning SA1413: Use trailing comma in multi-line initializers (https://github.com/DotNetAnalyzers/StyleCopAnalyzers/blob/master/documentation/SA1413.md) [C:\Users\siebe\Documents\GitHub\Interdisciplinair-Project\InterdisciplinairProject\InterdisciplinairProject_n5o14qfd_wpftmp.csproj]
C:\Users\siebe\Documents\GitHub\Interdisciplinair-Project\InterdisciplinairProject\Views\Scene\FixtureRegistryDialog.xaml.cs(188,25): warning SA1413: Use trailing comma in multi-line initializers (https://github.com/DotNetAnalyzers/StyleCopAnalyzers/blob/master/documentation/SA1413.md) [C:\Users\siebe\Documents\GitHub\Interdisciplinair-Project\InterdisciplinairProject\InterdisciplinairProject_n5o14qfd_wpftmp.csproj]
C:\Users\siebe\Documents\GitHub\Interdisciplinair-Project\InterdisciplinairProject\Views\Scene\FixtureRegistryDialog.xaml.cs(228,33): warning SA1413: Use trailing comma in multi-line initializers (https://github.com/DotNetAnalyzers/StyleCopAnalyzers/blob/master/documentation/SA1413.md) [C:\Users\siebe\Documents\GitHub\Interdisciplinair-Project\InterdisciplinairProject\InterdisciplinairProject_n5o14qfd_wpftmp.csproj]
C:\Users\siebe\Documents\GitHub\Interdisciplinair-Project\InterdisciplinairProject\Fixtures\Services\ManufacturerService.cs(44,17): warning SA1413: Use trailing comma in multi-line initializers (https://github.com/DotNetAnalyzers/StyleCopAnalyzers/blob/master/documentation/SA1413.md) [C:\Users\siebe\Documents\GitHub\Interdisciplinair-Project\InterdisciplinairProject\InterdisciplinairProject_n5o14qfd_wpftmp.csproj]
C:\Users\siebe\Documents\GitHub\Interdisciplinair-Project\InterdisciplinairProject\Fixtures\Services\TypeCatalogService.cs(45,9): warning SA1505: An opening brace should not be followed by a blank line (https://github.com/DotNetAnalyzers/StyleCopAnalyzers/blob/master/documentation/SA1505.md) [C:\Users\siebe\Documents\GitHub\Interdisciplinair-Project\InterdisciplinairProject\InterdisciplinairProject_n5o14qfd_wpftmp.csproj]
C:\Users\siebe\Documents\GitHub\Interdisciplinair-Project\InterdisciplinairProject\Fixtures\ViewModels\ManufacturerViewmodel.cs(121,33): warning SA1116: The parameters should begin on the line after the declaration, whenever the parameter span across multiple lines (https://github.com/DotNetAnalyzers/StyleCopAnalyzers/blob/master/documentation/SA1116.md) [C:\Users\siebe\Documents\GitHub\Interdisciplinair-Project\InterdisciplinairProject\InterdisciplinairProject_n5o14qfd_wpftmp.csproj]
C:\Users\siebe\Documents\GitHub\Interdisciplinair-Project\InterdisciplinairProject\Fixtures\ViewModels\ManufacturerViewmodel.cs(122,50): warning SA1117: The parameters should all be placed on the same line or each parameter should be placed on its own line (https://github.com/DotNetAnalyzers/StyleCopAnalyzers/blob/master/documentation/SA1117.md) [C:\Users\siebe\Documents\GitHub\Interdisciplinair-Project\InterdisciplinairProject\InterdisciplinairProject_n5o14qfd_wpftmp.csproj]
C:\Users\siebe\Documents\GitHub\Interdisciplinair-Project\InterdisciplinairProject\Fixtures\Services\TypeCatalogService.cs(70,35): warning SA1107: Code should not contain multiple statements on one line (https://github.com/DotNetAnalyzers/StyleCopAnalyzers/blob/master/documentation/SA1107.md) [C:\Users\siebe\Documents\GitHub\Interdisciplinair-Project\InterdisciplinairProject\InterdisciplinairProject_n5o14qfd_wpftmp.csproj]
C:\Users\siebe\Documents\GitHub\Interdisciplinair-Project\InterdisciplinairProject\Fixtures\ViewModels\ManufacturerViewmodel.cs(140,31): warning SA1501: Statement should not be on a single line (https://github.com/DotNetAnalyzers/StyleCopAnalyzers/blob/master/documentation/SA1501.md) [C:\Users\siebe\Documents\GitHub\Interdisciplinair-Project\InterdisciplinairProject\InterdisciplinairProject_n5o14qfd_wpftmp.csproj]
C:\Users\siebe\Documents\GitHub\Interdisciplinair-Project\InterdisciplinairProject\Fixtures\Services\TypeCatalogService.cs(90,21): warning SA1413: Use trailing comma in multi-line initializers (https://github.com/DotNetAnalyzers/StyleCopAnalyzers/blob/master/documentation/SA1413.md) [C:\Users\siebe\Documents\GitHub\Interdisciplinair-Project\InterdisciplinairProject\InterdisciplinairProject_n5o14qfd_wpftmp.csproj]
C:\Users\siebe\Documents\GitHub\Interdisciplinair-Project\InterdisciplinairProject\ViewModels\TimeLineViewModel.cs(72,52): warning SA1501: Statement should not be on a single line (https://github.com/DotNetAnalyzers/StyleCopAnalyzers/blob/master/documentation/SA1501.md) [C:\Users\siebe\Documents\GitHub\Interdisciplinair-Project\InterdisciplinairProject\InterdisciplinairProject_n5o14qfd_wpftmp.csproj]
C:\Users\siebe\Documents\GitHub\Interdisciplinair-Project\InterdisciplinairProject\ViewModels\TimeLineViewModel.cs(97,17): warning SA1413: Use trailing comma in multi-line initializers (https://github.com/DotNetAnalyzers/StyleCopAnalyzers/blob/master/documentation/SA1413.md) [C:\Users\siebe\Documents\GitHub\Interdisciplinair-Project\InterdisciplinairProject\InterdisciplinairProject_n5o14qfd_wpftmp.csproj]
C:\Users\siebe\Documents\GitHub\Interdisciplinair-Project\InterdisciplinairProject\ViewModels\ShowbuilderViewModel.cs(68,21): warning SA1413: Use trailing comma in multi-line initializers (https://github.com/DotNetAnalyzers/StyleCopAnalyzers/blob/master/documentation/SA1413.md) [C:\Users\siebe\Documents\GitHub\Interdisciplinair-Project\InterdisciplinairProject\InterdisciplinairProject_n5o14qfd_wpftmp.csproj]
C:\Users\siebe\Documents\GitHub\Interdisciplinair-Project\InterdisciplinairProject\ViewModels\ShowbuilderViewModel.cs(576,10): warning SA1513: Closing brace should be followed by blank line (https://github.com/DotNetAnalyzers/StyleCopAnalyzers/blob/master/documentation/SA1513.md) [C:\Users\siebe\Documents\GitHub\Interdisciplinair-Project\InterdisciplinairProject\InterdisciplinairProject_n5o14qfd_wpftmp.csproj]
C:\Users\siebe\Documents\GitHub\Interdisciplinair-Project\InterdisciplinairProject\ViewModels\ShowbuilderViewModel.cs(583,14): warning SA1513: Closing brace should be followed by blank line (https://github.com/DotNetAnalyzers/StyleCopAnalyzers/blob/master/documentation/SA1513.md) [C:\Users\siebe\Documents\GitHub\Interdisciplinair-Project\InterdisciplinairProject\InterdisciplinairProject_n5o14qfd_wpftmp.csproj]
C:\Users\siebe\Documents\GitHub\Interdisciplinair-Project\InterdisciplinairProject\ViewModels\ShowbuilderViewModel.cs(592,18): warning SA1513: Closing brace should be followed by blank line (https://github.com/DotNetAnalyzers/StyleCopAnalyzers/blob/master/documentation/SA1513.md) [C:\Users\siebe\Documents\GitHub\Interdisciplinair-Project\InterdisciplinairProject\InterdisciplinairProject_n5o14qfd_wpftmp.csproj]
C:\Users\siebe\Documents\GitHub\Interdisciplinair-Project\InterdisciplinairProject\Fixtures\ViewModels\FixtureContentViewModel.cs(102,23): warning SA1501: Statement should not be on a single line (https://github.com/DotNetAnalyzers/StyleCopAnalyzers/blob/master/documentation/SA1501.md) [C:\Users\siebe\Documents\GitHub\Interdisciplinair-Project\InterdisciplinairProject\InterdisciplinairProject_n5o14qfd_wpftmp.csproj]
C:\Users\siebe\Documents\GitHub\Interdisciplinair-Project\InterdisciplinairProject\ViewModels\ShowbuilderViewModel.cs(260,37): warning SA1005: Single line comment should begin with a space (https://github.com/DotNetAnalyzers/StyleCopAnalyzers/blob/master/documentation/SA1005.md) [C:\Users\siebe\Documents\GitHub\Interdisciplinair-Project\InterdisciplinairProject\InterdisciplinairProject_n5o14qfd_wpftmp.csproj]
C:\Users\siebe\Documents\GitHub\Interdisciplinair-Project\InterdisciplinairProject\ViewModels\ShowbuilderViewModel.cs(367,41): warning SA1005: Single line comment should begin with a space (https://github.com/DotNetAnalyzers/StyleCopAnalyzers/blob/master/documentation/SA1005.md) [C:\Users\siebe\Documents\GitHub\Interdisciplinair-Project\InterdisciplinairProject\InterdisciplinairProject_n5o14qfd_wpftmp.csproj]
C:\Users\siebe\Documents\GitHub\Interdisciplinair-Project\InterdisciplinairProject\ViewModels\ShowbuilderViewModel.cs(401,29): warning SA1005: Single line comment should begin with a space (https://github.com/DotNetAnalyzers/StyleCopAnalyzers/blob/master/documentation/SA1005.md) [C:\Users\siebe\Documents\GitHub\Interdisciplinair-Project\InterdisciplinairProject\InterdisciplinairProject_n5o14qfd_wpftmp.csproj]
C:\Users\siebe\Documents\GitHub\Interdisciplinair-Project\InterdisciplinairProject\ViewModels\ShowbuilderViewModel.cs(509,25): warning SA1005: Single line comment should begin with a space (https://github.com/DotNetAnalyzers/StyleCopAnalyzers/blob/master/documentation/SA1005.md) [C:\Users\siebe\Documents\GitHub\Interdisciplinair-Project\InterdisciplinairProject\InterdisciplinairProject_n5o14qfd_wpftmp.csproj]
C:\Users\siebe\Documents\GitHub\Interdisciplinair-Project\InterdisciplinairProject\Fixtures\ViewModels\FixtureContentViewModel.cs(108,21): warning SA1122: Use string.Empty for empty strings (https://github.com/DotNetAnalyzers/StyleCopAnalyzers/blob/master/documentation/SA1122.md) [C:\Users\siebe\Documents\GitHub\Interdisciplinair-Project\InterdisciplinairProject\InterdisciplinairProject_n5o14qfd_wpftmp.csproj]
C:\Users\siebe\Documents\GitHub\Interdisciplinair-Project\InterdisciplinairProject\Fixtures\ViewModels\FixtureCreateViewModel.cs(198,33): warning SA1116: The parameters should begin on the line after the declaration, whenever the parameter span across multiple lines (https://github.com/DotNetAnalyzers/StyleCopAnalyzers/blob/master/documentation/SA1116.md) [C:\Users\siebe\Documents\GitHub\Interdisciplinair-Project\InterdisciplinairProject\InterdisciplinairProject_n5o14qfd_wpftmp.csproj]
C:\Users\siebe\Documents\GitHub\Interdisciplinair-Project\InterdisciplinairProject\Fixtures\ViewModels\FixtureCreateViewModel.cs(205,33): warning SA1116: The parameters should begin on the line after the declaration, whenever the parameter span across multiple lines (https://github.com/DotNetAnalyzers/StyleCopAnalyzers/blob/master/documentation/SA1116.md) [C:\Users\siebe\Documents\GitHub\Interdisciplinair-Project\InterdisciplinairProject\InterdisciplinairProject_n5o14qfd_wpftmp.csproj]
C:\Users\siebe\Documents\GitHub\Interdisciplinair-Project\InterdisciplinairProject\Fixtures\ViewModels\FixtureCreateViewModel.cs(189,33): warning SA1117: The parameters should all be placed on the same line or each parameter should be placed on its own line (https://github.com/DotNetAnalyzers/StyleCopAnalyzers/blob/master/documentation/SA1117.md) [C:\Users\siebe\Documents\GitHub\Interdisciplinair-Project\InterdisciplinairProject\InterdisciplinairProject_n5o14qfd_wpftmp.csproj]
C:\Users\siebe\Documents\GitHub\Interdisciplinair-Project\InterdisciplinairProject\Fixtures\ViewModels\FixtureCreateViewModel.cs(199,43): warning SA1117: The parameters should all be placed on the same line or each parameter should be placed on its own line (https://github.com/DotNetAnalyzers/StyleCopAnalyzers/blob/master/documentation/SA1117.md) [C:\Users\siebe\Documents\GitHub\Interdisciplinair-Project\InterdisciplinairProject\InterdisciplinairProject_n5o14qfd_wpftmp.csproj]
C:\Users\siebe\Documents\GitHub\Interdisciplinair-Project\InterdisciplinairProject\Fixtures\ViewModels\FixtureCreateViewModel.cs(206,42): warning SA1117: The parameters should all be placed on the same line or each parameter should be placed on its own line (https://github.com/DotNetAnalyzers/StyleCopAnalyzers/blob/master/documentation/SA1117.md) [C:\Users\siebe\Documents\GitHub\Interdisciplinair-Project\InterdisciplinairProject\InterdisciplinairProject_n5o14qfd_wpftmp.csproj]
C:\Users\siebe\Documents\GitHub\Interdisciplinair-Project\InterdisciplinairProject\Fixtures\ViewModels\FixtureContentViewModel.cs(141,18): warning SA1108: Block statements should not contain embedded comments (https://github.com/DotNetAnalyzers/StyleCopAnalyzers/blob/master/documentation/SA1108.md) [C:\Users\siebe\Documents\GitHub\Interdisciplinair-Project\InterdisciplinairProject\InterdisciplinairProject_n5o14qfd_wpftmp.csproj]
C:\Users\siebe\Documents\GitHub\Interdisciplinair-Project\InterdisciplinairProject\Fixtures\ViewModels\FixtureContentViewModel.cs(173,18): warning SA1108: Block statements should not contain embedded comments (https://github.com/DotNetAnalyzers/StyleCopAnalyzers/blob/master/documentation/SA1108.md) [C:\Users\siebe\Documents\GitHub\Interdisciplinair-Project\InterdisciplinairProject\InterdisciplinairProject_n5o14qfd_wpftmp.csproj]
C:\Users\siebe\Documents\GitHub\Interdisciplinair-Project\InterdisciplinairProject\ViewModels\ShowbuilderViewModel.cs(107,29): warning SA1413: Use trailing comma in multi-line initializers (https://github.com/DotNetAnalyzers/StyleCopAnalyzers/blob/master/documentation/SA1413.md) [C:\Users\siebe\Documents\GitHub\Interdisciplinair-Project\InterdisciplinairProject\InterdisciplinairProject_n5o14qfd_wpftmp.csproj]
C:\Users\siebe\Documents\GitHub\Interdisciplinair-Project\InterdisciplinairProject\ViewModels\ShowbuilderViewModel.cs(113,33): warning SA1413: Use trailing comma in multi-line initializers (https://github.com/DotNetAnalyzers/StyleCopAnalyzers/blob/master/documentation/SA1413.md) [C:\Users\siebe\Documents\GitHub\Interdisciplinair-Project\InterdisciplinairProject\InterdisciplinairProject_n5o14qfd_wpftmp.csproj]
C:\Users\siebe\Documents\GitHub\Interdisciplinair-Project\InterdisciplinairProject\ViewModels\ShowbuilderViewModel.cs(144,13): warning MVVMTK0034: The field InterdisciplinairProject.ViewModels.ShowbuilderViewModel.selectedTimelineScene is annotated with [ObservableProperty] and should not be directly referenced (use the generated property instead) (https://aka.ms/mvvmtoolkit/errors/mvvmtk0034) [C:\Users\siebe\Documents\GitHub\Interdisciplinair-Project\InterdisciplinairProject\InterdisciplinairProject_n5o14qfd_wpftmp.csproj]
C:\Users\siebe\Documents\GitHub\Interdisciplinair-Project\InterdisciplinairProject\ViewModels\ShowbuilderViewModel.cs(128,21): warning SA1117: The parameters should all be placed on the same line or each parameter should be placed on its own line (https://github.com/DotNetAnalyzers/StyleCopAnalyzers/blob/master/documentation/SA1117.md) [C:\Users\siebe\Documents\GitHub\Interdisciplinair-Project\InterdisciplinairProject\InterdisciplinairProject_n5o14qfd_wpftmp.csproj]
C:\Users\siebe\Documents\GitHub\Interdisciplinair-Project\InterdisciplinairProject\Fixtures\ViewModels\FixtureCreateViewModel.cs(261,17): warning SA1413: Use trailing comma in multi-line initializers (https://github.com/DotNetAnalyzers/StyleCopAnalyzers/blob/master/documentation/SA1413.md) [C:\Users\siebe\Documents\GitHub\Interdisciplinair-Project\InterdisciplinairProject\InterdisciplinairProject_n5o14qfd_wpftmp.csproj]
C:\Users\siebe\Documents\GitHub\Interdisciplinair-Project\InterdisciplinairProject\ViewModels\ShowbuilderViewModel.cs(165,21): warning SA1413: Use trailing comma in multi-line initializers (https://github.com/DotNetAnalyzers/StyleCopAnalyzers/blob/master/documentation/SA1413.md) [C:\Users\siebe\Documents\GitHub\Interdisciplinair-Project\InterdisciplinairProject\InterdisciplinairProject_n5o14qfd_wpftmp.csproj]
C:\Users\siebe\Documents\GitHub\Interdisciplinair-Project\InterdisciplinairProject\ViewModels\ShowbuilderViewModel.cs(173,37): warning SA1116: The parameters should begin on the line after the declaration, whenever the parameter span across multiple lines (https://github.com/DotNetAnalyzers/StyleCopAnalyzers/blob/master/documentation/SA1116.md) [C:\Users\siebe\Documents\GitHub\Interdisciplinair-Project\InterdisciplinairProject\InterdisciplinairProject_n5o14qfd_wpftmp.csproj]
C:\Users\siebe\Documents\GitHub\Interdisciplinair-Project\InterdisciplinairProject\ViewModels\ShowbuilderViewModel.cs(174,36): warning SA1117: The parameters should all be placed on the same line or each parameter should be placed on its own line (https://github.com/DotNetAnalyzers/StyleCopAnalyzers/blob/master/documentation/SA1117.md) [C:\Users\siebe\Documents\GitHub\Interdisciplinair-Project\InterdisciplinairProject\InterdisciplinairProject_n5o14qfd_wpftmp.csproj]
C:\Users\siebe\Documents\GitHub\Interdisciplinair-Project\InterdisciplinairProject\ViewModels\ShowbuilderViewModel.cs(180,21): warning SA1117: The parameters should all be placed on the same line or each parameter should be placed on its own line (https://github.com/DotNetAnalyzers/StyleCopAnalyzers/blob/master/documentation/SA1117.md) [C:\Users\siebe\Documents\GitHub\Interdisciplinair-Project\InterdisciplinairProject\InterdisciplinairProject_n5o14qfd_wpftmp.csproj]
C:\Users\siebe\Documents\GitHub\Interdisciplinair-Project\InterdisciplinairProject\Fixtures\ViewModels\FixtureCreateViewModel.cs(255,13): warning SA1111: Closing parenthesis should be on line of last parameter (https://github.com/DotNetAnalyzers/StyleCopAnalyzers/blob/master/documentation/SA1111.md) [C:\Users\siebe\Documents\GitHub\Interdisciplinair-Project\InterdisciplinairProject\InterdisciplinairProject_n5o14qfd_wpftmp.csproj]
C:\Users\siebe\Documents\GitHub\Interdisciplinair-Project\InterdisciplinairProject\Fixtures\ViewModels\FixtureCreateViewModel.cs(223,33): warning SA1116: The parameters should begin on the line after the declaration, whenever the parameter span across multiple lines (https://github.com/DotNetAnalyzers/StyleCopAnalyzers/blob/master/documentation/SA1116.md) [C:\Users\siebe\Documents\GitHub\Interdisciplinair-Project\InterdisciplinairProject\InterdisciplinairProject_n5o14qfd_wpftmp.csproj]
C:\Users\siebe\Documents\GitHub\Interdisciplinair-Project\InterdisciplinairProject\Fixtures\ViewModels\FixtureCreateViewModel.cs(240,33): warning SA1116: The parameters should begin on the line after the declaration, whenever the parameter span across multiple lines (https://github.com/DotNetAnalyzers/StyleCopAnalyzers/blob/master/documentation/SA1116.md) [C:\Users\siebe\Documents\GitHub\Interdisciplinair-Project\InterdisciplinairProject\InterdisciplinairProject_n5o14qfd_wpftmp.csproj]
C:\Users\siebe\Documents\GitHub\Interdisciplinair-Project\InterdisciplinairProject\Fixtures\ViewModels\FixtureCreateViewModel.cs(279,33): warning SA1116: The parameters should begin on the line after the declaration, whenever the parameter span across multiple lines (https://github.com/DotNetAnalyzers/StyleCopAnalyzers/blob/master/documentation/SA1116.md) [C:\Users\siebe\Documents\GitHub\Interdisciplinair-Project\InterdisciplinairProject\InterdisciplinairProject_n5o14qfd_wpftmp.csproj]
C:\Users\siebe\Documents\GitHub\Interdisciplinair-Project\InterdisciplinairProject\Fixtures\ViewModels\FixtureCreateViewModel.cs(224,41): warning SA1117: The parameters should all be placed on the same line or each parameter should be placed on its own line (https://github.com/DotNetAnalyzers/StyleCopAnalyzers/blob/master/documentation/SA1117.md) [C:\Users\siebe\Documents\GitHub\Interdisciplinair-Project\InterdisciplinairProject\InterdisciplinairProject_n5o14qfd_wpftmp.csproj]
C:\Users\siebe\Documents\GitHub\Interdisciplinair-Project\InterdisciplinairProject\Fixtures\ViewModels\FixtureCreateViewModel.cs(241,29): warning SA1117: The parameters should all be placed on the same line or each parameter should be placed on its own line (https://github.com/DotNetAnalyzers/StyleCopAnalyzers/blob/master/documentation/SA1117.md) [C:\Users\siebe\Documents\GitHub\Interdisciplinair-Project\InterdisciplinairProject\InterdisciplinairProject_n5o14qfd_wpftmp.csproj]
C:\Users\siebe\Documents\GitHub\Interdisciplinair-Project\InterdisciplinairProject\Fixtures\ViewModels\FixtureCreateViewModel.cs(280,31): warning SA1117: The parameters should all be placed on the same line or each parameter should be placed on its own line (https://github.com/DotNetAnalyzers/StyleCopAnalyzers/blob/master/documentation/SA1117.md) [C:\Users\siebe\Documents\GitHub\Interdisciplinair-Project\InterdisciplinairProject\InterdisciplinairProject_n5o14qfd_wpftmp.csproj]
C:\Users\siebe\Documents\GitHub\Interdisciplinair-Project\InterdisciplinairProject\Fixtures\ViewModels\FixtureCreateViewModel.cs(291,21): warning SA1117: The parameters should all be placed on the same line or each parameter should be placed on its own line (https://github.com/DotNetAnalyzers/StyleCopAnalyzers/blob/master/documentation/SA1117.md) [C:\Users\siebe\Documents\GitHub\Interdisciplinair-Project\InterdisciplinairProject\InterdisciplinairProject_n5o14qfd_wpftmp.csproj]
C:\Users\siebe\Documents\GitHub\Interdisciplinair-Project\InterdisciplinairProject\ViewModels\ShowbuilderViewModel.cs(199,33): warning SA1116: The parameters should begin on the line after the declaration, whenever the parameter span across multiple lines (https://github.com/DotNetAnalyzers/StyleCopAnalyzers/blob/master/documentation/SA1116.md) [C:\Users\siebe\Documents\GitHub\Interdisciplinair-Project\InterdisciplinairProject\InterdisciplinairProject_n5o14qfd_wpftmp.csproj]
C:\Users\siebe\Documents\GitHub\Interdisciplinair-Project\InterdisciplinairProject\ViewModels\ShowbuilderViewModel.cs(200,29): warning SA1117: The parameters should all be placed on the same line or each parameter should be placed on its own line (https://github.com/DotNetAnalyzers/StyleCopAnalyzers/blob/master/documentation/SA1117.md) [C:\Users\siebe\Documents\GitHub\Interdisciplinair-Project\InterdisciplinairProject\InterdisciplinairProject_n5o14qfd_wpftmp.csproj]
C:\Users\siebe\Documents\GitHub\Interdisciplinair-Project\InterdisciplinairProject\ViewModels\ShowbuilderViewModel.cs(205,21): warning SA1117: The parameters should all be placed on the same line or each parameter should be placed on its own line (https://github.com/DotNetAnalyzers/StyleCopAnalyzers/blob/master/documentation/SA1117.md) [C:\Users\siebe\Documents\GitHub\Interdisciplinair-Project\InterdisciplinairProject\InterdisciplinairProject_n5o14qfd_wpftmp.csproj]
C:\Users\siebe\Documents\GitHub\Interdisciplinair-Project\InterdisciplinairProject\ViewModels\CreateShowViewModel.cs(63,9): warning SA1111: Closing parenthesis should be on line of last parameter (https://github.com/DotNetAnalyzers/StyleCopAnalyzers/blob/master/documentation/SA1111.md) [C:\Users\siebe\Documents\GitHub\Interdisciplinair-Project\InterdisciplinairProject\InterdisciplinairProject_n5o14qfd_wpftmp.csproj]
C:\Users\siebe\Documents\GitHub\Interdisciplinair-Project\InterdisciplinairProject\ViewModels\ShowbuilderViewModel.cs(219,21): warning SA1413: Use trailing comma in multi-line initializers (https://github.com/DotNetAnalyzers/StyleCopAnalyzers/blob/master/documentation/SA1413.md) [C:\Users\siebe\Documents\GitHub\Interdisciplinair-Project\InterdisciplinairProject\InterdisciplinairProject_n5o14qfd_wpftmp.csproj]
C:\Users\siebe\Documents\GitHub\Interdisciplinair-Project\InterdisciplinairProject\ViewModels\ShowbuilderViewModel.cs(293,17): warning SA1413: Use trailing comma in multi-line initializers (https://github.com/DotNetAnalyzers/StyleCopAnalyzers/blob/master/documentation/SA1413.md) [C:\Users\siebe\Documents\GitHub\Interdisciplinair-Project\InterdisciplinairProject\InterdisciplinairProject_n5o14qfd_wpftmp.csproj]
C:\Users\siebe\Documents\GitHub\Interdisciplinair-Project\InterdisciplinairProject\Fixtures\ViewModels\FixtureListViewModel.cs(149,21): warning SA1413: Use trailing comma in multi-line initializers (https://github.com/DotNetAnalyzers/StyleCopAnalyzers/blob/master/documentation/SA1413.md) [C:\Users\siebe\Documents\GitHub\Interdisciplinair-Project\InterdisciplinairProject\InterdisciplinairProject_n5o14qfd_wpftmp.csproj]
C:\Users\siebe\Documents\GitHub\Interdisciplinair-Project\InterdisciplinairProject\Fixtures\ViewModels\FixtureListViewModel.cs(168,18): warning SA1108: Block statements should not contain embedded comments (https://github.com/DotNetAnalyzers/StyleCopAnalyzers/blob/master/documentation/SA1108.md) [C:\Users\siebe\Documents\GitHub\Interdisciplinair-Project\InterdisciplinairProject\InterdisciplinairProject_n5o14qfd_wpftmp.csproj]
C:\Users\siebe\Documents\GitHub\Interdisciplinair-Project\InterdisciplinairProject\Fixtures\ViewModels\FixtureListViewModel.cs(175,51): warning SA1122: Use string.Empty for empty strings (https://github.com/DotNetAnalyzers/StyleCopAnalyzers/blob/master/documentation/SA1122.md) [C:\Users\siebe\Documents\GitHub\Interdisciplinair-Project\InterdisciplinairProject\InterdisciplinairProject_n5o14qfd_wpftmp.csproj]
C:\Users\siebe\Documents\GitHub\Interdisciplinair-Project\InterdisciplinairProject\ViewModels\ShowbuilderViewModel.cs(254,1): warning SA1028: Code should not contain trailing whitespace (https://github.com/DotNetAnalyzers/StyleCopAnalyzers/blob/master/documentation/SA1028.md) [C:\Users\siebe\Documents\GitHub\Interdisciplinair-Project\InterdisciplinairProject\InterdisciplinairProject_n5o14qfd_wpftmp.csproj]
C:\Users\siebe\Documents\GitHub\Interdisciplinair-Project\InterdisciplinairProject\ViewModels\ShowbuilderViewModel.cs(263,1): warning SA1028: Code should not contain trailing whitespace (https://github.com/DotNetAnalyzers/StyleCopAnalyzers/blob/master/documentation/SA1028.md) [C:\Users\siebe\Documents\GitHub\Interdisciplinair-Project\InterdisciplinairProject\InterdisciplinairProject_n5o14qfd_wpftmp.csproj]
C:\Users\siebe\Documents\GitHub\Interdisciplinair-Project\InterdisciplinairProject\ViewModels\ShowbuilderViewModel.cs(369,1): warning SA1028: Code should not contain trailing whitespace (https://github.com/DotNetAnalyzers/StyleCopAnalyzers/blob/master/documentation/SA1028.md) [C:\Users\siebe\Documents\GitHub\Interdisciplinair-Project\InterdisciplinairProject\InterdisciplinairProject_n5o14qfd_wpftmp.csproj]
C:\Users\siebe\Documents\GitHub\Interdisciplinair-Project\InterdisciplinairProject\ViewModels\ShowbuilderViewModel.cs(403,1): warning SA1028: Code should not contain trailing whitespace (https://github.com/DotNetAnalyzers/StyleCopAnalyzers/blob/master/documentation/SA1028.md) [C:\Users\siebe\Documents\GitHub\Interdisciplinair-Project\InterdisciplinairProject\InterdisciplinairProject_n5o14qfd_wpftmp.csproj]
C:\Users\siebe\Documents\GitHub\Interdisciplinair-Project\InterdisciplinairProject\ViewModels\ShowbuilderViewModel.cs(511,1): warning SA1028: Code should not contain trailing whitespace (https://github.com/DotNetAnalyzers/StyleCopAnalyzers/blob/master/documentation/SA1028.md) [C:\Users\siebe\Documents\GitHub\Interdisciplinair-Project\InterdisciplinairProject\InterdisciplinairProject_n5o14qfd_wpftmp.csproj]
C:\Users\siebe\Documents\GitHub\Interdisciplinair-Project\InterdisciplinairProject\ViewModels\TimeLineViewModel.cs(18,1): warning SA1507: Code should not contain multiple blank lines in a row (https://github.com/DotNetAnalyzers/StyleCopAnalyzers/blob/master/documentation/SA1507.md) [C:\Users\siebe\Documents\GitHub\Interdisciplinair-Project\InterdisciplinairProject\InterdisciplinairProject_n5o14qfd_wpftmp.csproj]
C:\Users\siebe\Documents\GitHub\Interdisciplinair-Project\InterdisciplinairProject\Fixtures\ViewModels\ManufacturerGroup.cs(40,17): warning SA1519: Braces should not be omitted from multi-line child statement (https://github.com/DotNetAnalyzers/StyleCopAnalyzers/blob/master/documentation/SA1519.md) [C:\Users\siebe\Documents\GitHub\Interdisciplinair-Project\InterdisciplinairProject\InterdisciplinairProject_n5o14qfd_wpftmp.csproj]
C:\Users\siebe\Documents\GitHub\Interdisciplinair-Project\InterdisciplinairProject\Views\FixtureSelectionDialog.xaml.cs(20,1): warning SA1028: Code should not contain trailing whitespace (https://github.com/DotNetAnalyzers/StyleCopAnalyzers/blob/master/documentation/SA1028.md) [C:\Users\siebe\Documents\GitHub\Interdisciplinair-Project\InterdisciplinairProject\InterdisciplinairProject_n5o14qfd_wpftmp.csproj]
C:\Users\siebe\Documents\GitHub\Interdisciplinair-Project\InterdisciplinairProject\Views\SceneControl.xaml.cs(89,14): warning SA1513: Closing brace should be followed by blank line (https://github.com/DotNetAnalyzers/StyleCopAnalyzers/blob/master/documentation/SA1513.md) [C:\Users\siebe\Documents\GitHub\Interdisciplinair-Project\InterdisciplinairProject\InterdisciplinairProject_n5o14qfd_wpftmp.csproj]
C:\Users\siebe\Documents\GitHub\Interdisciplinair-Project\InterdisciplinairProject\Views\Scene\FixtureRegistryDialog.xaml.cs(308,1): warning SA1507: Code should not contain multiple blank lines in a row (https://github.com/DotNetAnalyzers/StyleCopAnalyzers/blob/master/documentation/SA1507.md) [C:\Users\siebe\Documents\GitHub\Interdisciplinair-Project\InterdisciplinairProject\InterdisciplinairProject_n5o14qfd_wpftmp.csproj]
C:\Users\siebe\Documents\GitHub\Interdisciplinair-Project\InterdisciplinairProject\Views\Scene\FixtureRegistryDialog.xaml.cs(135,14): warning SA1513: Closing brace should be followed by blank line (https://github.com/DotNetAnalyzers/StyleCopAnalyzers/blob/master/documentation/SA1513.md) [C:\Users\siebe\Documents\GitHub\Interdisciplinair-Project\InterdisciplinairProject\InterdisciplinairProject_n5o14qfd_wpftmp.csproj]
C:\Users\siebe\Documents\GitHub\Interdisciplinair-Project\InterdisciplinairProject\Views\Scene\FixtureRegistryDialog.xaml.cs(374,18): warning SA1513: Closing brace should be followed by blank line (https://github.com/DotNetAnalyzers/StyleCopAnalyzers/blob/master/documentation/SA1513.md) [C:\Users\siebe\Documents\GitHub\Interdisciplinair-Project\InterdisciplinairProject\InterdisciplinairProject_n5o14qfd_wpftmp.csproj]
C:\Users\siebe\Documents\GitHub\Interdisciplinair-Project\InterdisciplinairProject\Views\Scene\FixtureRegistryDialog.xaml.cs(136,13): warning SA1515: Single-line comment should be preceded by blank line (https://github.com/DotNetAnalyzers/StyleCopAnalyzers/blob/master/documentation/SA1515.md) [C:\Users\siebe\Documents\GitHub\Interdisciplinair-Project\InterdisciplinairProject\InterdisciplinairProject_n5o14qfd_wpftmp.csproj]
C:\Users\siebe\Documents\GitHub\Interdisciplinair-Project\InterdisciplinairProject\Views\Scene\FixtureRegistryDialog.xaml.cs(305,17): warning SA1515: Single-line comment should be preceded by blank line (https://github.com/DotNetAnalyzers/StyleCopAnalyzers/blob/master/documentation/SA1515.md) [C:\Users\siebe\Documents\GitHub\Interdisciplinair-Project\InterdisciplinairProject\InterdisciplinairProject_n5o14qfd_wpftmp.csproj]
C:\Users\siebe\Documents\GitHub\Interdisciplinair-Project\InterdisciplinairProject\ViewModels\ShowbuilderViewModel.cs(436,23): warning SA1501: Statement should not be on a single line (https://github.com/DotNetAnalyzers/StyleCopAnalyzers/blob/master/documentation/SA1501.md) [C:\Users\siebe\Documents\GitHub\Interdisciplinair-Project\InterdisciplinairProject\InterdisciplinairProject_n5o14qfd_wpftmp.csproj]
C:\Users\siebe\Documents\GitHub\Interdisciplinair-Project\InterdisciplinairProject\Views\Scene\FixtureRegistryDialog.xaml.cs(415,9): warning SA1005: Single line comment should begin with a space (https://github.com/DotNetAnalyzers/StyleCopAnalyzers/blob/master/documentation/SA1005.md) [C:\Users\siebe\Documents\GitHub\Interdisciplinair-Project\InterdisciplinairProject\InterdisciplinairProject_n5o14qfd_wpftmp.csproj]
C:\Users\siebe\Documents\GitHub\Interdisciplinair-Project\InterdisciplinairProject\ViewModels\ShowbuilderViewModel.cs(471,39): warning SA1407: Arithmetic expressions should declare precedence (https://github.com/DotNetAnalyzers/StyleCopAnalyzers/blob/master/documentation/SA1407.md) [C:\Users\siebe\Documents\GitHub\Interdisciplinair-Project\InterdisciplinairProject\InterdisciplinairProject_n5o14qfd_wpftmp.csproj]
C:\Users\siebe\Documents\GitHub\Interdisciplinair-Project\InterdisciplinairProject\ViewModels\ShowbuilderViewModel.cs(548,48): warning SA1501: Statement should not be on a single line (https://github.com/DotNetAnalyzers/StyleCopAnalyzers/blob/master/documentation/SA1501.md) [C:\Users\siebe\Documents\GitHub\Interdisciplinair-Project\InterdisciplinairProject\InterdisciplinairProject_n5o14qfd_wpftmp.csproj]
C:\Users\siebe\Documents\GitHub\Interdisciplinair-Project\InterdisciplinairProject\ViewModels\ShowbuilderViewModel.cs(595,48): warning SA1501: Statement should not be on a single line (https://github.com/DotNetAnalyzers/StyleCopAnalyzers/blob/master/documentation/SA1501.md) [C:\Users\siebe\Documents\GitHub\Interdisciplinair-Project\InterdisciplinairProject\InterdisciplinairProject_n5o14qfd_wpftmp.csproj]
C:\Users\siebe\Documents\GitHub\Interdisciplinair-Project\InterdisciplinairProject\ViewModels\ShowbuilderViewModel.cs(580,16): warning MVVMTK0034: The field InterdisciplinairProject.ViewModels.ShowbuilderViewModel.selectedScene is annotated with [ObservableProperty] and should not be directly referenced (use the generated property instead) (https://aka.ms/mvvmtoolkit/errors/mvvmtk0034) [C:\Users\siebe\Documents\GitHub\Interdisciplinair-Project\InterdisciplinairProject\InterdisciplinairProject_n5o14qfd_wpftmp.csproj]
C:\Users\siebe\Documents\GitHub\Interdisciplinair-Project\InterdisciplinairProject\ViewModels\ShowbuilderViewModel.cs(587,35): warning MVVMTK0034: The field InterdisciplinairProject.ViewModels.ShowbuilderViewModel.selectedScene is annotated with [ObservableProperty] and should not be directly referenced (use the generated property instead) (https://aka.ms/mvvmtoolkit/errors/mvvmtk0034) [C:\Users\siebe\Documents\GitHub\Interdisciplinair-Project\InterdisciplinairProject\InterdisciplinairProject_n5o14qfd_wpftmp.csproj]
C:\Users\siebe\Documents\GitHub\Interdisciplinair-Project\InterdisciplinairProject\Views\Scene\FixtureSettingsView.xaml.cs(35,13): warning SA1512: Single-line comments should not be followed by blank line (https://github.com/DotNetAnalyzers/StyleCopAnalyzers/blob/master/documentation/SA1512.md) [C:\Users\siebe\Documents\GitHub\Interdisciplinair-Project\InterdisciplinairProject\InterdisciplinairProject_n5o14qfd_wpftmp.csproj]
C:\Users\siebe\Documents\GitHub\Interdisciplinair-Project\InterdisciplinairProject\Views\TimelineScene.xaml.cs(18,10): warning SA1513: Closing brace should be followed by blank line (https://github.com/DotNetAnalyzers/StyleCopAnalyzers/blob/master/documentation/SA1513.md) [C:\Users\siebe\Documents\GitHub\Interdisciplinair-Project\InterdisciplinairProject\InterdisciplinairProject_n5o14qfd_wpftmp.csproj]
C:\Users\siebe\Documents\GitHub\Interdisciplinair-Project\InterdisciplinairProject\Views\TimelineScene.xaml.cs(40,14): warning SA1513: Closing brace should be followed by blank line (https://github.com/DotNetAnalyzers/StyleCopAnalyzers/blob/master/documentation/SA1513.md) [C:\Users\siebe\Documents\GitHub\Interdisciplinair-Project\InterdisciplinairProject\InterdisciplinairProject_n5o14qfd_wpftmp.csproj]
CSC : warning SA0001: XML comment analysis is disabled due to project configuration (https://github.com/DotNetAnalyzers/StyleCopAnalyzers/blob/master/documentation/SA0001.md) [C:\Users\siebe\Documents\GitHub\Interdisciplinair-Project\InterdisciplinairProject\InterdisciplinairProject_n5o14qfd_wpftmp.csproj]
C:\Users\siebe\Documents\GitHub\Interdisciplinair-Project\InterdisciplinairProject\ViewModels\SceneControlViewModel.cs(140,26): error CS7036: There is no argument given that corresponds to the required parameter 'scene' of 'SceneSettingsWindow.SceneSettingsWindow(Scene)' [C:\Users\siebe\Documents\GitHub\Interdisciplinair-Project\InterdisciplinairProject\InterdisciplinairProject_n5o14qfd_wpftmp.csproj]
C:\Users\siebe\Documents\GitHub\Interdisciplinair-Project\InterdisciplinairProject\ViewModels\TimeLineViewModel.cs(94,30): error CS7036: There is no argument given that corresponds to the required parameter 'scene' of 'SceneSettingsWindow.SceneSettingsWindow(Scene)' [C:\Users\siebe\Documents\GitHub\Interdisciplinair-Project\InterdisciplinairProject\InterdisciplinairProject_n5o14qfd_wpftmp.csproj]
    422 Warning(s)
    2 Error(s)

Time Elapsed 00:00:05.79
